Archive member included to satisfy reference by file (symbol)

/home/danielcrovo/intelFPGA_lite/21.1/nios2eds/bin/gnu/H-x86_64-pc-linux-gnu/bin/../lib/gcc/nios2-elf/11.2.1/mno-hw-mul/libgcc.a(lib2-mul.o)
                              obj/default/hello_world.o (__mulsi3)
../nios2_p3_bsp//libhal_bsp.a(alt_load.o)
                              ../nios2_p3_bsp//obj/HAL/src/crt0.o (alt_load)
../nios2_p3_bsp//libhal_bsp.a(alt_main.o)
                              ../nios2_p3_bsp//obj/HAL/src/crt0.o (alt_main)
../nios2_p3_bsp//libhal_bsp.a(alt_usleep.o)
                              obj/default/hello_world.o (usleep)
../nios2_p3_bsp//libhal_bsp.a(alt_sys_init.o)
                              ../nios2_p3_bsp//libhal_bsp.a(alt_main.o) (alt_irq_init)
../nios2_p3_bsp//libhal_bsp.a(alt_busy_sleep.o)
                              ../nios2_p3_bsp//libhal_bsp.a(alt_usleep.o) (alt_busy_sleep)
../nios2_p3_bsp//libhal_bsp.a(alt_close.o)
                              ../nios2_p3_bsp//libhal_bsp.a(alt_main.o) (close)
../nios2_p3_bsp//libhal_bsp.a(alt_dcache_flush_all.o)
                              ../nios2_p3_bsp//libhal_bsp.a(alt_load.o) (alt_dcache_flush_all)
../nios2_p3_bsp//libhal_bsp.a(alt_dev.o)
                              ../nios2_p3_bsp//libhal_bsp.a(alt_close.o) (alt_fd_list)
../nios2_p3_bsp//libhal_bsp.a(alt_do_ctors.o)
                              ../nios2_p3_bsp//libhal_bsp.a(alt_main.o) (_do_ctors)
../nios2_p3_bsp//libhal_bsp.a(alt_do_dtors.o)
                              ../nios2_p3_bsp//libhal_bsp.a(alt_main.o) (_do_dtors)
../nios2_p3_bsp//libhal_bsp.a(alt_errno.o)
                              ../nios2_p3_bsp//libhal_bsp.a(alt_close.o) (alt_errno)
../nios2_p3_bsp//libhal_bsp.a(alt_icache_flush_all.o)
                              ../nios2_p3_bsp//libhal_bsp.a(alt_load.o) (alt_icache_flush_all)
../nios2_p3_bsp//libhal_bsp.a(alt_release_fd.o)
                              ../nios2_p3_bsp//libhal_bsp.a(alt_close.o) (alt_release_fd)
../nios2_p3_bsp//libhal_bsp.a(altera_nios2_gen2_irq.o)
                              ../nios2_p3_bsp//libhal_bsp.a(alt_sys_init.o) (altera_nios2_gen2_irq_init)
/home/danielcrovo/intelFPGA_lite/21.1/nios2eds/bin/gnu/H-x86_64-pc-linux-gnu/bin/../lib/gcc/nios2-elf/11.2.1/../../../../../H-x86_64-pc-linux-gnu/nios2-elf/lib/mno-hw-mul/libc.a(lib_a-atexit.o)
                              ../nios2_p3_bsp//libhal_bsp.a(alt_main.o) (atexit)
/home/danielcrovo/intelFPGA_lite/21.1/nios2eds/bin/gnu/H-x86_64-pc-linux-gnu/bin/../lib/gcc/nios2-elf/11.2.1/../../../../../H-x86_64-pc-linux-gnu/nios2-elf/lib/mno-hw-mul/libc.a(lib_a-exit.o)
                              ../nios2_p3_bsp//libhal_bsp.a(alt_main.o) (exit)
/home/danielcrovo/intelFPGA_lite/21.1/nios2eds/bin/gnu/H-x86_64-pc-linux-gnu/bin/../lib/gcc/nios2-elf/11.2.1/../../../../../H-x86_64-pc-linux-gnu/nios2-elf/lib/mno-hw-mul/libc.a(lib_a-impure.o)
                              /home/danielcrovo/intelFPGA_lite/21.1/nios2eds/bin/gnu/H-x86_64-pc-linux-gnu/bin/../lib/gcc/nios2-elf/11.2.1/../../../../../H-x86_64-pc-linux-gnu/nios2-elf/lib/mno-hw-mul/libc.a(lib_a-exit.o) (_global_impure_ptr)
/home/danielcrovo/intelFPGA_lite/21.1/nios2eds/bin/gnu/H-x86_64-pc-linux-gnu/bin/../lib/gcc/nios2-elf/11.2.1/../../../../../H-x86_64-pc-linux-gnu/nios2-elf/lib/mno-hw-mul/libc.a(lib_a-int_errno.o)
                              ../nios2_p3_bsp//libhal_bsp.a(alt_close.o) (errno)
/home/danielcrovo/intelFPGA_lite/21.1/nios2eds/bin/gnu/H-x86_64-pc-linux-gnu/bin/../lib/gcc/nios2-elf/11.2.1/../../../../../H-x86_64-pc-linux-gnu/nios2-elf/lib/mno-hw-mul/libc.a(lib_a-__atexit.o)
                              /home/danielcrovo/intelFPGA_lite/21.1/nios2eds/bin/gnu/H-x86_64-pc-linux-gnu/bin/../lib/gcc/nios2-elf/11.2.1/../../../../../H-x86_64-pc-linux-gnu/nios2-elf/lib/mno-hw-mul/libc.a(lib_a-atexit.o) (__register_exitproc)
/home/danielcrovo/intelFPGA_lite/21.1/nios2eds/bin/gnu/H-x86_64-pc-linux-gnu/bin/../lib/gcc/nios2-elf/11.2.1/../../../../../H-x86_64-pc-linux-gnu/nios2-elf/lib/mno-hw-mul/libc.a(lib_a-__call_atexit.o)
                              /home/danielcrovo/intelFPGA_lite/21.1/nios2eds/bin/gnu/H-x86_64-pc-linux-gnu/bin/../lib/gcc/nios2-elf/11.2.1/../../../../../H-x86_64-pc-linux-gnu/nios2-elf/lib/mno-hw-mul/libc.a(lib_a-exit.o) (__call_exitprocs)
/home/danielcrovo/intelFPGA_lite/21.1/nios2eds/bin/gnu/H-x86_64-pc-linux-gnu/bin/../lib/gcc/nios2-elf/11.2.1/mno-hw-mul/libgcc.a(lib2-divmod.o)
                              ../nios2_p3_bsp//libhal_bsp.a(alt_busy_sleep.o) (__udivsi3)
../nios2_p3_bsp//libhal_bsp.a(alt_exit.o)
                              /home/danielcrovo/intelFPGA_lite/21.1/nios2eds/bin/gnu/H-x86_64-pc-linux-gnu/bin/../lib/gcc/nios2-elf/11.2.1/../../../../../H-x86_64-pc-linux-gnu/nios2-elf/lib/mno-hw-mul/libc.a(lib_a-exit.o) (_exit)

Memory Configuration

Name             Origin             Length             Attributes
reset            0x0000000000010000 0x0000000000000020
onchip_mem       0x0000000000010020 0x0000000000009fe0
*default*        0x0000000000000000 0xffffffffffffffff

Linker script and memory map

LOAD ../nios2_p3_bsp//obj/HAL/src/crt0.o
LOAD obj/default/hello_world.o
LOAD /home/danielcrovo/intelFPGA_lite/21.1/nios2eds/bin/gnu/H-x86_64-pc-linux-gnu/bin/../lib/gcc/nios2-elf/11.2.1/../../../../../H-x86_64-pc-linux-gnu/nios2-elf/lib/mno-hw-mul/libstdc++.a
LOAD /home/danielcrovo/intelFPGA_lite/21.1/nios2eds/bin/gnu/H-x86_64-pc-linux-gnu/bin/../lib/gcc/nios2-elf/11.2.1/../../../../../H-x86_64-pc-linux-gnu/nios2-elf/lib/mno-hw-mul/libm.a
LOAD /home/danielcrovo/intelFPGA_lite/21.1/nios2eds/bin/gnu/H-x86_64-pc-linux-gnu/bin/../lib/gcc/nios2-elf/11.2.1/mno-hw-mul/libgcc.a
START GROUP
LOAD /home/danielcrovo/intelFPGA_lite/21.1/nios2eds/bin/gnu/H-x86_64-pc-linux-gnu/bin/../lib/gcc/nios2-elf/11.2.1/../../../../../H-x86_64-pc-linux-gnu/nios2-elf/lib/mno-hw-mul/libc.a
LOAD /home/danielcrovo/intelFPGA_lite/21.1/nios2eds/bin/gnu/H-x86_64-pc-linux-gnu/bin/../lib/gcc/nios2-elf/11.2.1/mno-hw-mul/libgcc.a
LOAD ../nios2_p3_bsp//libhal_bsp.a
LOAD /home/danielcrovo/intelFPGA_lite/21.1/nios2eds/bin/gnu/H-x86_64-pc-linux-gnu/bin/../lib/gcc/nios2-elf/11.2.1/../../../../../H-x86_64-pc-linux-gnu/nios2-elf/lib/mno-hw-mul/libm.a
END GROUP
LOAD /home/danielcrovo/intelFPGA_lite/21.1/nios2eds/bin/gnu/H-x86_64-pc-linux-gnu/bin/../lib/gcc/nios2-elf/11.2.1/mno-hw-mul/libgcc.a
                0x0000000000010000                __alt_mem_onchip_mem = 0x10000

.entry          0x0000000000010000       0x20
 *(.entry)
 .entry         0x0000000000010000       0x20 ../nios2_p3_bsp//obj/HAL/src/crt0.o
                0x0000000000010000                __reset

.exceptions     0x0000000000010020        0x0
                0x0000000000010020                PROVIDE (__ram_exceptions_start = ABSOLUTE (.))
                0x0000000000010020                . = ALIGN (0x20)
 *(.irq)
 *(.exceptions.entry.label)
 *(.exceptions.entry.user)
 *(.exceptions.entry.ecc_fatal)
 *(.exceptions.entry)
 *(.exceptions.irqtest.user)
 *(.exceptions.irqtest)
 *(.exceptions.irqhandler.user)
 *(.exceptions.irqhandler)
 *(.exceptions.irqreturn.user)
 *(.exceptions.irqreturn)
 *(.exceptions.notirq.label)
 *(.exceptions.notirq.user)
 *(.exceptions.notirq)
 *(.exceptions.soft.user)
 *(.exceptions.soft)
 *(.exceptions.unknown.user)
 *(.exceptions.unknown)
 *(.exceptions.exit.label)
 *(.exceptions.exit.user)
 *(.exceptions.exit)
 *(.exceptions)
                0x0000000000010020                PROVIDE (__ram_exceptions_end = ABSOLUTE (.))
                0x0000000000010020                PROVIDE (__flash_exceptions_start = LOADADDR (.exceptions))

.text           0x0000000000010020     0x1044
                [!provide]                        PROVIDE (stext = ABSOLUTE (.))
 *(.interp)
 *(.hash)
 *(.dynsym)
 *(.dynstr)
 *(.gnu.version)
 *(.gnu.version_d)
 *(.gnu.version_r)
 *(.rel.init)
 *(.rela.init)
 *(.rel.text .rel.text.* .rel.gnu.linkonce.t.*)
 *(.rela.text .rela.text.* .rela.gnu.linkonce.t.*)
 *(.rel.fini)
 *(.rela.fini)
 *(.rel.rodata .rel.rodata.* .rel.gnu.linkonce.r.*)
 *(.rela.rodata .rela.rodata.* .rela.gnu.linkonce.r.*)
 *(.rel.data .rel.data.* .rel.gnu.linkonce.d.*)
 *(.rela.data .rela.data.* .rela.gnu.linkonce.d.*)
 *(.rel.tdata .rel.tdata.* .rel.gnu.linkonce.td.*)
 *(.rela.tdata .rela.tdata.* .rela.gnu.linkonce.td.*)
 *(.rel.tbss .rel.tbss.* .rel.gnu.linkonce.tb.*)
 *(.rela.tbss .rela.tbss.* .rela.gnu.linkonce.tb.*)
 *(.rel.ctors)
 *(.rela.ctors)
 *(.rel.dtors)
 *(.rela.dtors)
 *(.rel.got)
 *(.rela.got)
 *(.rel.sdata .rel.sdata.* .rel.gnu.linkonce.s.*)
 *(.rela.sdata .rela.sdata.* .rela.gnu.linkonce.s.*)
 *(.rel.sbss .rel.sbss.* .rel.gnu.linkonce.sb.*)
 *(.rela.sbss .rela.sbss.* .rela.gnu.linkonce.sb.*)
 *(.rel.sdata2 .rel.sdata2.* .rel.gnu.linkonce.s2.*)
 *(.rela.sdata2 .rela.sdata2.* .rela.gnu.linkonce.s2.*)
 *(.rel.sbss2 .rel.sbss2.* .rel.gnu.linkonce.sb2.*)
 *(.rela.sbss2 .rela.sbss2.* .rela.gnu.linkonce.sb2.*)
 *(.rel.bss .rel.bss.* .rel.gnu.linkonce.b.*)
 *(.rela.bss .rela.bss.* .rela.gnu.linkonce.b.*)
 *(.rel.plt)
 *(.rela.plt)
 *(.rel.dyn)
 *(.init)
 *(.plt)
 *(.text .stub .text.* .gnu.linkonce.t.*)
 .text          0x0000000000010020       0x3c ../nios2_p3_bsp//obj/HAL/src/crt0.o
                0x0000000000010020                _start
 .text          0x000000000001005c      0x5e8 obj/default/hello_world.o
                0x000000000001005c                off_hex
                0x00000000000100c4                on_hex
                0x000000000001012c                light_up_square
                0x000000000001016c                light_down_square
                0x00000000000101ac                get_command
                0x0000000000010294                rotate_right
                0x00000000000103e4                rotate_left
                0x0000000000010534                main
 .text          0x0000000000010644       0x28 /home/danielcrovo/intelFPGA_lite/21.1/nios2eds/bin/gnu/H-x86_64-pc-linux-gnu/bin/../lib/gcc/nios2-elf/11.2.1/mno-hw-mul/libgcc.a(lib2-mul.o)
                0x0000000000010644                __mulsi3
 .text          0x000000000001066c       0xec ../nios2_p3_bsp//libhal_bsp.a(alt_load.o)
                0x00000000000106d4                alt_load
 .text          0x0000000000010758       0x60 ../nios2_p3_bsp//libhal_bsp.a(alt_main.o)
                0x0000000000010758                alt_main
 .text          0x00000000000107b8       0x30 ../nios2_p3_bsp//libhal_bsp.a(alt_usleep.o)
                0x00000000000107b8                usleep
 .text          0x00000000000107e8       0x60 ../nios2_p3_bsp//libhal_bsp.a(alt_sys_init.o)
                0x00000000000107e8                alt_irq_init
                0x0000000000010824                alt_sys_init
 .text          0x0000000000010848      0x158 ../nios2_p3_bsp//libhal_bsp.a(alt_busy_sleep.o)
                0x0000000000010848                alt_busy_sleep
 .text          0x00000000000109a0      0x118 ../nios2_p3_bsp//libhal_bsp.a(alt_close.o)
                0x00000000000109dc                close
 .text          0x0000000000010ab8       0x20 ../nios2_p3_bsp//libhal_bsp.a(alt_dcache_flush_all.o)
                0x0000000000010ab8                alt_dcache_flush_all
 .text          0x0000000000010ad8       0x2c ../nios2_p3_bsp//libhal_bsp.a(alt_dev.o)
 .text          0x0000000000010b04       0x64 ../nios2_p3_bsp//libhal_bsp.a(alt_do_ctors.o)
                0x0000000000010b04                _do_ctors
 .text          0x0000000000010b68       0x64 ../nios2_p3_bsp//libhal_bsp.a(alt_do_dtors.o)
                0x0000000000010b68                _do_dtors
 .text          0x0000000000010bcc        0x0 ../nios2_p3_bsp//libhal_bsp.a(alt_errno.o)
 .text          0x0000000000010bcc       0x20 ../nios2_p3_bsp//libhal_bsp.a(alt_icache_flush_all.o)
                0x0000000000010bcc                alt_icache_flush_all
 .text          0x0000000000010bec       0x70 ../nios2_p3_bsp//libhal_bsp.a(alt_release_fd.o)
                0x0000000000010bec                alt_release_fd
 .text          0x0000000000010c5c       0x24 ../nios2_p3_bsp//libhal_bsp.a(altera_nios2_gen2_irq.o)
                0x0000000000010c5c                altera_nios2_gen2_irq_init
 .text          0x0000000000010c80        0x0 /home/danielcrovo/intelFPGA_lite/21.1/nios2eds/bin/gnu/H-x86_64-pc-linux-gnu/bin/../lib/gcc/nios2-elf/11.2.1/../../../../../H-x86_64-pc-linux-gnu/nios2-elf/lib/mno-hw-mul/libc.a(lib_a-atexit.o)
 .text.atexit   0x0000000000010c80       0x14 /home/danielcrovo/intelFPGA_lite/21.1/nios2eds/bin/gnu/H-x86_64-pc-linux-gnu/bin/../lib/gcc/nios2-elf/11.2.1/../../../../../H-x86_64-pc-linux-gnu/nios2-elf/lib/mno-hw-mul/libc.a(lib_a-atexit.o)
                0x0000000000010c80                atexit
 .text          0x0000000000010c94        0x0 /home/danielcrovo/intelFPGA_lite/21.1/nios2eds/bin/gnu/H-x86_64-pc-linux-gnu/bin/../lib/gcc/nios2-elf/11.2.1/../../../../../H-x86_64-pc-linux-gnu/nios2-elf/lib/mno-hw-mul/libc.a(lib_a-exit.o)
 .text.exit     0x0000000000010c94       0x34 /home/danielcrovo/intelFPGA_lite/21.1/nios2eds/bin/gnu/H-x86_64-pc-linux-gnu/bin/../lib/gcc/nios2-elf/11.2.1/../../../../../H-x86_64-pc-linux-gnu/nios2-elf/lib/mno-hw-mul/libc.a(lib_a-exit.o)
                0x0000000000010c94                exit
 .text          0x0000000000010cc8        0x0 /home/danielcrovo/intelFPGA_lite/21.1/nios2eds/bin/gnu/H-x86_64-pc-linux-gnu/bin/../lib/gcc/nios2-elf/11.2.1/../../../../../H-x86_64-pc-linux-gnu/nios2-elf/lib/mno-hw-mul/libc.a(lib_a-impure.o)
 .text          0x0000000000010cc8        0x0 /home/danielcrovo/intelFPGA_lite/21.1/nios2eds/bin/gnu/H-x86_64-pc-linux-gnu/bin/../lib/gcc/nios2-elf/11.2.1/../../../../../H-x86_64-pc-linux-gnu/nios2-elf/lib/mno-hw-mul/libc.a(lib_a-int_errno.o)
 .text          0x0000000000010cc8        0x0 /home/danielcrovo/intelFPGA_lite/21.1/nios2eds/bin/gnu/H-x86_64-pc-linux-gnu/bin/../lib/gcc/nios2-elf/11.2.1/../../../../../H-x86_64-pc-linux-gnu/nios2-elf/lib/mno-hw-mul/libc.a(lib_a-__atexit.o)
 .text.__register_exitproc
                0x0000000000010cc8       0x90 /home/danielcrovo/intelFPGA_lite/21.1/nios2eds/bin/gnu/H-x86_64-pc-linux-gnu/bin/../lib/gcc/nios2-elf/11.2.1/../../../../../H-x86_64-pc-linux-gnu/nios2-elf/lib/mno-hw-mul/libc.a(lib_a-__atexit.o)
                0x0000000000010cc8                __register_exitproc
 .text          0x0000000000010d58        0x0 /home/danielcrovo/intelFPGA_lite/21.1/nios2eds/bin/gnu/H-x86_64-pc-linux-gnu/bin/../lib/gcc/nios2-elf/11.2.1/../../../../../H-x86_64-pc-linux-gnu/nios2-elf/lib/mno-hw-mul/libc.a(lib_a-__call_atexit.o)
 .text.__call_exitprocs
                0x0000000000010d58      0x120 /home/danielcrovo/intelFPGA_lite/21.1/nios2eds/bin/gnu/H-x86_64-pc-linux-gnu/bin/../lib/gcc/nios2-elf/11.2.1/../../../../../H-x86_64-pc-linux-gnu/nios2-elf/lib/mno-hw-mul/libc.a(lib_a-__call_atexit.o)
                0x0000000000010d58                __call_exitprocs
 .text          0x0000000000010e78      0x1b4 /home/danielcrovo/intelFPGA_lite/21.1/nios2eds/bin/gnu/H-x86_64-pc-linux-gnu/bin/../lib/gcc/nios2-elf/11.2.1/mno-hw-mul/libgcc.a(lib2-divmod.o)
                0x0000000000010e78                __divsi3
                0x0000000000010ef8                __modsi3
                0x0000000000010f6c                __udivsi3
                0x0000000000010fd0                __umodsi3
 .text          0x000000000001102c       0x38 ../nios2_p3_bsp//libhal_bsp.a(alt_exit.o)
                0x000000000001102c                _exit
 *(.gnu.warning.*)
 *(.fini)
                [!provide]                        PROVIDE (__etext = ABSOLUTE (.))
                [!provide]                        PROVIDE (_etext = ABSOLUTE (.))
                [!provide]                        PROVIDE (etext = ABSOLUTE (.))
 *(.eh_frame_hdr)
                0x0000000000011064                . = ALIGN (0x4)
                [!provide]                        PROVIDE (__preinit_array_start = ABSOLUTE (.))
 *(.preinit_array)
                [!provide]                        PROVIDE (__preinit_array_end = ABSOLUTE (.))
                [!provide]                        PROVIDE (__init_array_start = ABSOLUTE (.))
 *(.init_array)
                [!provide]                        PROVIDE (__init_array_end = ABSOLUTE (.))
                [!provide]                        PROVIDE (__fini_array_start = ABSOLUTE (.))
 *(.fini_array)
                [!provide]                        PROVIDE (__fini_array_end = ABSOLUTE (.))
 *(.eh_frame)
 *(.gcc_except_table .gcc_except_table.*)
 *(.dynamic)
                0x0000000000011064                PROVIDE (__CTOR_LIST__ = ABSOLUTE (.))
 *(.ctors)
 *(SORT_BY_NAME(.ctors.*))
                0x0000000000011064                PROVIDE (__CTOR_END__ = ABSOLUTE (.))
                0x0000000000011064                PROVIDE (__DTOR_LIST__ = ABSOLUTE (.))
 *(.dtors)
 *(SORT_BY_NAME(.dtors.*))
                0x0000000000011064                PROVIDE (__DTOR_END__ = ABSOLUTE (.))
 *(.jcr)
                0x0000000000011064                . = ALIGN (0x4)

.rodata         0x0000000000011064        0xc
                0x0000000000011064                PROVIDE (__ram_rodata_start = ABSOLUTE (.))
                0x0000000000011064                . = ALIGN (0x4)
 *(.rodata .rodata.* .gnu.linkonce.r.*)
 .rodata        0x0000000000011064        0xa ../nios2_p3_bsp//libhal_bsp.a(alt_dev.o)
 *(.rodata1)
                0x0000000000011070                . = ALIGN (0x4)
 *fill*         0x000000000001106e        0x2 
                0x0000000000011070                PROVIDE (__ram_rodata_end = ABSOLUTE (.))
                0x0000000000011064                PROVIDE (__flash_rodata_start = LOADADDR (.rodata))

.rwdata         0x0000000000011070      0x5f0 load address 0x0000000000011660
                0x0000000000011070                PROVIDE (__ram_rwdata_start = ABSOLUTE (.))
                0x0000000000011070                . = ALIGN (0x4)
 *(.got.plt)
 *(.got)
 *(.data1)
 *(.data .data.* .gnu.linkonce.d.*)
 .data          0x0000000000011070        0x0 ../nios2_p3_bsp//obj/HAL/src/crt0.o
 .data          0x0000000000011070        0x0 obj/default/hello_world.o
 .data          0x0000000000011070        0x0 /home/danielcrovo/intelFPGA_lite/21.1/nios2eds/bin/gnu/H-x86_64-pc-linux-gnu/bin/../lib/gcc/nios2-elf/11.2.1/mno-hw-mul/libgcc.a(lib2-mul.o)
 .data          0x0000000000011070        0x0 ../nios2_p3_bsp//libhal_bsp.a(alt_load.o)
 .data          0x0000000000011070        0x0 ../nios2_p3_bsp//libhal_bsp.a(alt_main.o)
 .data          0x0000000000011070        0x0 ../nios2_p3_bsp//libhal_bsp.a(alt_usleep.o)
 .data          0x0000000000011070        0x0 ../nios2_p3_bsp//libhal_bsp.a(alt_sys_init.o)
 .data          0x0000000000011070        0x0 ../nios2_p3_bsp//libhal_bsp.a(alt_busy_sleep.o)
 .data          0x0000000000011070        0x0 ../nios2_p3_bsp//libhal_bsp.a(alt_close.o)
 .data          0x0000000000011070        0x0 ../nios2_p3_bsp//libhal_bsp.a(alt_dcache_flush_all.o)
 .data          0x0000000000011070      0x1a8 ../nios2_p3_bsp//libhal_bsp.a(alt_dev.o)
                0x0000000000011070                alt_dev_null
                0x0000000000011098                alt_fd_list
 .data          0x0000000000011218        0x0 ../nios2_p3_bsp//libhal_bsp.a(alt_do_ctors.o)
 .data          0x0000000000011218        0x0 ../nios2_p3_bsp//libhal_bsp.a(alt_do_dtors.o)
 .data          0x0000000000011218        0x0 ../nios2_p3_bsp//libhal_bsp.a(alt_errno.o)
 .data          0x0000000000011218        0x0 ../nios2_p3_bsp//libhal_bsp.a(alt_icache_flush_all.o)
 .data          0x0000000000011218        0x0 ../nios2_p3_bsp//libhal_bsp.a(alt_release_fd.o)
 .data          0x0000000000011218        0x0 ../nios2_p3_bsp//libhal_bsp.a(altera_nios2_gen2_irq.o)
 .data          0x0000000000011218        0x0 /home/danielcrovo/intelFPGA_lite/21.1/nios2eds/bin/gnu/H-x86_64-pc-linux-gnu/bin/../lib/gcc/nios2-elf/11.2.1/../../../../../H-x86_64-pc-linux-gnu/nios2-elf/lib/mno-hw-mul/libc.a(lib_a-atexit.o)
 .data          0x0000000000011218        0x0 /home/danielcrovo/intelFPGA_lite/21.1/nios2eds/bin/gnu/H-x86_64-pc-linux-gnu/bin/../lib/gcc/nios2-elf/11.2.1/../../../../../H-x86_64-pc-linux-gnu/nios2-elf/lib/mno-hw-mul/libc.a(lib_a-exit.o)
 .data          0x0000000000011218        0x0 /home/danielcrovo/intelFPGA_lite/21.1/nios2eds/bin/gnu/H-x86_64-pc-linux-gnu/bin/../lib/gcc/nios2-elf/11.2.1/../../../../../H-x86_64-pc-linux-gnu/nios2-elf/lib/mno-hw-mul/libc.a(lib_a-impure.o)
 .data.impure_data
                0x0000000000011218      0x424 /home/danielcrovo/intelFPGA_lite/21.1/nios2eds/bin/gnu/H-x86_64-pc-linux-gnu/bin/../lib/gcc/nios2-elf/11.2.1/../../../../../H-x86_64-pc-linux-gnu/nios2-elf/lib/mno-hw-mul/libc.a(lib_a-impure.o)
 .data          0x000000000001163c        0x0 /home/danielcrovo/intelFPGA_lite/21.1/nios2eds/bin/gnu/H-x86_64-pc-linux-gnu/bin/../lib/gcc/nios2-elf/11.2.1/../../../../../H-x86_64-pc-linux-gnu/nios2-elf/lib/mno-hw-mul/libc.a(lib_a-int_errno.o)
 .data          0x000000000001163c        0x0 /home/danielcrovo/intelFPGA_lite/21.1/nios2eds/bin/gnu/H-x86_64-pc-linux-gnu/bin/../lib/gcc/nios2-elf/11.2.1/../../../../../H-x86_64-pc-linux-gnu/nios2-elf/lib/mno-hw-mul/libc.a(lib_a-__atexit.o)
 .data          0x000000000001163c        0x0 /home/danielcrovo/intelFPGA_lite/21.1/nios2eds/bin/gnu/H-x86_64-pc-linux-gnu/bin/../lib/gcc/nios2-elf/11.2.1/../../../../../H-x86_64-pc-linux-gnu/nios2-elf/lib/mno-hw-mul/libc.a(lib_a-__call_atexit.o)
 .data          0x000000000001163c        0x0 /home/danielcrovo/intelFPGA_lite/21.1/nios2eds/bin/gnu/H-x86_64-pc-linux-gnu/bin/../lib/gcc/nios2-elf/11.2.1/mno-hw-mul/libgcc.a(lib2-divmod.o)
 .data          0x000000000001163c        0x0 ../nios2_p3_bsp//libhal_bsp.a(alt_exit.o)
                0x000000000001963c                _gp = ABSOLUTE ((. + 0x8000))
                [!provide]                        PROVIDE (gp = _gp)
 *(.rwdata .rwdata.*)
 *(.sdata .sdata.* .gnu.linkonce.s.*)
 .sdata         0x000000000001163c        0x2 obj/default/hello_world.o
 *fill*         0x000000000001163e        0x2 
 .sdata         0x0000000000011640       0x14 ../nios2_p3_bsp//libhal_bsp.a(alt_dev.o)
                0x0000000000011640                alt_fs_list
                0x0000000000011648                alt_dev_list
                0x0000000000011650                alt_max_fd
 .sdata         0x0000000000011654        0x4 ../nios2_p3_bsp//libhal_bsp.a(alt_errno.o)
                0x0000000000011654                alt_errno
 .sdata._global_impure_ptr
                0x0000000000011658        0x4 /home/danielcrovo/intelFPGA_lite/21.1/nios2eds/bin/gnu/H-x86_64-pc-linux-gnu/bin/../lib/gcc/nios2-elf/11.2.1/../../../../../H-x86_64-pc-linux-gnu/nios2-elf/lib/mno-hw-mul/libc.a(lib_a-impure.o)
                0x0000000000011658                _global_impure_ptr
 .sdata._impure_ptr
                0x000000000001165c        0x4 /home/danielcrovo/intelFPGA_lite/21.1/nios2eds/bin/gnu/H-x86_64-pc-linux-gnu/bin/../lib/gcc/nios2-elf/11.2.1/../../../../../H-x86_64-pc-linux-gnu/nios2-elf/lib/mno-hw-mul/libc.a(lib_a-impure.o)
                0x000000000001165c                _impure_ptr
 *(.sdata2 .sdata2.* .gnu.linkonce.s2.*)
                0x0000000000011660                . = ALIGN (0x4)
                0x0000000000011660                _edata = ABSOLUTE (.)
                [!provide]                        PROVIDE (edata = ABSOLUTE (.))
                0x0000000000011660                PROVIDE (__ram_rwdata_end = ABSOLUTE (.))
                0x0000000000011660                PROVIDE (__flash_rwdata_start = LOADADDR (.rwdata))

.bss            0x0000000000011c50       0x10
                0x0000000000011c50                __bss_start = ABSOLUTE (.)
                [!provide]                        PROVIDE (__sbss_start = ABSOLUTE (.))
                [!provide]                        PROVIDE (___sbss_start = ABSOLUTE (.))
 *(.dynsbss)
 *(.sbss .sbss.* .gnu.linkonce.sb.*)
 .sbss          0x0000000000011c50        0xc ../nios2_p3_bsp//libhal_bsp.a(alt_main.o)
                0x0000000000011c50                alt_argc
                0x0000000000011c54                alt_argv
                0x0000000000011c58                alt_envp
 .sbss.errno    0x0000000000011c5c        0x4 /home/danielcrovo/intelFPGA_lite/21.1/nios2eds/bin/gnu/H-x86_64-pc-linux-gnu/bin/../lib/gcc/nios2-elf/11.2.1/../../../../../H-x86_64-pc-linux-gnu/nios2-elf/lib/mno-hw-mul/libc.a(lib_a-int_errno.o)
                0x0000000000011c5c                errno
 *(.sbss2 .sbss2.* .gnu.linkonce.sb2.*)
 *(.scommon)
                [!provide]                        PROVIDE (__sbss_end = ABSOLUTE (.))
                [!provide]                        PROVIDE (___sbss_end = ABSOLUTE (.))
 *(.dynbss)
 *(.bss .bss.* .gnu.linkonce.b.*)
 .bss           0x0000000000011c60        0x0 ../nios2_p3_bsp//obj/HAL/src/crt0.o
 .bss           0x0000000000011c60        0x0 obj/default/hello_world.o
 .bss           0x0000000000011c60        0x0 /home/danielcrovo/intelFPGA_lite/21.1/nios2eds/bin/gnu/H-x86_64-pc-linux-gnu/bin/../lib/gcc/nios2-elf/11.2.1/mno-hw-mul/libgcc.a(lib2-mul.o)
 .bss           0x0000000000011c60        0x0 ../nios2_p3_bsp//libhal_bsp.a(alt_load.o)
 .bss           0x0000000000011c60        0x0 ../nios2_p3_bsp//libhal_bsp.a(alt_main.o)
 .bss           0x0000000000011c60        0x0 ../nios2_p3_bsp//libhal_bsp.a(alt_usleep.o)
 .bss           0x0000000000011c60        0x0 ../nios2_p3_bsp//libhal_bsp.a(alt_sys_init.o)
 .bss           0x0000000000011c60        0x0 ../nios2_p3_bsp//libhal_bsp.a(alt_busy_sleep.o)
 .bss           0x0000000000011c60        0x0 ../nios2_p3_bsp//libhal_bsp.a(alt_close.o)
 .bss           0x0000000000011c60        0x0 ../nios2_p3_bsp//libhal_bsp.a(alt_dcache_flush_all.o)
 .bss           0x0000000000011c60        0x0 ../nios2_p3_bsp//libhal_bsp.a(alt_dev.o)
 .bss           0x0000000000011c60        0x0 ../nios2_p3_bsp//libhal_bsp.a(alt_do_ctors.o)
 .bss           0x0000000000011c60        0x0 ../nios2_p3_bsp//libhal_bsp.a(alt_do_dtors.o)
 .bss           0x0000000000011c60        0x0 ../nios2_p3_bsp//libhal_bsp.a(alt_errno.o)
 .bss           0x0000000000011c60        0x0 ../nios2_p3_bsp//libhal_bsp.a(alt_icache_flush_all.o)
 .bss           0x0000000000011c60        0x0 ../nios2_p3_bsp//libhal_bsp.a(alt_release_fd.o)
 .bss           0x0000000000011c60        0x0 ../nios2_p3_bsp//libhal_bsp.a(altera_nios2_gen2_irq.o)
 .bss           0x0000000000011c60        0x0 /home/danielcrovo/intelFPGA_lite/21.1/nios2eds/bin/gnu/H-x86_64-pc-linux-gnu/bin/../lib/gcc/nios2-elf/11.2.1/../../../../../H-x86_64-pc-linux-gnu/nios2-elf/lib/mno-hw-mul/libc.a(lib_a-atexit.o)
 .bss           0x0000000000011c60        0x0 /home/danielcrovo/intelFPGA_lite/21.1/nios2eds/bin/gnu/H-x86_64-pc-linux-gnu/bin/../lib/gcc/nios2-elf/11.2.1/../../../../../H-x86_64-pc-linux-gnu/nios2-elf/lib/mno-hw-mul/libc.a(lib_a-exit.o)
 .bss           0x0000000000011c60        0x0 /home/danielcrovo/intelFPGA_lite/21.1/nios2eds/bin/gnu/H-x86_64-pc-linux-gnu/bin/../lib/gcc/nios2-elf/11.2.1/../../../../../H-x86_64-pc-linux-gnu/nios2-elf/lib/mno-hw-mul/libc.a(lib_a-impure.o)
 .bss           0x0000000000011c60        0x0 /home/danielcrovo/intelFPGA_lite/21.1/nios2eds/bin/gnu/H-x86_64-pc-linux-gnu/bin/../lib/gcc/nios2-elf/11.2.1/../../../../../H-x86_64-pc-linux-gnu/nios2-elf/lib/mno-hw-mul/libc.a(lib_a-int_errno.o)
 .bss           0x0000000000011c60        0x0 /home/danielcrovo/intelFPGA_lite/21.1/nios2eds/bin/gnu/H-x86_64-pc-linux-gnu/bin/../lib/gcc/nios2-elf/11.2.1/../../../../../H-x86_64-pc-linux-gnu/nios2-elf/lib/mno-hw-mul/libc.a(lib_a-__atexit.o)
 .bss           0x0000000000011c60        0x0 /home/danielcrovo/intelFPGA_lite/21.1/nios2eds/bin/gnu/H-x86_64-pc-linux-gnu/bin/../lib/gcc/nios2-elf/11.2.1/../../../../../H-x86_64-pc-linux-gnu/nios2-elf/lib/mno-hw-mul/libc.a(lib_a-__call_atexit.o)
 .bss           0x0000000000011c60        0x0 /home/danielcrovo/intelFPGA_lite/21.1/nios2eds/bin/gnu/H-x86_64-pc-linux-gnu/bin/../lib/gcc/nios2-elf/11.2.1/mno-hw-mul/libgcc.a(lib2-divmod.o)
 .bss           0x0000000000011c60        0x0 ../nios2_p3_bsp//libhal_bsp.a(alt_exit.o)
 *(COMMON)
                0x0000000000011c60                . = ALIGN (0x4)
                0x0000000000011c60                __bss_end = ABSOLUTE (.)

.onchip_mem     0x0000000000011c60        0x0
                [!provide]                        PROVIDE (_alt_partition_onchip_mem_start = ABSOLUTE (.))
 *(.onchip_mem .onchip_mem. onchip_mem.*)
                0x0000000000011c60                . = ALIGN (0x4)
                [!provide]                        PROVIDE (_alt_partition_onchip_mem_end = ABSOLUTE (.))
                0x0000000000011c60                _end = ABSOLUTE (.)
                0x0000000000011c60                end = ABSOLUTE (.)
                0x0000000000011c60                __alt_stack_base = ABSOLUTE (.)
                [!provide]                        PROVIDE (_alt_partition_onchip_mem_load_addr = LOADADDR (.onchip_mem))

.stab
 *(.stab)

.stabstr
 *(.stabstr)

.stab.excl
 *(.stab.excl)

.stab.exclstr
 *(.stab.exclstr)

.stab.index
 *(.stab.index)

.stab.indexstr
 *(.stab.indexstr)

.comment        0x0000000000000000       0x2d
 *(.comment)
 .comment       0x0000000000000000       0x2d obj/default/hello_world.o
                                         0x2e (size before relaxing)
 .comment       0x000000000000002d       0x2e /home/danielcrovo/intelFPGA_lite/21.1/nios2eds/bin/gnu/H-x86_64-pc-linux-gnu/bin/../lib/gcc/nios2-elf/11.2.1/mno-hw-mul/libgcc.a(lib2-mul.o)
 .comment       0x000000000000002d       0x2e ../nios2_p3_bsp//libhal_bsp.a(alt_load.o)
 .comment       0x000000000000002d       0x2e ../nios2_p3_bsp//libhal_bsp.a(alt_main.o)
 .comment       0x000000000000002d       0x2e ../nios2_p3_bsp//libhal_bsp.a(alt_usleep.o)
 .comment       0x000000000000002d       0x2e ../nios2_p3_bsp//libhal_bsp.a(alt_sys_init.o)
 .comment       0x000000000000002d       0x2e ../nios2_p3_bsp//libhal_bsp.a(alt_busy_sleep.o)
 .comment       0x000000000000002d       0x2e ../nios2_p3_bsp//libhal_bsp.a(alt_close.o)
 .comment       0x000000000000002d       0x2e ../nios2_p3_bsp//libhal_bsp.a(alt_dcache_flush_all.o)
 .comment       0x000000000000002d       0x2e ../nios2_p3_bsp//libhal_bsp.a(alt_dev.o)
 .comment       0x000000000000002d       0x2e ../nios2_p3_bsp//libhal_bsp.a(alt_do_ctors.o)
 .comment       0x000000000000002d       0x2e ../nios2_p3_bsp//libhal_bsp.a(alt_do_dtors.o)
 .comment       0x000000000000002d       0x2e ../nios2_p3_bsp//libhal_bsp.a(alt_errno.o)
 .comment       0x000000000000002d       0x2e ../nios2_p3_bsp//libhal_bsp.a(alt_icache_flush_all.o)
 .comment       0x000000000000002d       0x2e ../nios2_p3_bsp//libhal_bsp.a(alt_release_fd.o)
 .comment       0x000000000000002d       0x2e ../nios2_p3_bsp//libhal_bsp.a(altera_nios2_gen2_irq.o)
 .comment       0x000000000000002d       0x2e /home/danielcrovo/intelFPGA_lite/21.1/nios2eds/bin/gnu/H-x86_64-pc-linux-gnu/bin/../lib/gcc/nios2-elf/11.2.1/../../../../../H-x86_64-pc-linux-gnu/nios2-elf/lib/mno-hw-mul/libc.a(lib_a-atexit.o)
 .comment       0x000000000000002d       0x2e /home/danielcrovo/intelFPGA_lite/21.1/nios2eds/bin/gnu/H-x86_64-pc-linux-gnu/bin/../lib/gcc/nios2-elf/11.2.1/../../../../../H-x86_64-pc-linux-gnu/nios2-elf/lib/mno-hw-mul/libc.a(lib_a-exit.o)
 .comment       0x000000000000002d       0x2e /home/danielcrovo/intelFPGA_lite/21.1/nios2eds/bin/gnu/H-x86_64-pc-linux-gnu/bin/../lib/gcc/nios2-elf/11.2.1/../../../../../H-x86_64-pc-linux-gnu/nios2-elf/lib/mno-hw-mul/libc.a(lib_a-impure.o)
 .comment       0x000000000000002d       0x2e /home/danielcrovo/intelFPGA_lite/21.1/nios2eds/bin/gnu/H-x86_64-pc-linux-gnu/bin/../lib/gcc/nios2-elf/11.2.1/../../../../../H-x86_64-pc-linux-gnu/nios2-elf/lib/mno-hw-mul/libc.a(lib_a-int_errno.o)
 .comment       0x000000000000002d       0x2e /home/danielcrovo/intelFPGA_lite/21.1/nios2eds/bin/gnu/H-x86_64-pc-linux-gnu/bin/../lib/gcc/nios2-elf/11.2.1/../../../../../H-x86_64-pc-linux-gnu/nios2-elf/lib/mno-hw-mul/libc.a(lib_a-__atexit.o)
 .comment       0x000000000000002d       0x2e /home/danielcrovo/intelFPGA_lite/21.1/nios2eds/bin/gnu/H-x86_64-pc-linux-gnu/bin/../lib/gcc/nios2-elf/11.2.1/../../../../../H-x86_64-pc-linux-gnu/nios2-elf/lib/mno-hw-mul/libc.a(lib_a-__call_atexit.o)
 .comment       0x000000000000002d       0x2e /home/danielcrovo/intelFPGA_lite/21.1/nios2eds/bin/gnu/H-x86_64-pc-linux-gnu/bin/../lib/gcc/nios2-elf/11.2.1/mno-hw-mul/libgcc.a(lib2-divmod.o)
 .comment       0x000000000000002d       0x2e ../nios2_p3_bsp//libhal_bsp.a(alt_exit.o)

.debug
 *(.debug)

.line
 *(.line)

.debug_srcinfo
 *(.debug_srcinfo)

.debug_sfnames
 *(.debug_sfnames)

.debug_aranges  0x0000000000000000      0x310
 *(.debug_aranges)
 .debug_aranges
                0x0000000000000000       0x28 ../nios2_p3_bsp//obj/HAL/src/crt0.o
 .debug_aranges
                0x0000000000000028       0x20 obj/default/hello_world.o
 .debug_aranges
                0x0000000000000048       0x20 /home/danielcrovo/intelFPGA_lite/21.1/nios2eds/bin/gnu/H-x86_64-pc-linux-gnu/bin/../lib/gcc/nios2-elf/11.2.1/mno-hw-mul/libgcc.a(lib2-mul.o)
 .debug_aranges
                0x0000000000000068       0x20 ../nios2_p3_bsp//libhal_bsp.a(alt_load.o)
 .debug_aranges
                0x0000000000000088       0x20 ../nios2_p3_bsp//libhal_bsp.a(alt_main.o)
 .debug_aranges
                0x00000000000000a8       0x20 ../nios2_p3_bsp//libhal_bsp.a(alt_usleep.o)
 .debug_aranges
                0x00000000000000c8       0x20 ../nios2_p3_bsp//libhal_bsp.a(alt_sys_init.o)
 .debug_aranges
                0x00000000000000e8       0x20 ../nios2_p3_bsp//libhal_bsp.a(alt_busy_sleep.o)
 .debug_aranges
                0x0000000000000108       0x20 ../nios2_p3_bsp//libhal_bsp.a(alt_close.o)
 .debug_aranges
                0x0000000000000128       0x20 ../nios2_p3_bsp//libhal_bsp.a(alt_dcache_flush_all.o)
 .debug_aranges
                0x0000000000000148       0x20 ../nios2_p3_bsp//libhal_bsp.a(alt_dev.o)
 .debug_aranges
                0x0000000000000168       0x20 ../nios2_p3_bsp//libhal_bsp.a(alt_do_ctors.o)
 .debug_aranges
                0x0000000000000188       0x20 ../nios2_p3_bsp//libhal_bsp.a(alt_do_dtors.o)
 .debug_aranges
                0x00000000000001a8       0x18 ../nios2_p3_bsp//libhal_bsp.a(alt_errno.o)
 .debug_aranges
                0x00000000000001c0       0x20 ../nios2_p3_bsp//libhal_bsp.a(alt_icache_flush_all.o)
 .debug_aranges
                0x00000000000001e0       0x20 ../nios2_p3_bsp//libhal_bsp.a(alt_release_fd.o)
 .debug_aranges
                0x0000000000000200       0x20 ../nios2_p3_bsp//libhal_bsp.a(altera_nios2_gen2_irq.o)
 .debug_aranges
                0x0000000000000220       0x20 /home/danielcrovo/intelFPGA_lite/21.1/nios2eds/bin/gnu/H-x86_64-pc-linux-gnu/bin/../lib/gcc/nios2-elf/11.2.1/../../../../../H-x86_64-pc-linux-gnu/nios2-elf/lib/mno-hw-mul/libc.a(lib_a-atexit.o)
 .debug_aranges
                0x0000000000000240       0x20 /home/danielcrovo/intelFPGA_lite/21.1/nios2eds/bin/gnu/H-x86_64-pc-linux-gnu/bin/../lib/gcc/nios2-elf/11.2.1/../../../../../H-x86_64-pc-linux-gnu/nios2-elf/lib/mno-hw-mul/libc.a(lib_a-exit.o)
 .debug_aranges
                0x0000000000000260       0x18 /home/danielcrovo/intelFPGA_lite/21.1/nios2eds/bin/gnu/H-x86_64-pc-linux-gnu/bin/../lib/gcc/nios2-elf/11.2.1/../../../../../H-x86_64-pc-linux-gnu/nios2-elf/lib/mno-hw-mul/libc.a(lib_a-impure.o)
 .debug_aranges
                0x0000000000000278       0x18 /home/danielcrovo/intelFPGA_lite/21.1/nios2eds/bin/gnu/H-x86_64-pc-linux-gnu/bin/../lib/gcc/nios2-elf/11.2.1/../../../../../H-x86_64-pc-linux-gnu/nios2-elf/lib/mno-hw-mul/libc.a(lib_a-int_errno.o)
 .debug_aranges
                0x0000000000000290       0x20 /home/danielcrovo/intelFPGA_lite/21.1/nios2eds/bin/gnu/H-x86_64-pc-linux-gnu/bin/../lib/gcc/nios2-elf/11.2.1/../../../../../H-x86_64-pc-linux-gnu/nios2-elf/lib/mno-hw-mul/libc.a(lib_a-__atexit.o)
 .debug_aranges
                0x00000000000002b0       0x20 /home/danielcrovo/intelFPGA_lite/21.1/nios2eds/bin/gnu/H-x86_64-pc-linux-gnu/bin/../lib/gcc/nios2-elf/11.2.1/../../../../../H-x86_64-pc-linux-gnu/nios2-elf/lib/mno-hw-mul/libc.a(lib_a-__call_atexit.o)
 .debug_aranges
                0x00000000000002d0       0x20 /home/danielcrovo/intelFPGA_lite/21.1/nios2eds/bin/gnu/H-x86_64-pc-linux-gnu/bin/../lib/gcc/nios2-elf/11.2.1/mno-hw-mul/libgcc.a(lib2-divmod.o)
 .debug_aranges
                0x00000000000002f0       0x20 ../nios2_p3_bsp//libhal_bsp.a(alt_exit.o)

.debug_pubnames
 *(.debug_pubnames)

.debug_info     0x0000000000000000     0x4262
 *(.debug_info .gnu.linkonce.wi.*)
 .debug_info    0x0000000000000000       0x22 ../nios2_p3_bsp//obj/HAL/src/crt0.o
 .debug_info    0x0000000000000022      0x356 obj/default/hello_world.o
 .debug_info    0x0000000000000378       0xc4 /home/danielcrovo/intelFPGA_lite/21.1/nios2eds/bin/gnu/H-x86_64-pc-linux-gnu/bin/../lib/gcc/nios2-elf/11.2.1/mno-hw-mul/libgcc.a(lib2-mul.o)
 .debug_info    0x000000000000043c      0x144 ../nios2_p3_bsp//libhal_bsp.a(alt_load.o)
 .debug_info    0x0000000000000580      0x179 ../nios2_p3_bsp//libhal_bsp.a(alt_main.o)
 .debug_info    0x00000000000006f9       0xce ../nios2_p3_bsp//libhal_bsp.a(alt_usleep.o)
 .debug_info    0x00000000000007c7       0xdb ../nios2_p3_bsp//libhal_bsp.a(alt_sys_init.o)
 .debug_info    0x00000000000008a2       0xd5 ../nios2_p3_bsp//libhal_bsp.a(alt_busy_sleep.o)
 .debug_info    0x0000000000000977      0x32f ../nios2_p3_bsp//libhal_bsp.a(alt_close.o)
 .debug_info    0x0000000000000ca6       0x8d ../nios2_p3_bsp//libhal_bsp.a(alt_dcache_flush_all.o)
 .debug_info    0x0000000000000d33      0x567 ../nios2_p3_bsp//libhal_bsp.a(alt_dev.o)
 .debug_info    0x000000000000129a       0x83 ../nios2_p3_bsp//libhal_bsp.a(alt_do_ctors.o)
 .debug_info    0x000000000000131d       0x83 ../nios2_p3_bsp//libhal_bsp.a(alt_do_dtors.o)
 .debug_info    0x00000000000013a0       0xa8 ../nios2_p3_bsp//libhal_bsp.a(alt_errno.o)
 .debug_info    0x0000000000001448       0x8d ../nios2_p3_bsp//libhal_bsp.a(alt_icache_flush_all.o)
 .debug_info    0x00000000000014d5      0x2ac ../nios2_p3_bsp//libhal_bsp.a(alt_release_fd.o)
 .debug_info    0x0000000000001781       0x8d ../nios2_p3_bsp//libhal_bsp.a(altera_nios2_gen2_irq.o)
 .debug_info    0x000000000000180e      0x118 /home/danielcrovo/intelFPGA_lite/21.1/nios2eds/bin/gnu/H-x86_64-pc-linux-gnu/bin/../lib/gcc/nios2-elf/11.2.1/../../../../../H-x86_64-pc-linux-gnu/nios2-elf/lib/mno-hw-mul/libc.a(lib_a-atexit.o)
 .debug_info    0x0000000000001926      0x90e /home/danielcrovo/intelFPGA_lite/21.1/nios2eds/bin/gnu/H-x86_64-pc-linux-gnu/bin/../lib/gcc/nios2-elf/11.2.1/../../../../../H-x86_64-pc-linux-gnu/nios2-elf/lib/mno-hw-mul/libc.a(lib_a-exit.o)
 .debug_info    0x0000000000002234      0x8c0 /home/danielcrovo/intelFPGA_lite/21.1/nios2eds/bin/gnu/H-x86_64-pc-linux-gnu/bin/../lib/gcc/nios2-elf/11.2.1/../../../../../H-x86_64-pc-linux-gnu/nios2-elf/lib/mno-hw-mul/libc.a(lib_a-impure.o)
 .debug_info    0x0000000000002af4       0x85 /home/danielcrovo/intelFPGA_lite/21.1/nios2eds/bin/gnu/H-x86_64-pc-linux-gnu/bin/../lib/gcc/nios2-elf/11.2.1/../../../../../H-x86_64-pc-linux-gnu/nios2-elf/lib/mno-hw-mul/libc.a(lib_a-int_errno.o)
 .debug_info    0x0000000000002b79      0x93f /home/danielcrovo/intelFPGA_lite/21.1/nios2eds/bin/gnu/H-x86_64-pc-linux-gnu/bin/../lib/gcc/nios2-elf/11.2.1/../../../../../H-x86_64-pc-linux-gnu/nios2-elf/lib/mno-hw-mul/libc.a(lib_a-__atexit.o)
 .debug_info    0x00000000000034b8      0x981 /home/danielcrovo/intelFPGA_lite/21.1/nios2eds/bin/gnu/H-x86_64-pc-linux-gnu/bin/../lib/gcc/nios2-elf/11.2.1/../../../../../H-x86_64-pc-linux-gnu/nios2-elf/lib/mno-hw-mul/libc.a(lib_a-__call_atexit.o)
 .debug_info    0x0000000000003e39      0x347 /home/danielcrovo/intelFPGA_lite/21.1/nios2eds/bin/gnu/H-x86_64-pc-linux-gnu/bin/../lib/gcc/nios2-elf/11.2.1/mno-hw-mul/libgcc.a(lib2-divmod.o)
 .debug_info    0x0000000000004180       0xe2 ../nios2_p3_bsp//libhal_bsp.a(alt_exit.o)

.debug_abbrev   0x0000000000000000     0x1643
 *(.debug_abbrev)
 .debug_abbrev  0x0000000000000000       0x12 ../nios2_p3_bsp//obj/HAL/src/crt0.o
 .debug_abbrev  0x0000000000000012      0x123 obj/default/hello_world.o
 .debug_abbrev  0x0000000000000135       0x80 /home/danielcrovo/intelFPGA_lite/21.1/nios2eds/bin/gnu/H-x86_64-pc-linux-gnu/bin/../lib/gcc/nios2-elf/11.2.1/mno-hw-mul/libgcc.a(lib2-mul.o)
 .debug_abbrev  0x00000000000001b5       0xc2 ../nios2_p3_bsp//libhal_bsp.a(alt_load.o)
 .debug_abbrev  0x0000000000000277       0xf3 ../nios2_p3_bsp//libhal_bsp.a(alt_main.o)
 .debug_abbrev  0x000000000000036a       0x83 ../nios2_p3_bsp//libhal_bsp.a(alt_usleep.o)
 .debug_abbrev  0x00000000000003ed       0xb2 ../nios2_p3_bsp//libhal_bsp.a(alt_sys_init.o)
 .debug_abbrev  0x000000000000049f       0x88 ../nios2_p3_bsp//libhal_bsp.a(alt_busy_sleep.o)
 .debug_abbrev  0x0000000000000527      0x147 ../nios2_p3_bsp//libhal_bsp.a(alt_close.o)
 .debug_abbrev  0x000000000000066e       0x43 ../nios2_p3_bsp//libhal_bsp.a(alt_dcache_flush_all.o)
 .debug_abbrev  0x00000000000006b1      0x11b ../nios2_p3_bsp//libhal_bsp.a(alt_dev.o)
 .debug_abbrev  0x00000000000007cc       0x83 ../nios2_p3_bsp//libhal_bsp.a(alt_do_ctors.o)
 .debug_abbrev  0x000000000000084f       0x83 ../nios2_p3_bsp//libhal_bsp.a(alt_do_dtors.o)
 .debug_abbrev  0x00000000000008d2       0x70 ../nios2_p3_bsp//libhal_bsp.a(alt_errno.o)
 .debug_abbrev  0x0000000000000942       0x43 ../nios2_p3_bsp//libhal_bsp.a(alt_icache_flush_all.o)
 .debug_abbrev  0x0000000000000985       0xea ../nios2_p3_bsp//libhal_bsp.a(alt_release_fd.o)
 .debug_abbrev  0x0000000000000a6f       0x43 ../nios2_p3_bsp//libhal_bsp.a(altera_nios2_gen2_irq.o)
 .debug_abbrev  0x0000000000000ab2       0xc1 /home/danielcrovo/intelFPGA_lite/21.1/nios2eds/bin/gnu/H-x86_64-pc-linux-gnu/bin/../lib/gcc/nios2-elf/11.2.1/../../../../../H-x86_64-pc-linux-gnu/nios2-elf/lib/mno-hw-mul/libc.a(lib_a-atexit.o)
 .debug_abbrev  0x0000000000000b73      0x23e /home/danielcrovo/intelFPGA_lite/21.1/nios2eds/bin/gnu/H-x86_64-pc-linux-gnu/bin/../lib/gcc/nios2-elf/11.2.1/../../../../../H-x86_64-pc-linux-gnu/nios2-elf/lib/mno-hw-mul/libc.a(lib_a-exit.o)
 .debug_abbrev  0x0000000000000db1      0x1db /home/danielcrovo/intelFPGA_lite/21.1/nios2eds/bin/gnu/H-x86_64-pc-linux-gnu/bin/../lib/gcc/nios2-elf/11.2.1/../../../../../H-x86_64-pc-linux-gnu/nios2-elf/lib/mno-hw-mul/libc.a(lib_a-impure.o)
 .debug_abbrev  0x0000000000000f8c       0x39 /home/danielcrovo/intelFPGA_lite/21.1/nios2eds/bin/gnu/H-x86_64-pc-linux-gnu/bin/../lib/gcc/nios2-elf/11.2.1/../../../../../H-x86_64-pc-linux-gnu/nios2-elf/lib/mno-hw-mul/libc.a(lib_a-int_errno.o)
 .debug_abbrev  0x0000000000000fc5      0x261 /home/danielcrovo/intelFPGA_lite/21.1/nios2eds/bin/gnu/H-x86_64-pc-linux-gnu/bin/../lib/gcc/nios2-elf/11.2.1/../../../../../H-x86_64-pc-linux-gnu/nios2-elf/lib/mno-hw-mul/libc.a(lib_a-__atexit.o)
 .debug_abbrev  0x0000000000001226      0x266 /home/danielcrovo/intelFPGA_lite/21.1/nios2eds/bin/gnu/H-x86_64-pc-linux-gnu/bin/../lib/gcc/nios2-elf/11.2.1/../../../../../H-x86_64-pc-linux-gnu/nios2-elf/lib/mno-hw-mul/libc.a(lib_a-__call_atexit.o)
 .debug_abbrev  0x000000000000148c      0x10c /home/danielcrovo/intelFPGA_lite/21.1/nios2eds/bin/gnu/H-x86_64-pc-linux-gnu/bin/../lib/gcc/nios2-elf/11.2.1/mno-hw-mul/libgcc.a(lib2-divmod.o)
 .debug_abbrev  0x0000000000001598       0xab ../nios2_p3_bsp//libhal_bsp.a(alt_exit.o)

.debug_line     0x0000000000000000     0x117c
 *(.debug_line)
 .debug_line    0x0000000000000000       0x66 ../nios2_p3_bsp//obj/HAL/src/crt0.o
 .debug_line    0x0000000000000066      0x220 obj/default/hello_world.o
 .debug_line    0x0000000000000286       0x88 /home/danielcrovo/intelFPGA_lite/21.1/nios2eds/bin/gnu/H-x86_64-pc-linux-gnu/bin/../lib/gcc/nios2-elf/11.2.1/mno-hw-mul/libgcc.a(lib2-mul.o)
 .debug_line    0x000000000000030e       0x8f ../nios2_p3_bsp//libhal_bsp.a(alt_load.o)
 .debug_line    0x000000000000039d       0x8c ../nios2_p3_bsp//libhal_bsp.a(alt_main.o)
 .debug_line    0x0000000000000429       0x6e ../nios2_p3_bsp//libhal_bsp.a(alt_usleep.o)
 .debug_line    0x0000000000000497       0x75 ../nios2_p3_bsp//libhal_bsp.a(alt_sys_init.o)
 .debug_line    0x000000000000050c       0xd2 ../nios2_p3_bsp//libhal_bsp.a(alt_busy_sleep.o)
 .debug_line    0x00000000000005de      0x117 ../nios2_p3_bsp//libhal_bsp.a(alt_close.o)
 .debug_line    0x00000000000006f5       0x4e ../nios2_p3_bsp//libhal_bsp.a(alt_dcache_flush_all.o)
 .debug_line    0x0000000000000743       0x99 ../nios2_p3_bsp//libhal_bsp.a(alt_dev.o)
 .debug_line    0x00000000000007dc       0x69 ../nios2_p3_bsp//libhal_bsp.a(alt_do_ctors.o)
 .debug_line    0x0000000000000845       0x69 ../nios2_p3_bsp//libhal_bsp.a(alt_do_dtors.o)
 .debug_line    0x00000000000008ae       0x4c ../nios2_p3_bsp//libhal_bsp.a(alt_errno.o)
 .debug_line    0x00000000000008fa       0x4c ../nios2_p3_bsp//libhal_bsp.a(alt_icache_flush_all.o)
 .debug_line    0x0000000000000946       0x77 ../nios2_p3_bsp//libhal_bsp.a(alt_release_fd.o)
 .debug_line    0x00000000000009bd       0x51 ../nios2_p3_bsp//libhal_bsp.a(altera_nios2_gen2_irq.o)
 .debug_line    0x0000000000000a0e       0x65 /home/danielcrovo/intelFPGA_lite/21.1/nios2eds/bin/gnu/H-x86_64-pc-linux-gnu/bin/../lib/gcc/nios2-elf/11.2.1/../../../../../H-x86_64-pc-linux-gnu/nios2-elf/lib/mno-hw-mul/libc.a(lib_a-atexit.o)
 .debug_line    0x0000000000000a73       0xa6 /home/danielcrovo/intelFPGA_lite/21.1/nios2eds/bin/gnu/H-x86_64-pc-linux-gnu/bin/../lib/gcc/nios2-elf/11.2.1/../../../../../H-x86_64-pc-linux-gnu/nios2-elf/lib/mno-hw-mul/libc.a(lib_a-exit.o)
 .debug_line    0x0000000000000b19       0x56 /home/danielcrovo/intelFPGA_lite/21.1/nios2eds/bin/gnu/H-x86_64-pc-linux-gnu/bin/../lib/gcc/nios2-elf/11.2.1/../../../../../H-x86_64-pc-linux-gnu/nios2-elf/lib/mno-hw-mul/libc.a(lib_a-impure.o)
 .debug_line    0x0000000000000b6f       0x3a /home/danielcrovo/intelFPGA_lite/21.1/nios2eds/bin/gnu/H-x86_64-pc-linux-gnu/bin/../lib/gcc/nios2-elf/11.2.1/../../../../../H-x86_64-pc-linux-gnu/nios2-elf/lib/mno-hw-mul/libc.a(lib_a-int_errno.o)
 .debug_line    0x0000000000000ba9      0x100 /home/danielcrovo/intelFPGA_lite/21.1/nios2eds/bin/gnu/H-x86_64-pc-linux-gnu/bin/../lib/gcc/nios2-elf/11.2.1/../../../../../H-x86_64-pc-linux-gnu/nios2-elf/lib/mno-hw-mul/libc.a(lib_a-__atexit.o)
 .debug_line    0x0000000000000ca9      0x17f /home/danielcrovo/intelFPGA_lite/21.1/nios2eds/bin/gnu/H-x86_64-pc-linux-gnu/bin/../lib/gcc/nios2-elf/11.2.1/../../../../../H-x86_64-pc-linux-gnu/nios2-elf/lib/mno-hw-mul/libc.a(lib_a-__call_atexit.o)
 .debug_line    0x0000000000000e28      0x2da /home/danielcrovo/intelFPGA_lite/21.1/nios2eds/bin/gnu/H-x86_64-pc-linux-gnu/bin/../lib/gcc/nios2-elf/11.2.1/mno-hw-mul/libgcc.a(lib2-divmod.o)
 .debug_line    0x0000000000001102       0x7a ../nios2_p3_bsp//libhal_bsp.a(alt_exit.o)

.debug_frame    0x0000000000000000      0x5bc
 *(.debug_frame)
 .debug_frame   0x0000000000000000      0x13c obj/default/hello_world.o
 .debug_frame   0x000000000000013c       0x20 /home/danielcrovo/intelFPGA_lite/21.1/nios2eds/bin/gnu/H-x86_64-pc-linux-gnu/bin/../lib/gcc/nios2-elf/11.2.1/mno-hw-mul/libgcc.a(lib2-mul.o)
 .debug_frame   0x000000000000015c       0x5c ../nios2_p3_bsp//libhal_bsp.a(alt_load.o)
 .debug_frame   0x00000000000001b8       0x2c ../nios2_p3_bsp//libhal_bsp.a(alt_main.o)
 .debug_frame   0x00000000000001e4       0x38 ../nios2_p3_bsp//libhal_bsp.a(alt_usleep.o)
 .debug_frame   0x000000000000021c       0x5c ../nios2_p3_bsp//libhal_bsp.a(alt_sys_init.o)
 .debug_frame   0x0000000000000278       0x38 ../nios2_p3_bsp//libhal_bsp.a(alt_busy_sleep.o)
 .debug_frame   0x00000000000002b0       0x60 ../nios2_p3_bsp//libhal_bsp.a(alt_close.o)
 .debug_frame   0x0000000000000310       0x34 ../nios2_p3_bsp//libhal_bsp.a(alt_dcache_flush_all.o)
 .debug_frame   0x0000000000000344       0x34 ../nios2_p3_bsp//libhal_bsp.a(alt_dev.o)
 .debug_frame   0x0000000000000378       0x38 ../nios2_p3_bsp//libhal_bsp.a(alt_do_ctors.o)
 .debug_frame   0x00000000000003b0       0x38 ../nios2_p3_bsp//libhal_bsp.a(alt_do_dtors.o)
 .debug_frame   0x00000000000003e8       0x34 ../nios2_p3_bsp//libhal_bsp.a(alt_icache_flush_all.o)
 .debug_frame   0x000000000000041c       0x34 ../nios2_p3_bsp//libhal_bsp.a(alt_release_fd.o)
 .debug_frame   0x0000000000000450       0x34 ../nios2_p3_bsp//libhal_bsp.a(altera_nios2_gen2_irq.o)
 .debug_frame   0x0000000000000484       0x20 /home/danielcrovo/intelFPGA_lite/21.1/nios2eds/bin/gnu/H-x86_64-pc-linux-gnu/bin/../lib/gcc/nios2-elf/11.2.1/../../../../../H-x86_64-pc-linux-gnu/nios2-elf/lib/mno-hw-mul/libc.a(lib_a-atexit.o)
 .debug_frame   0x00000000000004a4       0x28 /home/danielcrovo/intelFPGA_lite/21.1/nios2eds/bin/gnu/H-x86_64-pc-linux-gnu/bin/../lib/gcc/nios2-elf/11.2.1/../../../../../H-x86_64-pc-linux-gnu/nios2-elf/lib/mno-hw-mul/libc.a(lib_a-exit.o)
 .debug_frame   0x00000000000004cc       0x20 /home/danielcrovo/intelFPGA_lite/21.1/nios2eds/bin/gnu/H-x86_64-pc-linux-gnu/bin/../lib/gcc/nios2-elf/11.2.1/../../../../../H-x86_64-pc-linux-gnu/nios2-elf/lib/mno-hw-mul/libc.a(lib_a-__atexit.o)
 .debug_frame   0x00000000000004ec       0x54 /home/danielcrovo/intelFPGA_lite/21.1/nios2eds/bin/gnu/H-x86_64-pc-linux-gnu/bin/../lib/gcc/nios2-elf/11.2.1/../../../../../H-x86_64-pc-linux-gnu/nios2-elf/lib/mno-hw-mul/libc.a(lib_a-__call_atexit.o)
 .debug_frame   0x0000000000000540       0x50 /home/danielcrovo/intelFPGA_lite/21.1/nios2eds/bin/gnu/H-x86_64-pc-linux-gnu/bin/../lib/gcc/nios2-elf/11.2.1/mno-hw-mul/libgcc.a(lib2-divmod.o)
 .debug_frame   0x0000000000000590       0x2c ../nios2_p3_bsp//libhal_bsp.a(alt_exit.o)

.debug_str      0x0000000000000000      0xb80
 *(.debug_str)
 .debug_str     0x0000000000000000       0x84 ../nios2_p3_bsp//obj/HAL/src/crt0.o
 .debug_str     0x0000000000000084      0x170 obj/default/hello_world.o
                                        0x1bb (size before relaxing)
 .debug_str     0x00000000000001f4       0x9b /home/danielcrovo/intelFPGA_lite/21.1/nios2eds/bin/gnu/H-x86_64-pc-linux-gnu/bin/../lib/gcc/nios2-elf/11.2.1/mno-hw-mul/libgcc.a(lib2-mul.o)
                                         0xe6 (size before relaxing)
 .debug_str     0x000000000000028f      0x100 ../nios2_p3_bsp//libhal_bsp.a(alt_load.o)
                                        0x1f0 (size before relaxing)
 .debug_str     0x000000000000038f       0x5f ../nios2_p3_bsp//libhal_bsp.a(alt_main.o)
                                        0x165 (size before relaxing)
 .debug_str     0x00000000000003ee       0x1c ../nios2_p3_bsp//libhal_bsp.a(alt_usleep.o)
                                        0x116 (size before relaxing)
 .debug_str     0x000000000000040a       0x39 ../nios2_p3_bsp//libhal_bsp.a(alt_sys_init.o)
                                        0x140 (size before relaxing)
 .debug_str     0x0000000000000443       0x1a ../nios2_p3_bsp//libhal_bsp.a(alt_busy_sleep.o)
                                        0x119 (size before relaxing)
 .debug_str     0x000000000000045d       0xaa ../nios2_p3_bsp//libhal_bsp.a(alt_close.o)
                                        0x1c0 (size before relaxing)
 .debug_str     0x0000000000000507       0xfd ../nios2_p3_bsp//libhal_bsp.a(alt_dcache_flush_all.o)
 .debug_str     0x0000000000000507      0x144 ../nios2_p3_bsp//libhal_bsp.a(alt_dev.o)
                                        0x319 (size before relaxing)
 .debug_str     0x000000000000064b       0x27 ../nios2_p3_bsp//libhal_bsp.a(alt_do_ctors.o)
                                         0x89 (size before relaxing)
 .debug_str     0x0000000000000672       0x2b ../nios2_p3_bsp//libhal_bsp.a(alt_do_dtors.o)
                                         0x88 (size before relaxing)
 .debug_str     0x000000000000069d        0x8 ../nios2_p3_bsp//libhal_bsp.a(alt_errno.o)
                                         0xfa (size before relaxing)
 .debug_str     0x00000000000006a5       0xfd ../nios2_p3_bsp//libhal_bsp.a(alt_icache_flush_all.o)
 .debug_str     0x00000000000006a5      0x17d ../nios2_p3_bsp//libhal_bsp.a(alt_release_fd.o)
 .debug_str     0x00000000000006a5      0x103 ../nios2_p3_bsp//libhal_bsp.a(altera_nios2_gen2_irq.o)
 .debug_str     0x00000000000006a5       0xad /home/danielcrovo/intelFPGA_lite/21.1/nios2eds/bin/gnu/H-x86_64-pc-linux-gnu/bin/../lib/gcc/nios2-elf/11.2.1/../../../../../H-x86_64-pc-linux-gnu/nios2-elf/lib/mno-hw-mul/libc.a(lib_a-atexit.o)
                                        0x149 (size before relaxing)
 .debug_str     0x0000000000000752      0x39f /home/danielcrovo/intelFPGA_lite/21.1/nios2eds/bin/gnu/H-x86_64-pc-linux-gnu/bin/../lib/gcc/nios2-elf/11.2.1/../../../../../H-x86_64-pc-linux-gnu/nios2-elf/lib/mno-hw-mul/libc.a(lib_a-exit.o)
                                        0x4f2 (size before relaxing)
 .debug_str     0x0000000000000af1        0xc /home/danielcrovo/intelFPGA_lite/21.1/nios2eds/bin/gnu/H-x86_64-pc-linux-gnu/bin/../lib/gcc/nios2-elf/11.2.1/../../../../../H-x86_64-pc-linux-gnu/nios2-elf/lib/mno-hw-mul/libc.a(lib_a-impure.o)
                                        0x4e9 (size before relaxing)
 .debug_str     0x0000000000000afd      0x104 /home/danielcrovo/intelFPGA_lite/21.1/nios2eds/bin/gnu/H-x86_64-pc-linux-gnu/bin/../lib/gcc/nios2-elf/11.2.1/../../../../../H-x86_64-pc-linux-gnu/nios2-elf/lib/mno-hw-mul/libc.a(lib_a-int_errno.o)
 .debug_str     0x0000000000000afd        0xc /home/danielcrovo/intelFPGA_lite/21.1/nios2eds/bin/gnu/H-x86_64-pc-linux-gnu/bin/../lib/gcc/nios2-elf/11.2.1/../../../../../H-x86_64-pc-linux-gnu/nios2-elf/lib/mno-hw-mul/libc.a(lib_a-__atexit.o)
                                        0x51f (size before relaxing)
 .debug_str     0x0000000000000afd       0x27 /home/danielcrovo/intelFPGA_lite/21.1/nios2eds/bin/gnu/H-x86_64-pc-linux-gnu/bin/../lib/gcc/nios2-elf/11.2.1/../../../../../H-x86_64-pc-linux-gnu/nios2-elf/lib/mno-hw-mul/libc.a(lib_a-__call_atexit.o)
                                        0x513 (size before relaxing)
 .debug_str     0x0000000000000b24       0x45 /home/danielcrovo/intelFPGA_lite/21.1/nios2eds/bin/gnu/H-x86_64-pc-linux-gnu/bin/../lib/gcc/nios2-elf/11.2.1/mno-hw-mul/libgcc.a(lib2-divmod.o)
                                        0x122 (size before relaxing)
 .debug_str     0x0000000000000b69       0x17 ../nios2_p3_bsp//libhal_bsp.a(alt_exit.o)
                                        0x105 (size before relaxing)

.debug_loc
 *(.debug_loc)

.debug_macinfo
 *(.debug_macinfo)

.debug_weaknames
 *(.debug_weaknames)

.debug_funcnames
 *(.debug_funcnames)

.debug_typenames
 *(.debug_typenames)

.debug_varnames
 *(.debug_varnames)

.debug_alt_sim_info
                0x0000000000000000       0x40
 *(.debug_alt_sim_info)
 .debug_alt_sim_info
                0x0000000000000000       0x10 ../nios2_p3_bsp//obj/HAL/src/crt0.o
 .debug_alt_sim_info
                0x0000000000000010       0x30 ../nios2_p3_bsp//libhal_bsp.a(alt_busy_sleep.o)
                0x000000000001a000                __alt_data_end = 0x1a000
                0x000000000001a000                PROVIDE (__alt_stack_pointer = __alt_data_end)
                [!provide]                        PROVIDE (__alt_stack_limit = __alt_stack_base)
                [!provide]                        PROVIDE (__alt_heap_start = end)
                [!provide]                        PROVIDE (__alt_heap_limit = 0x1a000)
OUTPUT(nios2_p3.elf elf32-littlenios2)
LOAD linker stubs

.debug_ranges   0x0000000000000000       0x20
 .debug_ranges  0x0000000000000000       0x20 ../nios2_p3_bsp//obj/HAL/src/crt0.o

.debug_line_str
                0x0000000000000000      0xa2b
 .debug_line_str
                0x0000000000000000       0x95 obj/default/hello_world.o
                                        0x113 (size before relaxing)
 .debug_line_str
                0x0000000000000095       0xf8 /home/danielcrovo/intelFPGA_lite/21.1/nios2eds/bin/gnu/H-x86_64-pc-linux-gnu/bin/../lib/gcc/nios2-elf/11.2.1/mno-hw-mul/libgcc.a(lib2-mul.o)
                                        0x1bf (size before relaxing)
 .debug_line_str
                0x000000000000018d       0xb0 ../nios2_p3_bsp//libhal_bsp.a(alt_load.o)
                                        0x140 (size before relaxing)
 .debug_line_str
                0x000000000000023d      0x11e ../nios2_p3_bsp//libhal_bsp.a(alt_main.o)
                                        0x21e (size before relaxing)
 .debug_line_str
                0x000000000000035b       0x26 ../nios2_p3_bsp//libhal_bsp.a(alt_usleep.o)
                                        0x1a8 (size before relaxing)
 .debug_line_str
                0x0000000000000381       0x27 ../nios2_p3_bsp//libhal_bsp.a(alt_sys_init.o)
                                        0x133 (size before relaxing)
 .debug_line_str
                0x00000000000003a8       0x19 ../nios2_p3_bsp//libhal_bsp.a(alt_busy_sleep.o)
                                        0x12d (size before relaxing)
 .debug_line_str
                0x00000000000003c1       0x41 ../nios2_p3_bsp//libhal_bsp.a(alt_close.o)
                                        0x1d4 (size before relaxing)
 .debug_line_str
                0x0000000000000402       0x1f ../nios2_p3_bsp//libhal_bsp.a(alt_dcache_flush_all.o)
                                        0x129 (size before relaxing)
 .debug_line_str
                0x0000000000000421       0xa8 ../nios2_p3_bsp//libhal_bsp.a(alt_dev.o)
                                        0x260 (size before relaxing)
 .debug_line_str
                0x00000000000004c9       0x17 ../nios2_p3_bsp//libhal_bsp.a(alt_do_ctors.o)
                                        0x111 (size before relaxing)
 .debug_line_str
                0x00000000000004e0       0x17 ../nios2_p3_bsp//libhal_bsp.a(alt_do_dtors.o)
                                        0x111 (size before relaxing)
 .debug_line_str
                0x00000000000004f7       0x14 ../nios2_p3_bsp//libhal_bsp.a(alt_errno.o)
                                        0x18d (size before relaxing)
 .debug_line_str
                0x000000000000050b       0x1f ../nios2_p3_bsp//libhal_bsp.a(alt_icache_flush_all.o)
                                        0x129 (size before relaxing)
 .debug_line_str
                0x000000000000052a       0x19 ../nios2_p3_bsp//libhal_bsp.a(alt_release_fd.o)
                                        0x16b (size before relaxing)
 .debug_line_str
                0x0000000000000543       0x20 ../nios2_p3_bsp//libhal_bsp.a(altera_nios2_gen2_irq.o)
                                        0x12c (size before relaxing)
 .debug_line_str
                0x0000000000000563      0x172 /home/danielcrovo/intelFPGA_lite/21.1/nios2eds/bin/gnu/H-x86_64-pc-linux-gnu/bin/../lib/gcc/nios2-elf/11.2.1/../../../../../H-x86_64-pc-linux-gnu/nios2-elf/lib/mno-hw-mul/libc.a(lib_a-atexit.o)
                                        0x254 (size before relaxing)
 .debug_line_str
                0x00000000000006d5      0x131 /home/danielcrovo/intelFPGA_lite/21.1/nios2eds/bin/gnu/H-x86_64-pc-linux-gnu/bin/../lib/gcc/nios2-elf/11.2.1/../../../../../H-x86_64-pc-linux-gnu/nios2-elf/lib/mno-hw-mul/libc.a(lib_a-exit.o)
                                        0x354 (size before relaxing)
 .debug_line_str
                0x0000000000000806      0x103 /home/danielcrovo/intelFPGA_lite/21.1/nios2eds/bin/gnu/H-x86_64-pc-linux-gnu/bin/../lib/gcc/nios2-elf/11.2.1/../../../../../H-x86_64-pc-linux-gnu/nios2-elf/lib/mno-hw-mul/libc.a(lib_a-impure.o)
                                        0x2d7 (size before relaxing)
 .debug_line_str
                0x0000000000000909       0x41 /home/danielcrovo/intelFPGA_lite/21.1/nios2eds/bin/gnu/H-x86_64-pc-linux-gnu/bin/../lib/gcc/nios2-elf/11.2.1/../../../../../H-x86_64-pc-linux-gnu/nios2-elf/lib/mno-hw-mul/libc.a(lib_a-int_errno.o)
                                        0x1e3 (size before relaxing)
 .debug_line_str
                0x000000000000094a       0x41 /home/danielcrovo/intelFPGA_lite/21.1/nios2eds/bin/gnu/H-x86_64-pc-linux-gnu/bin/../lib/gcc/nios2-elf/11.2.1/../../../../../H-x86_64-pc-linux-gnu/nios2-elf/lib/mno-hw-mul/libc.a(lib_a-__atexit.o)
                                        0x2eb (size before relaxing)
 .debug_line_str
                0x000000000000098b       0x46 /home/danielcrovo/intelFPGA_lite/21.1/nios2eds/bin/gnu/H-x86_64-pc-linux-gnu/bin/../lib/gcc/nios2-elf/11.2.1/../../../../../H-x86_64-pc-linux-gnu/nios2-elf/lib/mno-hw-mul/libc.a(lib_a-__call_atexit.o)
                                        0x2f1 (size before relaxing)
 .debug_line_str
                0x00000000000009d1       0x3d /home/danielcrovo/intelFPGA_lite/21.1/nios2eds/bin/gnu/H-x86_64-pc-linux-gnu/bin/../lib/gcc/nios2-elf/11.2.1/mno-hw-mul/libgcc.a(lib2-divmod.o)
                                        0x1c8 (size before relaxing)
 .debug_line_str
                0x0000000000000a0e       0x1d ../nios2_p3_bsp//libhal_bsp.a(alt_exit.o)
                                        0x11d (size before relaxing)

.debug_loclists
                0x0000000000000000      0x5e6
 .debug_loclists
                0x0000000000000000       0x5b /home/danielcrovo/intelFPGA_lite/21.1/nios2eds/bin/gnu/H-x86_64-pc-linux-gnu/bin/../lib/gcc/nios2-elf/11.2.1/mno-hw-mul/libgcc.a(lib2-mul.o)
 .debug_loclists
                0x000000000000005b       0x2a /home/danielcrovo/intelFPGA_lite/21.1/nios2eds/bin/gnu/H-x86_64-pc-linux-gnu/bin/../lib/gcc/nios2-elf/11.2.1/../../../../../H-x86_64-pc-linux-gnu/nios2-elf/lib/mno-hw-mul/libc.a(lib_a-atexit.o)
 .debug_loclists
                0x0000000000000085       0x20 /home/danielcrovo/intelFPGA_lite/21.1/nios2eds/bin/gnu/H-x86_64-pc-linux-gnu/bin/../lib/gcc/nios2-elf/11.2.1/../../../../../H-x86_64-pc-linux-gnu/nios2-elf/lib/mno-hw-mul/libc.a(lib_a-exit.o)
 .debug_loclists
                0x00000000000000a5       0xa8 /home/danielcrovo/intelFPGA_lite/21.1/nios2eds/bin/gnu/H-x86_64-pc-linux-gnu/bin/../lib/gcc/nios2-elf/11.2.1/../../../../../H-x86_64-pc-linux-gnu/nios2-elf/lib/mno-hw-mul/libc.a(lib_a-__atexit.o)
 .debug_loclists
                0x000000000000014d      0x135 /home/danielcrovo/intelFPGA_lite/21.1/nios2eds/bin/gnu/H-x86_64-pc-linux-gnu/bin/../lib/gcc/nios2-elf/11.2.1/../../../../../H-x86_64-pc-linux-gnu/nios2-elf/lib/mno-hw-mul/libc.a(lib_a-__call_atexit.o)
 .debug_loclists
                0x0000000000000282      0x364 /home/danielcrovo/intelFPGA_lite/21.1/nios2eds/bin/gnu/H-x86_64-pc-linux-gnu/bin/../lib/gcc/nios2-elf/11.2.1/mno-hw-mul/libgcc.a(lib2-divmod.o)

.debug_rnglists
                0x0000000000000000       0xa3
 .debug_rnglists
                0x0000000000000000       0x13 /home/danielcrovo/intelFPGA_lite/21.1/nios2eds/bin/gnu/H-x86_64-pc-linux-gnu/bin/../lib/gcc/nios2-elf/11.2.1/../../../../../H-x86_64-pc-linux-gnu/nios2-elf/lib/mno-hw-mul/libc.a(lib_a-atexit.o)
 .debug_rnglists
                0x0000000000000013       0x13 /home/danielcrovo/intelFPGA_lite/21.1/nios2eds/bin/gnu/H-x86_64-pc-linux-gnu/bin/../lib/gcc/nios2-elf/11.2.1/../../../../../H-x86_64-pc-linux-gnu/nios2-elf/lib/mno-hw-mul/libc.a(lib_a-exit.o)
 .debug_rnglists
                0x0000000000000026       0x14 /home/danielcrovo/intelFPGA_lite/21.1/nios2eds/bin/gnu/H-x86_64-pc-linux-gnu/bin/../lib/gcc/nios2-elf/11.2.1/../../../../../H-x86_64-pc-linux-gnu/nios2-elf/lib/mno-hw-mul/libc.a(lib_a-__atexit.o)
 .debug_rnglists
                0x000000000000003a       0x2a /home/danielcrovo/intelFPGA_lite/21.1/nios2eds/bin/gnu/H-x86_64-pc-linux-gnu/bin/../lib/gcc/nios2-elf/11.2.1/../../../../../H-x86_64-pc-linux-gnu/nios2-elf/lib/mno-hw-mul/libc.a(lib_a-__call_atexit.o)
 .debug_rnglists
                0x0000000000000064       0x3f /home/danielcrovo/intelFPGA_lite/21.1/nios2eds/bin/gnu/H-x86_64-pc-linux-gnu/bin/../lib/gcc/nios2-elf/11.2.1/mno-hw-mul/libgcc.a(lib2-divmod.o)
