Archive member included to satisfy reference by file (symbol)

/home/danielcrovo/intelFPGA_lite/21.1/nios2eds/bin/gnu/H-x86_64-pc-linux-gnu/bin/../lib/gcc/nios2-elf/11.2.1/mno-hw-mul/libgcc.a(lib2-mul.o)
                              obj/default/hello_world.o (__mulsi3)
../nios_2_bsp//libhal_bsp.a(alt_load.o)
                              ../nios_2_bsp//obj/HAL/src/crt0.o (alt_load)
../nios_2_bsp//libhal_bsp.a(alt_main.o)
                              ../nios_2_bsp//obj/HAL/src/crt0.o (alt_main)
../nios_2_bsp//libhal_bsp.a(alt_usleep.o)
                              obj/default/hello_world.o (usleep)
../nios_2_bsp//libhal_bsp.a(alt_sys_init.o)
                              ../nios_2_bsp//libhal_bsp.a(alt_main.o) (alt_irq_init)
../nios_2_bsp//libhal_bsp.a(alt_busy_sleep.o)
                              ../nios_2_bsp//libhal_bsp.a(alt_usleep.o) (alt_busy_sleep)
../nios_2_bsp//libhal_bsp.a(alt_close.o)
                              ../nios_2_bsp//libhal_bsp.a(alt_main.o) (close)
../nios_2_bsp//libhal_bsp.a(alt_dcache_flush_all.o)
                              ../nios_2_bsp//libhal_bsp.a(alt_load.o) (alt_dcache_flush_all)
../nios_2_bsp//libhal_bsp.a(alt_dev.o)
                              ../nios_2_bsp//libhal_bsp.a(alt_close.o) (alt_fd_list)
../nios_2_bsp//libhal_bsp.a(alt_do_ctors.o)
                              ../nios_2_bsp//libhal_bsp.a(alt_main.o) (_do_ctors)
../nios_2_bsp//libhal_bsp.a(alt_do_dtors.o)
                              ../nios_2_bsp//libhal_bsp.a(alt_main.o) (_do_dtors)
../nios_2_bsp//libhal_bsp.a(alt_errno.o)
                              ../nios_2_bsp//libhal_bsp.a(alt_close.o) (alt_errno)
../nios_2_bsp//libhal_bsp.a(alt_icache_flush_all.o)
                              ../nios_2_bsp//libhal_bsp.a(alt_load.o) (alt_icache_flush_all)
../nios_2_bsp//libhal_bsp.a(alt_release_fd.o)
                              ../nios_2_bsp//libhal_bsp.a(alt_close.o) (alt_release_fd)
../nios_2_bsp//libhal_bsp.a(altera_nios2_gen2_irq.o)
                              ../nios_2_bsp//libhal_bsp.a(alt_sys_init.o) (altera_nios2_gen2_irq_init)
/home/danielcrovo/intelFPGA_lite/21.1/nios2eds/bin/gnu/H-x86_64-pc-linux-gnu/bin/../lib/gcc/nios2-elf/11.2.1/../../../../../H-x86_64-pc-linux-gnu/nios2-elf/lib/mno-hw-mul/libc.a(lib_a-atexit.o)
                              ../nios_2_bsp//libhal_bsp.a(alt_main.o) (atexit)
/home/danielcrovo/intelFPGA_lite/21.1/nios2eds/bin/gnu/H-x86_64-pc-linux-gnu/bin/../lib/gcc/nios2-elf/11.2.1/../../../../../H-x86_64-pc-linux-gnu/nios2-elf/lib/mno-hw-mul/libc.a(lib_a-exit.o)
                              ../nios_2_bsp//libhal_bsp.a(alt_main.o) (exit)
/home/danielcrovo/intelFPGA_lite/21.1/nios2eds/bin/gnu/H-x86_64-pc-linux-gnu/bin/../lib/gcc/nios2-elf/11.2.1/../../../../../H-x86_64-pc-linux-gnu/nios2-elf/lib/mno-hw-mul/libc.a(lib_a-impure.o)
                              /home/danielcrovo/intelFPGA_lite/21.1/nios2eds/bin/gnu/H-x86_64-pc-linux-gnu/bin/../lib/gcc/nios2-elf/11.2.1/../../../../../H-x86_64-pc-linux-gnu/nios2-elf/lib/mno-hw-mul/libc.a(lib_a-exit.o) (_global_impure_ptr)
/home/danielcrovo/intelFPGA_lite/21.1/nios2eds/bin/gnu/H-x86_64-pc-linux-gnu/bin/../lib/gcc/nios2-elf/11.2.1/../../../../../H-x86_64-pc-linux-gnu/nios2-elf/lib/mno-hw-mul/libc.a(lib_a-int_errno.o)
                              ../nios_2_bsp//libhal_bsp.a(alt_close.o) (errno)
/home/danielcrovo/intelFPGA_lite/21.1/nios2eds/bin/gnu/H-x86_64-pc-linux-gnu/bin/../lib/gcc/nios2-elf/11.2.1/../../../../../H-x86_64-pc-linux-gnu/nios2-elf/lib/mno-hw-mul/libc.a(lib_a-__atexit.o)
                              /home/danielcrovo/intelFPGA_lite/21.1/nios2eds/bin/gnu/H-x86_64-pc-linux-gnu/bin/../lib/gcc/nios2-elf/11.2.1/../../../../../H-x86_64-pc-linux-gnu/nios2-elf/lib/mno-hw-mul/libc.a(lib_a-atexit.o) (__register_exitproc)
/home/danielcrovo/intelFPGA_lite/21.1/nios2eds/bin/gnu/H-x86_64-pc-linux-gnu/bin/../lib/gcc/nios2-elf/11.2.1/../../../../../H-x86_64-pc-linux-gnu/nios2-elf/lib/mno-hw-mul/libc.a(lib_a-__call_atexit.o)
                              /home/danielcrovo/intelFPGA_lite/21.1/nios2eds/bin/gnu/H-x86_64-pc-linux-gnu/bin/../lib/gcc/nios2-elf/11.2.1/../../../../../H-x86_64-pc-linux-gnu/nios2-elf/lib/mno-hw-mul/libc.a(lib_a-exit.o) (__call_exitprocs)
/home/danielcrovo/intelFPGA_lite/21.1/nios2eds/bin/gnu/H-x86_64-pc-linux-gnu/bin/../lib/gcc/nios2-elf/11.2.1/mno-hw-mul/libgcc.a(lib2-divmod.o)
                              ../nios_2_bsp//libhal_bsp.a(alt_busy_sleep.o) (__udivsi3)
../nios_2_bsp//libhal_bsp.a(alt_exit.o)
                              /home/danielcrovo/intelFPGA_lite/21.1/nios2eds/bin/gnu/H-x86_64-pc-linux-gnu/bin/../lib/gcc/nios2-elf/11.2.1/../../../../../H-x86_64-pc-linux-gnu/nios2-elf/lib/mno-hw-mul/libc.a(lib_a-exit.o) (_exit)

Memory Configuration

Name             Origin             Length             Attributes
reset            0x0000000000010000 0x0000000000000020
onchip_mem       0x0000000000010020 0x0000000000009fe0
*default*        0x0000000000000000 0xffffffffffffffff

Linker script and memory map

LOAD ../nios_2_bsp//obj/HAL/src/crt0.o
LOAD obj/default/hello_world.o
LOAD /home/danielcrovo/intelFPGA_lite/21.1/nios2eds/bin/gnu/H-x86_64-pc-linux-gnu/bin/../lib/gcc/nios2-elf/11.2.1/../../../../../H-x86_64-pc-linux-gnu/nios2-elf/lib/mno-hw-mul/libstdc++.a
LOAD /home/danielcrovo/intelFPGA_lite/21.1/nios2eds/bin/gnu/H-x86_64-pc-linux-gnu/bin/../lib/gcc/nios2-elf/11.2.1/../../../../../H-x86_64-pc-linux-gnu/nios2-elf/lib/mno-hw-mul/libm.a
LOAD /home/danielcrovo/intelFPGA_lite/21.1/nios2eds/bin/gnu/H-x86_64-pc-linux-gnu/bin/../lib/gcc/nios2-elf/11.2.1/mno-hw-mul/libgcc.a
START GROUP
LOAD /home/danielcrovo/intelFPGA_lite/21.1/nios2eds/bin/gnu/H-x86_64-pc-linux-gnu/bin/../lib/gcc/nios2-elf/11.2.1/../../../../../H-x86_64-pc-linux-gnu/nios2-elf/lib/mno-hw-mul/libc.a
LOAD /home/danielcrovo/intelFPGA_lite/21.1/nios2eds/bin/gnu/H-x86_64-pc-linux-gnu/bin/../lib/gcc/nios2-elf/11.2.1/mno-hw-mul/libgcc.a
LOAD ../nios_2_bsp//libhal_bsp.a
LOAD /home/danielcrovo/intelFPGA_lite/21.1/nios2eds/bin/gnu/H-x86_64-pc-linux-gnu/bin/../lib/gcc/nios2-elf/11.2.1/../../../../../H-x86_64-pc-linux-gnu/nios2-elf/lib/mno-hw-mul/libm.a
END GROUP
LOAD /home/danielcrovo/intelFPGA_lite/21.1/nios2eds/bin/gnu/H-x86_64-pc-linux-gnu/bin/../lib/gcc/nios2-elf/11.2.1/mno-hw-mul/libgcc.a
                0x0000000000010000                __alt_mem_onchip_mem = 0x10000

.entry          0x0000000000010000       0x20
 *(.entry)
 .entry         0x0000000000010000       0x20 ../nios_2_bsp//obj/HAL/src/crt0.o
                0x0000000000010000                __reset

.exceptions     0x0000000000010020        0x0
                0x0000000000010020                PROVIDE (__ram_exceptions_start = ABSOLUTE (.))
                0x0000000000010020                . = ALIGN (0x20)
 *(.irq)
 *(.exceptions.entry.label)
 *(.exceptions.entry.user)
 *(.exceptions.entry.ecc_fatal)
 *(.exceptions.entry)
 *(.exceptions.irqtest.user)
 *(.exceptions.irqtest)
 *(.exceptions.irqhandler.user)
 *(.exceptions.irqhandler)
 *(.exceptions.irqreturn.user)
 *(.exceptions.irqreturn)
 *(.exceptions.notirq.label)
 *(.exceptions.notirq.user)
 *(.exceptions.notirq)
 *(.exceptions.soft.user)
 *(.exceptions.soft)
 *(.exceptions.unknown.user)
 *(.exceptions.unknown)
 *(.exceptions.exit.label)
 *(.exceptions.exit.user)
 *(.exceptions.exit)
 *(.exceptions)
                0x0000000000010020                PROVIDE (__ram_exceptions_end = ABSOLUTE (.))
                0x0000000000010020                PROVIDE (__flash_exceptions_start = LOADADDR (.exceptions))

.text           0x0000000000010020      0xcb0
                [!provide]                        PROVIDE (stext = ABSOLUTE (.))
 *(.interp)
 *(.hash)
 *(.dynsym)
 *(.dynstr)
 *(.gnu.version)
 *(.gnu.version_d)
 *(.gnu.version_r)
 *(.rel.init)
 *(.rela.init)
 *(.rel.text .rel.text.* .rel.gnu.linkonce.t.*)
 *(.rela.text .rela.text.* .rela.gnu.linkonce.t.*)
 *(.rel.fini)
 *(.rela.fini)
 *(.rel.rodata .rel.rodata.* .rel.gnu.linkonce.r.*)
 *(.rela.rodata .rela.rodata.* .rela.gnu.linkonce.r.*)
 *(.rel.data .rel.data.* .rel.gnu.linkonce.d.*)
 *(.rela.data .rela.data.* .rela.gnu.linkonce.d.*)
 *(.rel.tdata .rel.tdata.* .rel.gnu.linkonce.td.*)
 *(.rela.tdata .rela.tdata.* .rela.gnu.linkonce.td.*)
 *(.rel.tbss .rel.tbss.* .rel.gnu.linkonce.tb.*)
 *(.rela.tbss .rela.tbss.* .rela.gnu.linkonce.tb.*)
 *(.rel.ctors)
 *(.rela.ctors)
 *(.rel.dtors)
 *(.rela.dtors)
 *(.rel.got)
 *(.rela.got)
 *(.rel.sdata .rel.sdata.* .rel.gnu.linkonce.s.*)
 *(.rela.sdata .rela.sdata.* .rela.gnu.linkonce.s.*)
 *(.rel.sbss .rel.sbss.* .rel.gnu.linkonce.sb.*)
 *(.rela.sbss .rela.sbss.* .rela.gnu.linkonce.sb.*)
 *(.rel.sdata2 .rel.sdata2.* .rel.gnu.linkonce.s2.*)
 *(.rela.sdata2 .rela.sdata2.* .rela.gnu.linkonce.s2.*)
 *(.rel.sbss2 .rel.sbss2.* .rel.gnu.linkonce.sb2.*)
 *(.rela.sbss2 .rela.sbss2.* .rela.gnu.linkonce.sb2.*)
 *(.rel.bss .rel.bss.* .rel.gnu.linkonce.b.*)
 *(.rela.bss .rela.bss.* .rela.gnu.linkonce.b.*)
 *(.rel.plt)
 *(.rela.plt)
 *(.rel.dyn)
 *(.init)
 *(.plt)
 *(.text .stub .text.* .gnu.linkonce.t.*)
 .text          0x0000000000010020       0x3c ../nios_2_bsp//obj/HAL/src/crt0.o
                0x0000000000010020                _start
 .text          0x000000000001005c      0x254 obj/default/hello_world.o
                0x000000000001005c                sw_get_command
                0x0000000000010094                read_key
                0x00000000000100cc                led_flash
                0x0000000000010238                main
 .text          0x00000000000102b0       0x28 /home/danielcrovo/intelFPGA_lite/21.1/nios2eds/bin/gnu/H-x86_64-pc-linux-gnu/bin/../lib/gcc/nios2-elf/11.2.1/mno-hw-mul/libgcc.a(lib2-mul.o)
                0x00000000000102b0                __mulsi3
 .text          0x00000000000102d8       0xec ../nios_2_bsp//libhal_bsp.a(alt_load.o)
                0x0000000000010340                alt_load
 .text          0x00000000000103c4       0x60 ../nios_2_bsp//libhal_bsp.a(alt_main.o)
                0x00000000000103c4                alt_main
 .text          0x0000000000010424       0x30 ../nios_2_bsp//libhal_bsp.a(alt_usleep.o)
                0x0000000000010424                usleep
 .text          0x0000000000010454       0x60 ../nios_2_bsp//libhal_bsp.a(alt_sys_init.o)
                0x0000000000010454                alt_irq_init
                0x0000000000010490                alt_sys_init
 .text          0x00000000000104b4      0x158 ../nios_2_bsp//libhal_bsp.a(alt_busy_sleep.o)
                0x00000000000104b4                alt_busy_sleep
 .text          0x000000000001060c      0x118 ../nios_2_bsp//libhal_bsp.a(alt_close.o)
                0x0000000000010648                close
 .text          0x0000000000010724       0x20 ../nios_2_bsp//libhal_bsp.a(alt_dcache_flush_all.o)
                0x0000000000010724                alt_dcache_flush_all
 .text          0x0000000000010744       0x2c ../nios_2_bsp//libhal_bsp.a(alt_dev.o)
 .text          0x0000000000010770       0x64 ../nios_2_bsp//libhal_bsp.a(alt_do_ctors.o)
                0x0000000000010770                _do_ctors
 .text          0x00000000000107d4       0x64 ../nios_2_bsp//libhal_bsp.a(alt_do_dtors.o)
                0x00000000000107d4                _do_dtors
 .text          0x0000000000010838        0x0 ../nios_2_bsp//libhal_bsp.a(alt_errno.o)
 .text          0x0000000000010838       0x20 ../nios_2_bsp//libhal_bsp.a(alt_icache_flush_all.o)
                0x0000000000010838                alt_icache_flush_all
 .text          0x0000000000010858       0x70 ../nios_2_bsp//libhal_bsp.a(alt_release_fd.o)
                0x0000000000010858                alt_release_fd
 .text          0x00000000000108c8       0x24 ../nios_2_bsp//libhal_bsp.a(altera_nios2_gen2_irq.o)
                0x00000000000108c8                altera_nios2_gen2_irq_init
 .text          0x00000000000108ec        0x0 /home/danielcrovo/intelFPGA_lite/21.1/nios2eds/bin/gnu/H-x86_64-pc-linux-gnu/bin/../lib/gcc/nios2-elf/11.2.1/../../../../../H-x86_64-pc-linux-gnu/nios2-elf/lib/mno-hw-mul/libc.a(lib_a-atexit.o)
 .text.atexit   0x00000000000108ec       0x14 /home/danielcrovo/intelFPGA_lite/21.1/nios2eds/bin/gnu/H-x86_64-pc-linux-gnu/bin/../lib/gcc/nios2-elf/11.2.1/../../../../../H-x86_64-pc-linux-gnu/nios2-elf/lib/mno-hw-mul/libc.a(lib_a-atexit.o)
                0x00000000000108ec                atexit
 .text          0x0000000000010900        0x0 /home/danielcrovo/intelFPGA_lite/21.1/nios2eds/bin/gnu/H-x86_64-pc-linux-gnu/bin/../lib/gcc/nios2-elf/11.2.1/../../../../../H-x86_64-pc-linux-gnu/nios2-elf/lib/mno-hw-mul/libc.a(lib_a-exit.o)
 .text.exit     0x0000000000010900       0x34 /home/danielcrovo/intelFPGA_lite/21.1/nios2eds/bin/gnu/H-x86_64-pc-linux-gnu/bin/../lib/gcc/nios2-elf/11.2.1/../../../../../H-x86_64-pc-linux-gnu/nios2-elf/lib/mno-hw-mul/libc.a(lib_a-exit.o)
                0x0000000000010900                exit
 .text          0x0000000000010934        0x0 /home/danielcrovo/intelFPGA_lite/21.1/nios2eds/bin/gnu/H-x86_64-pc-linux-gnu/bin/../lib/gcc/nios2-elf/11.2.1/../../../../../H-x86_64-pc-linux-gnu/nios2-elf/lib/mno-hw-mul/libc.a(lib_a-impure.o)
 .text          0x0000000000010934        0x0 /home/danielcrovo/intelFPGA_lite/21.1/nios2eds/bin/gnu/H-x86_64-pc-linux-gnu/bin/../lib/gcc/nios2-elf/11.2.1/../../../../../H-x86_64-pc-linux-gnu/nios2-elf/lib/mno-hw-mul/libc.a(lib_a-int_errno.o)
 .text          0x0000000000010934        0x0 /home/danielcrovo/intelFPGA_lite/21.1/nios2eds/bin/gnu/H-x86_64-pc-linux-gnu/bin/../lib/gcc/nios2-elf/11.2.1/../../../../../H-x86_64-pc-linux-gnu/nios2-elf/lib/mno-hw-mul/libc.a(lib_a-__atexit.o)
 .text.__register_exitproc
                0x0000000000010934       0x90 /home/danielcrovo/intelFPGA_lite/21.1/nios2eds/bin/gnu/H-x86_64-pc-linux-gnu/bin/../lib/gcc/nios2-elf/11.2.1/../../../../../H-x86_64-pc-linux-gnu/nios2-elf/lib/mno-hw-mul/libc.a(lib_a-__atexit.o)
                0x0000000000010934                __register_exitproc
 .text          0x00000000000109c4        0x0 /home/danielcrovo/intelFPGA_lite/21.1/nios2eds/bin/gnu/H-x86_64-pc-linux-gnu/bin/../lib/gcc/nios2-elf/11.2.1/../../../../../H-x86_64-pc-linux-gnu/nios2-elf/lib/mno-hw-mul/libc.a(lib_a-__call_atexit.o)
 .text.__call_exitprocs
                0x00000000000109c4      0x120 /home/danielcrovo/intelFPGA_lite/21.1/nios2eds/bin/gnu/H-x86_64-pc-linux-gnu/bin/../lib/gcc/nios2-elf/11.2.1/../../../../../H-x86_64-pc-linux-gnu/nios2-elf/lib/mno-hw-mul/libc.a(lib_a-__call_atexit.o)
                0x00000000000109c4                __call_exitprocs
 .text          0x0000000000010ae4      0x1b4 /home/danielcrovo/intelFPGA_lite/21.1/nios2eds/bin/gnu/H-x86_64-pc-linux-gnu/bin/../lib/gcc/nios2-elf/11.2.1/mno-hw-mul/libgcc.a(lib2-divmod.o)
                0x0000000000010ae4                __divsi3
                0x0000000000010b64                __modsi3
                0x0000000000010bd8                __udivsi3
                0x0000000000010c3c                __umodsi3
 .text          0x0000000000010c98       0x38 ../nios_2_bsp//libhal_bsp.a(alt_exit.o)
                0x0000000000010c98                _exit
 *(.gnu.warning.*)
 *(.fini)
                [!provide]                        PROVIDE (__etext = ABSOLUTE (.))
                [!provide]                        PROVIDE (_etext = ABSOLUTE (.))
                [!provide]                        PROVIDE (etext = ABSOLUTE (.))
 *(.eh_frame_hdr)
                0x0000000000010cd0                . = ALIGN (0x4)
                [!provide]                        PROVIDE (__preinit_array_start = ABSOLUTE (.))
 *(.preinit_array)
                [!provide]                        PROVIDE (__preinit_array_end = ABSOLUTE (.))
                [!provide]                        PROVIDE (__init_array_start = ABSOLUTE (.))
 *(.init_array)
                [!provide]                        PROVIDE (__init_array_end = ABSOLUTE (.))
                [!provide]                        PROVIDE (__fini_array_start = ABSOLUTE (.))
 *(.fini_array)
                [!provide]                        PROVIDE (__fini_array_end = ABSOLUTE (.))
 *(.eh_frame)
 *(.gcc_except_table .gcc_except_table.*)
 *(.dynamic)
                0x0000000000010cd0                PROVIDE (__CTOR_LIST__ = ABSOLUTE (.))
 *(.ctors)
 *(SORT_BY_NAME(.ctors.*))
                0x0000000000010cd0                PROVIDE (__CTOR_END__ = ABSOLUTE (.))
                0x0000000000010cd0                PROVIDE (__DTOR_LIST__ = ABSOLUTE (.))
 *(.dtors)
 *(SORT_BY_NAME(.dtors.*))
                0x0000000000010cd0                PROVIDE (__DTOR_END__ = ABSOLUTE (.))
 *(.jcr)
                0x0000000000010cd0                . = ALIGN (0x4)

.rodata         0x0000000000010cd0        0xc
                0x0000000000010cd0                PROVIDE (__ram_rodata_start = ABSOLUTE (.))
                0x0000000000010cd0                . = ALIGN (0x4)
 *(.rodata .rodata.* .gnu.linkonce.r.*)
 .rodata        0x0000000000010cd0        0xa ../nios_2_bsp//libhal_bsp.a(alt_dev.o)
 *(.rodata1)
                0x0000000000010cdc                . = ALIGN (0x4)
 *fill*         0x0000000000010cda        0x2 
                0x0000000000010cdc                PROVIDE (__ram_rodata_end = ABSOLUTE (.))
                0x0000000000010cd0                PROVIDE (__flash_rodata_start = LOADADDR (.rodata))

.rwdata         0x0000000000010cdc      0x5ec load address 0x00000000000112c8
                0x0000000000010cdc                PROVIDE (__ram_rwdata_start = ABSOLUTE (.))
                0x0000000000010cdc                . = ALIGN (0x4)
 *(.got.plt)
 *(.got)
 *(.data1)
 *(.data .data.* .gnu.linkonce.d.*)
 .data          0x0000000000010cdc        0x0 ../nios_2_bsp//obj/HAL/src/crt0.o
 .data          0x0000000000010cdc        0x0 obj/default/hello_world.o
 .data          0x0000000000010cdc        0x0 /home/danielcrovo/intelFPGA_lite/21.1/nios2eds/bin/gnu/H-x86_64-pc-linux-gnu/bin/../lib/gcc/nios2-elf/11.2.1/mno-hw-mul/libgcc.a(lib2-mul.o)
 .data          0x0000000000010cdc        0x0 ../nios_2_bsp//libhal_bsp.a(alt_load.o)
 .data          0x0000000000010cdc        0x0 ../nios_2_bsp//libhal_bsp.a(alt_main.o)
 .data          0x0000000000010cdc        0x0 ../nios_2_bsp//libhal_bsp.a(alt_usleep.o)
 .data          0x0000000000010cdc        0x0 ../nios_2_bsp//libhal_bsp.a(alt_sys_init.o)
 .data          0x0000000000010cdc        0x0 ../nios_2_bsp//libhal_bsp.a(alt_busy_sleep.o)
 .data          0x0000000000010cdc        0x0 ../nios_2_bsp//libhal_bsp.a(alt_close.o)
 .data          0x0000000000010cdc        0x0 ../nios_2_bsp//libhal_bsp.a(alt_dcache_flush_all.o)
 .data          0x0000000000010cdc      0x1a8 ../nios_2_bsp//libhal_bsp.a(alt_dev.o)
                0x0000000000010cdc                alt_dev_null
                0x0000000000010d04                alt_fd_list
 .data          0x0000000000010e84        0x0 ../nios_2_bsp//libhal_bsp.a(alt_do_ctors.o)
 .data          0x0000000000010e84        0x0 ../nios_2_bsp//libhal_bsp.a(alt_do_dtors.o)
 .data          0x0000000000010e84        0x0 ../nios_2_bsp//libhal_bsp.a(alt_errno.o)
 .data          0x0000000000010e84        0x0 ../nios_2_bsp//libhal_bsp.a(alt_icache_flush_all.o)
 .data          0x0000000000010e84        0x0 ../nios_2_bsp//libhal_bsp.a(alt_release_fd.o)
 .data          0x0000000000010e84        0x0 ../nios_2_bsp//libhal_bsp.a(altera_nios2_gen2_irq.o)
 .data          0x0000000000010e84        0x0 /home/danielcrovo/intelFPGA_lite/21.1/nios2eds/bin/gnu/H-x86_64-pc-linux-gnu/bin/../lib/gcc/nios2-elf/11.2.1/../../../../../H-x86_64-pc-linux-gnu/nios2-elf/lib/mno-hw-mul/libc.a(lib_a-atexit.o)
 .data          0x0000000000010e84        0x0 /home/danielcrovo/intelFPGA_lite/21.1/nios2eds/bin/gnu/H-x86_64-pc-linux-gnu/bin/../lib/gcc/nios2-elf/11.2.1/../../../../../H-x86_64-pc-linux-gnu/nios2-elf/lib/mno-hw-mul/libc.a(lib_a-exit.o)
 .data          0x0000000000010e84        0x0 /home/danielcrovo/intelFPGA_lite/21.1/nios2eds/bin/gnu/H-x86_64-pc-linux-gnu/bin/../lib/gcc/nios2-elf/11.2.1/../../../../../H-x86_64-pc-linux-gnu/nios2-elf/lib/mno-hw-mul/libc.a(lib_a-impure.o)
 .data.impure_data
                0x0000000000010e84      0x424 /home/danielcrovo/intelFPGA_lite/21.1/nios2eds/bin/gnu/H-x86_64-pc-linux-gnu/bin/../lib/gcc/nios2-elf/11.2.1/../../../../../H-x86_64-pc-linux-gnu/nios2-elf/lib/mno-hw-mul/libc.a(lib_a-impure.o)
 .data          0x00000000000112a8        0x0 /home/danielcrovo/intelFPGA_lite/21.1/nios2eds/bin/gnu/H-x86_64-pc-linux-gnu/bin/../lib/gcc/nios2-elf/11.2.1/../../../../../H-x86_64-pc-linux-gnu/nios2-elf/lib/mno-hw-mul/libc.a(lib_a-int_errno.o)
 .data          0x00000000000112a8        0x0 /home/danielcrovo/intelFPGA_lite/21.1/nios2eds/bin/gnu/H-x86_64-pc-linux-gnu/bin/../lib/gcc/nios2-elf/11.2.1/../../../../../H-x86_64-pc-linux-gnu/nios2-elf/lib/mno-hw-mul/libc.a(lib_a-__atexit.o)
 .data          0x00000000000112a8        0x0 /home/danielcrovo/intelFPGA_lite/21.1/nios2eds/bin/gnu/H-x86_64-pc-linux-gnu/bin/../lib/gcc/nios2-elf/11.2.1/../../../../../H-x86_64-pc-linux-gnu/nios2-elf/lib/mno-hw-mul/libc.a(lib_a-__call_atexit.o)
 .data          0x00000000000112a8        0x0 /home/danielcrovo/intelFPGA_lite/21.1/nios2eds/bin/gnu/H-x86_64-pc-linux-gnu/bin/../lib/gcc/nios2-elf/11.2.1/mno-hw-mul/libgcc.a(lib2-divmod.o)
 .data          0x00000000000112a8        0x0 ../nios_2_bsp//libhal_bsp.a(alt_exit.o)
                0x00000000000192a8                _gp = ABSOLUTE ((. + 0x8000))
                [!provide]                        PROVIDE (gp = _gp)
 *(.rwdata .rwdata.*)
 *(.sdata .sdata.* .gnu.linkonce.s.*)
 .sdata         0x00000000000112a8       0x14 ../nios_2_bsp//libhal_bsp.a(alt_dev.o)
                0x00000000000112a8                alt_fs_list
                0x00000000000112b0                alt_dev_list
                0x00000000000112b8                alt_max_fd
 .sdata         0x00000000000112bc        0x4 ../nios_2_bsp//libhal_bsp.a(alt_errno.o)
                0x00000000000112bc                alt_errno
 .sdata._global_impure_ptr
                0x00000000000112c0        0x4 /home/danielcrovo/intelFPGA_lite/21.1/nios2eds/bin/gnu/H-x86_64-pc-linux-gnu/bin/../lib/gcc/nios2-elf/11.2.1/../../../../../H-x86_64-pc-linux-gnu/nios2-elf/lib/mno-hw-mul/libc.a(lib_a-impure.o)
                0x00000000000112c0                _global_impure_ptr
 .sdata._impure_ptr
                0x00000000000112c4        0x4 /home/danielcrovo/intelFPGA_lite/21.1/nios2eds/bin/gnu/H-x86_64-pc-linux-gnu/bin/../lib/gcc/nios2-elf/11.2.1/../../../../../H-x86_64-pc-linux-gnu/nios2-elf/lib/mno-hw-mul/libc.a(lib_a-impure.o)
                0x00000000000112c4                _impure_ptr
 *(.sdata2 .sdata2.* .gnu.linkonce.s2.*)
                0x00000000000112c8                . = ALIGN (0x4)
                0x00000000000112c8                _edata = ABSOLUTE (.)
                [!provide]                        PROVIDE (edata = ABSOLUTE (.))
                0x00000000000112c8                PROVIDE (__ram_rwdata_end = ABSOLUTE (.))
                0x00000000000112c8                PROVIDE (__flash_rwdata_start = LOADADDR (.rwdata))

.bss            0x00000000000118b4       0x10
                0x00000000000118b4                __bss_start = ABSOLUTE (.)
                [!provide]                        PROVIDE (__sbss_start = ABSOLUTE (.))
                [!provide]                        PROVIDE (___sbss_start = ABSOLUTE (.))
 *(.dynsbss)
 *(.sbss .sbss.* .gnu.linkonce.sb.*)
 .sbss          0x00000000000118b4        0xc ../nios_2_bsp//libhal_bsp.a(alt_main.o)
                0x00000000000118b4                alt_argc
                0x00000000000118b8                alt_argv
                0x00000000000118bc                alt_envp
 .sbss.errno    0x00000000000118c0        0x4 /home/danielcrovo/intelFPGA_lite/21.1/nios2eds/bin/gnu/H-x86_64-pc-linux-gnu/bin/../lib/gcc/nios2-elf/11.2.1/../../../../../H-x86_64-pc-linux-gnu/nios2-elf/lib/mno-hw-mul/libc.a(lib_a-int_errno.o)
                0x00000000000118c0                errno
 *(.sbss2 .sbss2.* .gnu.linkonce.sb2.*)
 *(.scommon)
                [!provide]                        PROVIDE (__sbss_end = ABSOLUTE (.))
                [!provide]                        PROVIDE (___sbss_end = ABSOLUTE (.))
 *(.dynbss)
 *(.bss .bss.* .gnu.linkonce.b.*)
 .bss           0x00000000000118c4        0x0 ../nios_2_bsp//obj/HAL/src/crt0.o
 .bss           0x00000000000118c4        0x0 obj/default/hello_world.o
 .bss           0x00000000000118c4        0x0 /home/danielcrovo/intelFPGA_lite/21.1/nios2eds/bin/gnu/H-x86_64-pc-linux-gnu/bin/../lib/gcc/nios2-elf/11.2.1/mno-hw-mul/libgcc.a(lib2-mul.o)
 .bss           0x00000000000118c4        0x0 ../nios_2_bsp//libhal_bsp.a(alt_load.o)
 .bss           0x00000000000118c4        0x0 ../nios_2_bsp//libhal_bsp.a(alt_main.o)
 .bss           0x00000000000118c4        0x0 ../nios_2_bsp//libhal_bsp.a(alt_usleep.o)
 .bss           0x00000000000118c4        0x0 ../nios_2_bsp//libhal_bsp.a(alt_sys_init.o)
 .bss           0x00000000000118c4        0x0 ../nios_2_bsp//libhal_bsp.a(alt_busy_sleep.o)
 .bss           0x00000000000118c4        0x0 ../nios_2_bsp//libhal_bsp.a(alt_close.o)
 .bss           0x00000000000118c4        0x0 ../nios_2_bsp//libhal_bsp.a(alt_dcache_flush_all.o)
 .bss           0x00000000000118c4        0x0 ../nios_2_bsp//libhal_bsp.a(alt_dev.o)
 .bss           0x00000000000118c4        0x0 ../nios_2_bsp//libhal_bsp.a(alt_do_ctors.o)
 .bss           0x00000000000118c4        0x0 ../nios_2_bsp//libhal_bsp.a(alt_do_dtors.o)
 .bss           0x00000000000118c4        0x0 ../nios_2_bsp//libhal_bsp.a(alt_errno.o)
 .bss           0x00000000000118c4        0x0 ../nios_2_bsp//libhal_bsp.a(alt_icache_flush_all.o)
 .bss           0x00000000000118c4        0x0 ../nios_2_bsp//libhal_bsp.a(alt_release_fd.o)
 .bss           0x00000000000118c4        0x0 ../nios_2_bsp//libhal_bsp.a(altera_nios2_gen2_irq.o)
 .bss           0x00000000000118c4        0x0 /home/danielcrovo/intelFPGA_lite/21.1/nios2eds/bin/gnu/H-x86_64-pc-linux-gnu/bin/../lib/gcc/nios2-elf/11.2.1/../../../../../H-x86_64-pc-linux-gnu/nios2-elf/lib/mno-hw-mul/libc.a(lib_a-atexit.o)
 .bss           0x00000000000118c4        0x0 /home/danielcrovo/intelFPGA_lite/21.1/nios2eds/bin/gnu/H-x86_64-pc-linux-gnu/bin/../lib/gcc/nios2-elf/11.2.1/../../../../../H-x86_64-pc-linux-gnu/nios2-elf/lib/mno-hw-mul/libc.a(lib_a-exit.o)
 .bss           0x00000000000118c4        0x0 /home/danielcrovo/intelFPGA_lite/21.1/nios2eds/bin/gnu/H-x86_64-pc-linux-gnu/bin/../lib/gcc/nios2-elf/11.2.1/../../../../../H-x86_64-pc-linux-gnu/nios2-elf/lib/mno-hw-mul/libc.a(lib_a-impure.o)
 .bss           0x00000000000118c4        0x0 /home/danielcrovo/intelFPGA_lite/21.1/nios2eds/bin/gnu/H-x86_64-pc-linux-gnu/bin/../lib/gcc/nios2-elf/11.2.1/../../../../../H-x86_64-pc-linux-gnu/nios2-elf/lib/mno-hw-mul/libc.a(lib_a-int_errno.o)
 .bss           0x00000000000118c4        0x0 /home/danielcrovo/intelFPGA_lite/21.1/nios2eds/bin/gnu/H-x86_64-pc-linux-gnu/bin/../lib/gcc/nios2-elf/11.2.1/../../../../../H-x86_64-pc-linux-gnu/nios2-elf/lib/mno-hw-mul/libc.a(lib_a-__atexit.o)
 .bss           0x00000000000118c4        0x0 /home/danielcrovo/intelFPGA_lite/21.1/nios2eds/bin/gnu/H-x86_64-pc-linux-gnu/bin/../lib/gcc/nios2-elf/11.2.1/../../../../../H-x86_64-pc-linux-gnu/nios2-elf/lib/mno-hw-mul/libc.a(lib_a-__call_atexit.o)
 .bss           0x00000000000118c4        0x0 /home/danielcrovo/intelFPGA_lite/21.1/nios2eds/bin/gnu/H-x86_64-pc-linux-gnu/bin/../lib/gcc/nios2-elf/11.2.1/mno-hw-mul/libgcc.a(lib2-divmod.o)
 .bss           0x00000000000118c4        0x0 ../nios_2_bsp//libhal_bsp.a(alt_exit.o)
 *(COMMON)
                0x00000000000118c4                . = ALIGN (0x4)
                0x00000000000118c4                __bss_end = ABSOLUTE (.)

.onchip_mem     0x00000000000118c4        0x0
                [!provide]                        PROVIDE (_alt_partition_onchip_mem_start = ABSOLUTE (.))
 *(.onchip_mem .onchip_mem. onchip_mem.*)
                0x00000000000118c4                . = ALIGN (0x4)
                [!provide]                        PROVIDE (_alt_partition_onchip_mem_end = ABSOLUTE (.))
                0x00000000000118c4                _end = ABSOLUTE (.)
                0x00000000000118c4                end = ABSOLUTE (.)
                0x00000000000118c4                __alt_stack_base = ABSOLUTE (.)
                [!provide]                        PROVIDE (_alt_partition_onchip_mem_load_addr = LOADADDR (.onchip_mem))

.stab
 *(.stab)

.stabstr
 *(.stabstr)

.stab.excl
 *(.stab.excl)

.stab.exclstr
 *(.stab.exclstr)

.stab.index
 *(.stab.index)

.stab.indexstr
 *(.stab.indexstr)

.comment        0x0000000000000000       0x2d
 *(.comment)
 .comment       0x0000000000000000       0x2d obj/default/hello_world.o
                                         0x2e (size before relaxing)
 .comment       0x000000000000002d       0x2e /home/danielcrovo/intelFPGA_lite/21.1/nios2eds/bin/gnu/H-x86_64-pc-linux-gnu/bin/../lib/gcc/nios2-elf/11.2.1/mno-hw-mul/libgcc.a(lib2-mul.o)
 .comment       0x000000000000002d       0x2e ../nios_2_bsp//libhal_bsp.a(alt_load.o)
 .comment       0x000000000000002d       0x2e ../nios_2_bsp//libhal_bsp.a(alt_main.o)
 .comment       0x000000000000002d       0x2e ../nios_2_bsp//libhal_bsp.a(alt_usleep.o)
 .comment       0x000000000000002d       0x2e ../nios_2_bsp//libhal_bsp.a(alt_sys_init.o)
 .comment       0x000000000000002d       0x2e ../nios_2_bsp//libhal_bsp.a(alt_busy_sleep.o)
 .comment       0x000000000000002d       0x2e ../nios_2_bsp//libhal_bsp.a(alt_close.o)
 .comment       0x000000000000002d       0x2e ../nios_2_bsp//libhal_bsp.a(alt_dcache_flush_all.o)
 .comment       0x000000000000002d       0x2e ../nios_2_bsp//libhal_bsp.a(alt_dev.o)
 .comment       0x000000000000002d       0x2e ../nios_2_bsp//libhal_bsp.a(alt_do_ctors.o)
 .comment       0x000000000000002d       0x2e ../nios_2_bsp//libhal_bsp.a(alt_do_dtors.o)
 .comment       0x000000000000002d       0x2e ../nios_2_bsp//libhal_bsp.a(alt_errno.o)
 .comment       0x000000000000002d       0x2e ../nios_2_bsp//libhal_bsp.a(alt_icache_flush_all.o)
 .comment       0x000000000000002d       0x2e ../nios_2_bsp//libhal_bsp.a(alt_release_fd.o)
 .comment       0x000000000000002d       0x2e ../nios_2_bsp//libhal_bsp.a(altera_nios2_gen2_irq.o)
 .comment       0x000000000000002d       0x2e /home/danielcrovo/intelFPGA_lite/21.1/nios2eds/bin/gnu/H-x86_64-pc-linux-gnu/bin/../lib/gcc/nios2-elf/11.2.1/../../../../../H-x86_64-pc-linux-gnu/nios2-elf/lib/mno-hw-mul/libc.a(lib_a-atexit.o)
 .comment       0x000000000000002d       0x2e /home/danielcrovo/intelFPGA_lite/21.1/nios2eds/bin/gnu/H-x86_64-pc-linux-gnu/bin/../lib/gcc/nios2-elf/11.2.1/../../../../../H-x86_64-pc-linux-gnu/nios2-elf/lib/mno-hw-mul/libc.a(lib_a-exit.o)
 .comment       0x000000000000002d       0x2e /home/danielcrovo/intelFPGA_lite/21.1/nios2eds/bin/gnu/H-x86_64-pc-linux-gnu/bin/../lib/gcc/nios2-elf/11.2.1/../../../../../H-x86_64-pc-linux-gnu/nios2-elf/lib/mno-hw-mul/libc.a(lib_a-impure.o)
 .comment       0x000000000000002d       0x2e /home/danielcrovo/intelFPGA_lite/21.1/nios2eds/bin/gnu/H-x86_64-pc-linux-gnu/bin/../lib/gcc/nios2-elf/11.2.1/../../../../../H-x86_64-pc-linux-gnu/nios2-elf/lib/mno-hw-mul/libc.a(lib_a-int_errno.o)
 .comment       0x000000000000002d       0x2e /home/danielcrovo/intelFPGA_lite/21.1/nios2eds/bin/gnu/H-x86_64-pc-linux-gnu/bin/../lib/gcc/nios2-elf/11.2.1/../../../../../H-x86_64-pc-linux-gnu/nios2-elf/lib/mno-hw-mul/libc.a(lib_a-__atexit.o)
 .comment       0x000000000000002d       0x2e /home/danielcrovo/intelFPGA_lite/21.1/nios2eds/bin/gnu/H-x86_64-pc-linux-gnu/bin/../lib/gcc/nios2-elf/11.2.1/../../../../../H-x86_64-pc-linux-gnu/nios2-elf/lib/mno-hw-mul/libc.a(lib_a-__call_atexit.o)
 .comment       0x000000000000002d       0x2e /home/danielcrovo/intelFPGA_lite/21.1/nios2eds/bin/gnu/H-x86_64-pc-linux-gnu/bin/../lib/gcc/nios2-elf/11.2.1/mno-hw-mul/libgcc.a(lib2-divmod.o)
 .comment       0x000000000000002d       0x2e ../nios_2_bsp//libhal_bsp.a(alt_exit.o)

.debug
 *(.debug)

.line
 *(.line)

.debug_srcinfo
 *(.debug_srcinfo)

.debug_sfnames
 *(.debug_sfnames)

.debug_aranges  0x0000000000000000      0x310
 *(.debug_aranges)
 .debug_aranges
                0x0000000000000000       0x28 ../nios_2_bsp//obj/HAL/src/crt0.o
 .debug_aranges
                0x0000000000000028       0x20 obj/default/hello_world.o
 .debug_aranges
                0x0000000000000048       0x20 /home/danielcrovo/intelFPGA_lite/21.1/nios2eds/bin/gnu/H-x86_64-pc-linux-gnu/bin/../lib/gcc/nios2-elf/11.2.1/mno-hw-mul/libgcc.a(lib2-mul.o)
 .debug_aranges
                0x0000000000000068       0x20 ../nios_2_bsp//libhal_bsp.a(alt_load.o)
 .debug_aranges
                0x0000000000000088       0x20 ../nios_2_bsp//libhal_bsp.a(alt_main.o)
 .debug_aranges
                0x00000000000000a8       0x20 ../nios_2_bsp//libhal_bsp.a(alt_usleep.o)
 .debug_aranges
                0x00000000000000c8       0x20 ../nios_2_bsp//libhal_bsp.a(alt_sys_init.o)
 .debug_aranges
                0x00000000000000e8       0x20 ../nios_2_bsp//libhal_bsp.a(alt_busy_sleep.o)
 .debug_aranges
                0x0000000000000108       0x20 ../nios_2_bsp//libhal_bsp.a(alt_close.o)
 .debug_aranges
                0x0000000000000128       0x20 ../nios_2_bsp//libhal_bsp.a(alt_dcache_flush_all.o)
 .debug_aranges
                0x0000000000000148       0x20 ../nios_2_bsp//libhal_bsp.a(alt_dev.o)
 .debug_aranges
                0x0000000000000168       0x20 ../nios_2_bsp//libhal_bsp.a(alt_do_ctors.o)
 .debug_aranges
                0x0000000000000188       0x20 ../nios_2_bsp//libhal_bsp.a(alt_do_dtors.o)
 .debug_aranges
                0x00000000000001a8       0x18 ../nios_2_bsp//libhal_bsp.a(alt_errno.o)
 .debug_aranges
                0x00000000000001c0       0x20 ../nios_2_bsp//libhal_bsp.a(alt_icache_flush_all.o)
 .debug_aranges
                0x00000000000001e0       0x20 ../nios_2_bsp//libhal_bsp.a(alt_release_fd.o)
 .debug_aranges
                0x0000000000000200       0x20 ../nios_2_bsp//libhal_bsp.a(altera_nios2_gen2_irq.o)
 .debug_aranges
                0x0000000000000220       0x20 /home/danielcrovo/intelFPGA_lite/21.1/nios2eds/bin/gnu/H-x86_64-pc-linux-gnu/bin/../lib/gcc/nios2-elf/11.2.1/../../../../../H-x86_64-pc-linux-gnu/nios2-elf/lib/mno-hw-mul/libc.a(lib_a-atexit.o)
 .debug_aranges
                0x0000000000000240       0x20 /home/danielcrovo/intelFPGA_lite/21.1/nios2eds/bin/gnu/H-x86_64-pc-linux-gnu/bin/../lib/gcc/nios2-elf/11.2.1/../../../../../H-x86_64-pc-linux-gnu/nios2-elf/lib/mno-hw-mul/libc.a(lib_a-exit.o)
 .debug_aranges
                0x0000000000000260       0x18 /home/danielcrovo/intelFPGA_lite/21.1/nios2eds/bin/gnu/H-x86_64-pc-linux-gnu/bin/../lib/gcc/nios2-elf/11.2.1/../../../../../H-x86_64-pc-linux-gnu/nios2-elf/lib/mno-hw-mul/libc.a(lib_a-impure.o)
 .debug_aranges
                0x0000000000000278       0x18 /home/danielcrovo/intelFPGA_lite/21.1/nios2eds/bin/gnu/H-x86_64-pc-linux-gnu/bin/../lib/gcc/nios2-elf/11.2.1/../../../../../H-x86_64-pc-linux-gnu/nios2-elf/lib/mno-hw-mul/libc.a(lib_a-int_errno.o)
 .debug_aranges
                0x0000000000000290       0x20 /home/danielcrovo/intelFPGA_lite/21.1/nios2eds/bin/gnu/H-x86_64-pc-linux-gnu/bin/../lib/gcc/nios2-elf/11.2.1/../../../../../H-x86_64-pc-linux-gnu/nios2-elf/lib/mno-hw-mul/libc.a(lib_a-__atexit.o)
 .debug_aranges
                0x00000000000002b0       0x20 /home/danielcrovo/intelFPGA_lite/21.1/nios2eds/bin/gnu/H-x86_64-pc-linux-gnu/bin/../lib/gcc/nios2-elf/11.2.1/../../../../../H-x86_64-pc-linux-gnu/nios2-elf/lib/mno-hw-mul/libc.a(lib_a-__call_atexit.o)
 .debug_aranges
                0x00000000000002d0       0x20 /home/danielcrovo/intelFPGA_lite/21.1/nios2eds/bin/gnu/H-x86_64-pc-linux-gnu/bin/../lib/gcc/nios2-elf/11.2.1/mno-hw-mul/libgcc.a(lib2-divmod.o)
 .debug_aranges
                0x00000000000002f0       0x20 ../nios_2_bsp//libhal_bsp.a(alt_exit.o)

.debug_pubnames
 *(.debug_pubnames)

.debug_info     0x0000000000000000     0x40f9
 *(.debug_info .gnu.linkonce.wi.*)
 .debug_info    0x0000000000000000       0x22 ../nios_2_bsp//obj/HAL/src/crt0.o
 .debug_info    0x0000000000000022      0x1ed obj/default/hello_world.o
 .debug_info    0x000000000000020f       0xc4 /home/danielcrovo/intelFPGA_lite/21.1/nios2eds/bin/gnu/H-x86_64-pc-linux-gnu/bin/../lib/gcc/nios2-elf/11.2.1/mno-hw-mul/libgcc.a(lib2-mul.o)
 .debug_info    0x00000000000002d3      0x144 ../nios_2_bsp//libhal_bsp.a(alt_load.o)
 .debug_info    0x0000000000000417      0x179 ../nios_2_bsp//libhal_bsp.a(alt_main.o)
 .debug_info    0x0000000000000590       0xce ../nios_2_bsp//libhal_bsp.a(alt_usleep.o)
 .debug_info    0x000000000000065e       0xdb ../nios_2_bsp//libhal_bsp.a(alt_sys_init.o)
 .debug_info    0x0000000000000739       0xd5 ../nios_2_bsp//libhal_bsp.a(alt_busy_sleep.o)
 .debug_info    0x000000000000080e      0x32f ../nios_2_bsp//libhal_bsp.a(alt_close.o)
 .debug_info    0x0000000000000b3d       0x8d ../nios_2_bsp//libhal_bsp.a(alt_dcache_flush_all.o)
 .debug_info    0x0000000000000bca      0x567 ../nios_2_bsp//libhal_bsp.a(alt_dev.o)
 .debug_info    0x0000000000001131       0x83 ../nios_2_bsp//libhal_bsp.a(alt_do_ctors.o)
 .debug_info    0x00000000000011b4       0x83 ../nios_2_bsp//libhal_bsp.a(alt_do_dtors.o)
 .debug_info    0x0000000000001237       0xa8 ../nios_2_bsp//libhal_bsp.a(alt_errno.o)
 .debug_info    0x00000000000012df       0x8d ../nios_2_bsp//libhal_bsp.a(alt_icache_flush_all.o)
 .debug_info    0x000000000000136c      0x2ac ../nios_2_bsp//libhal_bsp.a(alt_release_fd.o)
 .debug_info    0x0000000000001618       0x8d ../nios_2_bsp//libhal_bsp.a(altera_nios2_gen2_irq.o)
 .debug_info    0x00000000000016a5      0x118 /home/danielcrovo/intelFPGA_lite/21.1/nios2eds/bin/gnu/H-x86_64-pc-linux-gnu/bin/../lib/gcc/nios2-elf/11.2.1/../../../../../H-x86_64-pc-linux-gnu/nios2-elf/lib/mno-hw-mul/libc.a(lib_a-atexit.o)
 .debug_info    0x00000000000017bd      0x90e /home/danielcrovo/intelFPGA_lite/21.1/nios2eds/bin/gnu/H-x86_64-pc-linux-gnu/bin/../lib/gcc/nios2-elf/11.2.1/../../../../../H-x86_64-pc-linux-gnu/nios2-elf/lib/mno-hw-mul/libc.a(lib_a-exit.o)
 .debug_info    0x00000000000020cb      0x8c0 /home/danielcrovo/intelFPGA_lite/21.1/nios2eds/bin/gnu/H-x86_64-pc-linux-gnu/bin/../lib/gcc/nios2-elf/11.2.1/../../../../../H-x86_64-pc-linux-gnu/nios2-elf/lib/mno-hw-mul/libc.a(lib_a-impure.o)
 .debug_info    0x000000000000298b       0x85 /home/danielcrovo/intelFPGA_lite/21.1/nios2eds/bin/gnu/H-x86_64-pc-linux-gnu/bin/../lib/gcc/nios2-elf/11.2.1/../../../../../H-x86_64-pc-linux-gnu/nios2-elf/lib/mno-hw-mul/libc.a(lib_a-int_errno.o)
 .debug_info    0x0000000000002a10      0x93f /home/danielcrovo/intelFPGA_lite/21.1/nios2eds/bin/gnu/H-x86_64-pc-linux-gnu/bin/../lib/gcc/nios2-elf/11.2.1/../../../../../H-x86_64-pc-linux-gnu/nios2-elf/lib/mno-hw-mul/libc.a(lib_a-__atexit.o)
 .debug_info    0x000000000000334f      0x981 /home/danielcrovo/intelFPGA_lite/21.1/nios2eds/bin/gnu/H-x86_64-pc-linux-gnu/bin/../lib/gcc/nios2-elf/11.2.1/../../../../../H-x86_64-pc-linux-gnu/nios2-elf/lib/mno-hw-mul/libc.a(lib_a-__call_atexit.o)
 .debug_info    0x0000000000003cd0      0x347 /home/danielcrovo/intelFPGA_lite/21.1/nios2eds/bin/gnu/H-x86_64-pc-linux-gnu/bin/../lib/gcc/nios2-elf/11.2.1/mno-hw-mul/libgcc.a(lib2-divmod.o)
 .debug_info    0x0000000000004017       0xe2 ../nios_2_bsp//libhal_bsp.a(alt_exit.o)

.debug_abbrev   0x0000000000000000     0x1657
 *(.debug_abbrev)
 .debug_abbrev  0x0000000000000000       0x12 ../nios_2_bsp//obj/HAL/src/crt0.o
 .debug_abbrev  0x0000000000000012      0x137 obj/default/hello_world.o
 .debug_abbrev  0x0000000000000149       0x80 /home/danielcrovo/intelFPGA_lite/21.1/nios2eds/bin/gnu/H-x86_64-pc-linux-gnu/bin/../lib/gcc/nios2-elf/11.2.1/mno-hw-mul/libgcc.a(lib2-mul.o)
 .debug_abbrev  0x00000000000001c9       0xc2 ../nios_2_bsp//libhal_bsp.a(alt_load.o)
 .debug_abbrev  0x000000000000028b       0xf3 ../nios_2_bsp//libhal_bsp.a(alt_main.o)
 .debug_abbrev  0x000000000000037e       0x83 ../nios_2_bsp//libhal_bsp.a(alt_usleep.o)
 .debug_abbrev  0x0000000000000401       0xb2 ../nios_2_bsp//libhal_bsp.a(alt_sys_init.o)
 .debug_abbrev  0x00000000000004b3       0x88 ../nios_2_bsp//libhal_bsp.a(alt_busy_sleep.o)
 .debug_abbrev  0x000000000000053b      0x147 ../nios_2_bsp//libhal_bsp.a(alt_close.o)
 .debug_abbrev  0x0000000000000682       0x43 ../nios_2_bsp//libhal_bsp.a(alt_dcache_flush_all.o)
 .debug_abbrev  0x00000000000006c5      0x11b ../nios_2_bsp//libhal_bsp.a(alt_dev.o)
 .debug_abbrev  0x00000000000007e0       0x83 ../nios_2_bsp//libhal_bsp.a(alt_do_ctors.o)
 .debug_abbrev  0x0000000000000863       0x83 ../nios_2_bsp//libhal_bsp.a(alt_do_dtors.o)
 .debug_abbrev  0x00000000000008e6       0x70 ../nios_2_bsp//libhal_bsp.a(alt_errno.o)
 .debug_abbrev  0x0000000000000956       0x43 ../nios_2_bsp//libhal_bsp.a(alt_icache_flush_all.o)
 .debug_abbrev  0x0000000000000999       0xea ../nios_2_bsp//libhal_bsp.a(alt_release_fd.o)
 .debug_abbrev  0x0000000000000a83       0x43 ../nios_2_bsp//libhal_bsp.a(altera_nios2_gen2_irq.o)
 .debug_abbrev  0x0000000000000ac6       0xc1 /home/danielcrovo/intelFPGA_lite/21.1/nios2eds/bin/gnu/H-x86_64-pc-linux-gnu/bin/../lib/gcc/nios2-elf/11.2.1/../../../../../H-x86_64-pc-linux-gnu/nios2-elf/lib/mno-hw-mul/libc.a(lib_a-atexit.o)
 .debug_abbrev  0x0000000000000b87      0x23e /home/danielcrovo/intelFPGA_lite/21.1/nios2eds/bin/gnu/H-x86_64-pc-linux-gnu/bin/../lib/gcc/nios2-elf/11.2.1/../../../../../H-x86_64-pc-linux-gnu/nios2-elf/lib/mno-hw-mul/libc.a(lib_a-exit.o)
 .debug_abbrev  0x0000000000000dc5      0x1db /home/danielcrovo/intelFPGA_lite/21.1/nios2eds/bin/gnu/H-x86_64-pc-linux-gnu/bin/../lib/gcc/nios2-elf/11.2.1/../../../../../H-x86_64-pc-linux-gnu/nios2-elf/lib/mno-hw-mul/libc.a(lib_a-impure.o)
 .debug_abbrev  0x0000000000000fa0       0x39 /home/danielcrovo/intelFPGA_lite/21.1/nios2eds/bin/gnu/H-x86_64-pc-linux-gnu/bin/../lib/gcc/nios2-elf/11.2.1/../../../../../H-x86_64-pc-linux-gnu/nios2-elf/lib/mno-hw-mul/libc.a(lib_a-int_errno.o)
 .debug_abbrev  0x0000000000000fd9      0x261 /home/danielcrovo/intelFPGA_lite/21.1/nios2eds/bin/gnu/H-x86_64-pc-linux-gnu/bin/../lib/gcc/nios2-elf/11.2.1/../../../../../H-x86_64-pc-linux-gnu/nios2-elf/lib/mno-hw-mul/libc.a(lib_a-__atexit.o)
 .debug_abbrev  0x000000000000123a      0x266 /home/danielcrovo/intelFPGA_lite/21.1/nios2eds/bin/gnu/H-x86_64-pc-linux-gnu/bin/../lib/gcc/nios2-elf/11.2.1/../../../../../H-x86_64-pc-linux-gnu/nios2-elf/lib/mno-hw-mul/libc.a(lib_a-__call_atexit.o)
 .debug_abbrev  0x00000000000014a0      0x10c /home/danielcrovo/intelFPGA_lite/21.1/nios2eds/bin/gnu/H-x86_64-pc-linux-gnu/bin/../lib/gcc/nios2-elf/11.2.1/mno-hw-mul/libgcc.a(lib2-divmod.o)
 .debug_abbrev  0x00000000000015ac       0xab ../nios_2_bsp//libhal_bsp.a(alt_exit.o)

.debug_line     0x0000000000000000     0x108b
 *(.debug_line)
 .debug_line    0x0000000000000000       0x66 ../nios_2_bsp//obj/HAL/src/crt0.o
 .debug_line    0x0000000000000066      0x12f obj/default/hello_world.o
 .debug_line    0x0000000000000195       0x88 /home/danielcrovo/intelFPGA_lite/21.1/nios2eds/bin/gnu/H-x86_64-pc-linux-gnu/bin/../lib/gcc/nios2-elf/11.2.1/mno-hw-mul/libgcc.a(lib2-mul.o)
 .debug_line    0x000000000000021d       0x8f ../nios_2_bsp//libhal_bsp.a(alt_load.o)
 .debug_line    0x00000000000002ac       0x8c ../nios_2_bsp//libhal_bsp.a(alt_main.o)
 .debug_line    0x0000000000000338       0x6e ../nios_2_bsp//libhal_bsp.a(alt_usleep.o)
 .debug_line    0x00000000000003a6       0x75 ../nios_2_bsp//libhal_bsp.a(alt_sys_init.o)
 .debug_line    0x000000000000041b       0xd2 ../nios_2_bsp//libhal_bsp.a(alt_busy_sleep.o)
 .debug_line    0x00000000000004ed      0x117 ../nios_2_bsp//libhal_bsp.a(alt_close.o)
 .debug_line    0x0000000000000604       0x4e ../nios_2_bsp//libhal_bsp.a(alt_dcache_flush_all.o)
 .debug_line    0x0000000000000652       0x99 ../nios_2_bsp//libhal_bsp.a(alt_dev.o)
 .debug_line    0x00000000000006eb       0x69 ../nios_2_bsp//libhal_bsp.a(alt_do_ctors.o)
 .debug_line    0x0000000000000754       0x69 ../nios_2_bsp//libhal_bsp.a(alt_do_dtors.o)
 .debug_line    0x00000000000007bd       0x4c ../nios_2_bsp//libhal_bsp.a(alt_errno.o)
 .debug_line    0x0000000000000809       0x4c ../nios_2_bsp//libhal_bsp.a(alt_icache_flush_all.o)
 .debug_line    0x0000000000000855       0x77 ../nios_2_bsp//libhal_bsp.a(alt_release_fd.o)
 .debug_line    0x00000000000008cc       0x51 ../nios_2_bsp//libhal_bsp.a(altera_nios2_gen2_irq.o)
 .debug_line    0x000000000000091d       0x65 /home/danielcrovo/intelFPGA_lite/21.1/nios2eds/bin/gnu/H-x86_64-pc-linux-gnu/bin/../lib/gcc/nios2-elf/11.2.1/../../../../../H-x86_64-pc-linux-gnu/nios2-elf/lib/mno-hw-mul/libc.a(lib_a-atexit.o)
 .debug_line    0x0000000000000982       0xa6 /home/danielcrovo/intelFPGA_lite/21.1/nios2eds/bin/gnu/H-x86_64-pc-linux-gnu/bin/../lib/gcc/nios2-elf/11.2.1/../../../../../H-x86_64-pc-linux-gnu/nios2-elf/lib/mno-hw-mul/libc.a(lib_a-exit.o)
 .debug_line    0x0000000000000a28       0x56 /home/danielcrovo/intelFPGA_lite/21.1/nios2eds/bin/gnu/H-x86_64-pc-linux-gnu/bin/../lib/gcc/nios2-elf/11.2.1/../../../../../H-x86_64-pc-linux-gnu/nios2-elf/lib/mno-hw-mul/libc.a(lib_a-impure.o)
 .debug_line    0x0000000000000a7e       0x3a /home/danielcrovo/intelFPGA_lite/21.1/nios2eds/bin/gnu/H-x86_64-pc-linux-gnu/bin/../lib/gcc/nios2-elf/11.2.1/../../../../../H-x86_64-pc-linux-gnu/nios2-elf/lib/mno-hw-mul/libc.a(lib_a-int_errno.o)
 .debug_line    0x0000000000000ab8      0x100 /home/danielcrovo/intelFPGA_lite/21.1/nios2eds/bin/gnu/H-x86_64-pc-linux-gnu/bin/../lib/gcc/nios2-elf/11.2.1/../../../../../H-x86_64-pc-linux-gnu/nios2-elf/lib/mno-hw-mul/libc.a(lib_a-__atexit.o)
 .debug_line    0x0000000000000bb8      0x17f /home/danielcrovo/intelFPGA_lite/21.1/nios2eds/bin/gnu/H-x86_64-pc-linux-gnu/bin/../lib/gcc/nios2-elf/11.2.1/../../../../../H-x86_64-pc-linux-gnu/nios2-elf/lib/mno-hw-mul/libc.a(lib_a-__call_atexit.o)
 .debug_line    0x0000000000000d37      0x2da /home/danielcrovo/intelFPGA_lite/21.1/nios2eds/bin/gnu/H-x86_64-pc-linux-gnu/bin/../lib/gcc/nios2-elf/11.2.1/mno-hw-mul/libgcc.a(lib2-divmod.o)
 .debug_line    0x0000000000001011       0x7a ../nios_2_bsp//libhal_bsp.a(alt_exit.o)

.debug_frame    0x0000000000000000      0x51c
 *(.debug_frame)
 .debug_frame   0x0000000000000000       0x9c obj/default/hello_world.o
 .debug_frame   0x000000000000009c       0x20 /home/danielcrovo/intelFPGA_lite/21.1/nios2eds/bin/gnu/H-x86_64-pc-linux-gnu/bin/../lib/gcc/nios2-elf/11.2.1/mno-hw-mul/libgcc.a(lib2-mul.o)
 .debug_frame   0x00000000000000bc       0x5c ../nios_2_bsp//libhal_bsp.a(alt_load.o)
 .debug_frame   0x0000000000000118       0x2c ../nios_2_bsp//libhal_bsp.a(alt_main.o)
 .debug_frame   0x0000000000000144       0x38 ../nios_2_bsp//libhal_bsp.a(alt_usleep.o)
 .debug_frame   0x000000000000017c       0x5c ../nios_2_bsp//libhal_bsp.a(alt_sys_init.o)
 .debug_frame   0x00000000000001d8       0x38 ../nios_2_bsp//libhal_bsp.a(alt_busy_sleep.o)
 .debug_frame   0x0000000000000210       0x60 ../nios_2_bsp//libhal_bsp.a(alt_close.o)
 .debug_frame   0x0000000000000270       0x34 ../nios_2_bsp//libhal_bsp.a(alt_dcache_flush_all.o)
 .debug_frame   0x00000000000002a4       0x34 ../nios_2_bsp//libhal_bsp.a(alt_dev.o)
 .debug_frame   0x00000000000002d8       0x38 ../nios_2_bsp//libhal_bsp.a(alt_do_ctors.o)
 .debug_frame   0x0000000000000310       0x38 ../nios_2_bsp//libhal_bsp.a(alt_do_dtors.o)
 .debug_frame   0x0000000000000348       0x34 ../nios_2_bsp//libhal_bsp.a(alt_icache_flush_all.o)
 .debug_frame   0x000000000000037c       0x34 ../nios_2_bsp//libhal_bsp.a(alt_release_fd.o)
 .debug_frame   0x00000000000003b0       0x34 ../nios_2_bsp//libhal_bsp.a(altera_nios2_gen2_irq.o)
 .debug_frame   0x00000000000003e4       0x20 /home/danielcrovo/intelFPGA_lite/21.1/nios2eds/bin/gnu/H-x86_64-pc-linux-gnu/bin/../lib/gcc/nios2-elf/11.2.1/../../../../../H-x86_64-pc-linux-gnu/nios2-elf/lib/mno-hw-mul/libc.a(lib_a-atexit.o)
 .debug_frame   0x0000000000000404       0x28 /home/danielcrovo/intelFPGA_lite/21.1/nios2eds/bin/gnu/H-x86_64-pc-linux-gnu/bin/../lib/gcc/nios2-elf/11.2.1/../../../../../H-x86_64-pc-linux-gnu/nios2-elf/lib/mno-hw-mul/libc.a(lib_a-exit.o)
 .debug_frame   0x000000000000042c       0x20 /home/danielcrovo/intelFPGA_lite/21.1/nios2eds/bin/gnu/H-x86_64-pc-linux-gnu/bin/../lib/gcc/nios2-elf/11.2.1/../../../../../H-x86_64-pc-linux-gnu/nios2-elf/lib/mno-hw-mul/libc.a(lib_a-__atexit.o)
 .debug_frame   0x000000000000044c       0x54 /home/danielcrovo/intelFPGA_lite/21.1/nios2eds/bin/gnu/H-x86_64-pc-linux-gnu/bin/../lib/gcc/nios2-elf/11.2.1/../../../../../H-x86_64-pc-linux-gnu/nios2-elf/lib/mno-hw-mul/libc.a(lib_a-__call_atexit.o)
 .debug_frame   0x00000000000004a0       0x50 /home/danielcrovo/intelFPGA_lite/21.1/nios2eds/bin/gnu/H-x86_64-pc-linux-gnu/bin/../lib/gcc/nios2-elf/11.2.1/mno-hw-mul/libgcc.a(lib2-divmod.o)
 .debug_frame   0x00000000000004f0       0x2c ../nios_2_bsp//libhal_bsp.a(alt_exit.o)

.debug_str      0x0000000000000000      0xb24
 *(.debug_str)
 .debug_str     0x0000000000000000       0x80 ../nios_2_bsp//obj/HAL/src/crt0.o
 .debug_str     0x0000000000000080      0x10b obj/default/hello_world.o
                                        0x14e (size before relaxing)
 .debug_str     0x000000000000018b       0x9b /home/danielcrovo/intelFPGA_lite/21.1/nios2eds/bin/gnu/H-x86_64-pc-linux-gnu/bin/../lib/gcc/nios2-elf/11.2.1/mno-hw-mul/libgcc.a(lib2-mul.o)
                                         0xe6 (size before relaxing)
 .debug_str     0x0000000000000226      0x100 ../nios_2_bsp//libhal_bsp.a(alt_load.o)
                                        0x1f0 (size before relaxing)
 .debug_str     0x0000000000000326       0x5f ../nios_2_bsp//libhal_bsp.a(alt_main.o)
                                        0x165 (size before relaxing)
 .debug_str     0x0000000000000385       0x1c ../nios_2_bsp//libhal_bsp.a(alt_usleep.o)
                                        0x116 (size before relaxing)
 .debug_str     0x00000000000003a1       0x39 ../nios_2_bsp//libhal_bsp.a(alt_sys_init.o)
                                        0x140 (size before relaxing)
 .debug_str     0x00000000000003da       0x1a ../nios_2_bsp//libhal_bsp.a(alt_busy_sleep.o)
                                        0x119 (size before relaxing)
 .debug_str     0x00000000000003f4       0xaa ../nios_2_bsp//libhal_bsp.a(alt_close.o)
                                        0x1c0 (size before relaxing)
 .debug_str     0x000000000000049e       0xfd ../nios_2_bsp//libhal_bsp.a(alt_dcache_flush_all.o)
 .debug_str     0x000000000000049e      0x14b ../nios_2_bsp//libhal_bsp.a(alt_dev.o)
                                        0x319 (size before relaxing)
 .debug_str     0x00000000000005e9       0x27 ../nios_2_bsp//libhal_bsp.a(alt_do_ctors.o)
                                         0x89 (size before relaxing)
 .debug_str     0x0000000000000610       0x2b ../nios_2_bsp//libhal_bsp.a(alt_do_dtors.o)
                                         0x88 (size before relaxing)
 .debug_str     0x000000000000063b        0x8 ../nios_2_bsp//libhal_bsp.a(alt_errno.o)
                                         0xfa (size before relaxing)
 .debug_str     0x0000000000000643       0xfd ../nios_2_bsp//libhal_bsp.a(alt_icache_flush_all.o)
 .debug_str     0x0000000000000643      0x17d ../nios_2_bsp//libhal_bsp.a(alt_release_fd.o)
 .debug_str     0x0000000000000643      0x103 ../nios_2_bsp//libhal_bsp.a(altera_nios2_gen2_irq.o)
 .debug_str     0x0000000000000643       0xad /home/danielcrovo/intelFPGA_lite/21.1/nios2eds/bin/gnu/H-x86_64-pc-linux-gnu/bin/../lib/gcc/nios2-elf/11.2.1/../../../../../H-x86_64-pc-linux-gnu/nios2-elf/lib/mno-hw-mul/libc.a(lib_a-atexit.o)
                                        0x149 (size before relaxing)
 .debug_str     0x00000000000006f0      0x3a5 /home/danielcrovo/intelFPGA_lite/21.1/nios2eds/bin/gnu/H-x86_64-pc-linux-gnu/bin/../lib/gcc/nios2-elf/11.2.1/../../../../../H-x86_64-pc-linux-gnu/nios2-elf/lib/mno-hw-mul/libc.a(lib_a-exit.o)
                                        0x4f2 (size before relaxing)
 .debug_str     0x0000000000000a95        0xc /home/danielcrovo/intelFPGA_lite/21.1/nios2eds/bin/gnu/H-x86_64-pc-linux-gnu/bin/../lib/gcc/nios2-elf/11.2.1/../../../../../H-x86_64-pc-linux-gnu/nios2-elf/lib/mno-hw-mul/libc.a(lib_a-impure.o)
                                        0x4e9 (size before relaxing)
 .debug_str     0x0000000000000aa1      0x104 /home/danielcrovo/intelFPGA_lite/21.1/nios2eds/bin/gnu/H-x86_64-pc-linux-gnu/bin/../lib/gcc/nios2-elf/11.2.1/../../../../../H-x86_64-pc-linux-gnu/nios2-elf/lib/mno-hw-mul/libc.a(lib_a-int_errno.o)
 .debug_str     0x0000000000000aa1        0xc /home/danielcrovo/intelFPGA_lite/21.1/nios2eds/bin/gnu/H-x86_64-pc-linux-gnu/bin/../lib/gcc/nios2-elf/11.2.1/../../../../../H-x86_64-pc-linux-gnu/nios2-elf/lib/mno-hw-mul/libc.a(lib_a-__atexit.o)
                                        0x51f (size before relaxing)
 .debug_str     0x0000000000000aa1       0x27 /home/danielcrovo/intelFPGA_lite/21.1/nios2eds/bin/gnu/H-x86_64-pc-linux-gnu/bin/../lib/gcc/nios2-elf/11.2.1/../../../../../H-x86_64-pc-linux-gnu/nios2-elf/lib/mno-hw-mul/libc.a(lib_a-__call_atexit.o)
                                        0x513 (size before relaxing)
 .debug_str     0x0000000000000ac8       0x45 /home/danielcrovo/intelFPGA_lite/21.1/nios2eds/bin/gnu/H-x86_64-pc-linux-gnu/bin/../lib/gcc/nios2-elf/11.2.1/mno-hw-mul/libgcc.a(lib2-divmod.o)
                                        0x122 (size before relaxing)
 .debug_str     0x0000000000000b0d       0x17 ../nios_2_bsp//libhal_bsp.a(alt_exit.o)
                                        0x105 (size before relaxing)

.debug_loc
 *(.debug_loc)

.debug_macinfo
 *(.debug_macinfo)

.debug_weaknames
 *(.debug_weaknames)

.debug_funcnames
 *(.debug_funcnames)

.debug_typenames
 *(.debug_typenames)

.debug_varnames
 *(.debug_varnames)

.debug_alt_sim_info
                0x0000000000000000       0x40
 *(.debug_alt_sim_info)
 .debug_alt_sim_info
                0x0000000000000000       0x10 ../nios_2_bsp//obj/HAL/src/crt0.o
 .debug_alt_sim_info
                0x0000000000000010       0x30 ../nios_2_bsp//libhal_bsp.a(alt_busy_sleep.o)
                0x000000000001a000                __alt_data_end = 0x1a000
                0x000000000001a000                PROVIDE (__alt_stack_pointer = __alt_data_end)
                [!provide]                        PROVIDE (__alt_stack_limit = __alt_stack_base)
                [!provide]                        PROVIDE (__alt_heap_start = end)
                [!provide]                        PROVIDE (__alt_heap_limit = 0x1a000)
OUTPUT(nios_2.elf elf32-littlenios2)
LOAD linker stubs

.debug_ranges   0x0000000000000000       0x20
 .debug_ranges  0x0000000000000000       0x20 ../nios_2_bsp//obj/HAL/src/crt0.o

.debug_rnglists
                0x0000000000000000       0xd0
 .debug_rnglists
                0x0000000000000000       0x2d obj/default/hello_world.o
 .debug_rnglists
                0x000000000000002d       0x13 /home/danielcrovo/intelFPGA_lite/21.1/nios2eds/bin/gnu/H-x86_64-pc-linux-gnu/bin/../lib/gcc/nios2-elf/11.2.1/../../../../../H-x86_64-pc-linux-gnu/nios2-elf/lib/mno-hw-mul/libc.a(lib_a-atexit.o)
 .debug_rnglists
                0x0000000000000040       0x13 /home/danielcrovo/intelFPGA_lite/21.1/nios2eds/bin/gnu/H-x86_64-pc-linux-gnu/bin/../lib/gcc/nios2-elf/11.2.1/../../../../../H-x86_64-pc-linux-gnu/nios2-elf/lib/mno-hw-mul/libc.a(lib_a-exit.o)
 .debug_rnglists
                0x0000000000000053       0x14 /home/danielcrovo/intelFPGA_lite/21.1/nios2eds/bin/gnu/H-x86_64-pc-linux-gnu/bin/../lib/gcc/nios2-elf/11.2.1/../../../../../H-x86_64-pc-linux-gnu/nios2-elf/lib/mno-hw-mul/libc.a(lib_a-__atexit.o)
 .debug_rnglists
                0x0000000000000067       0x2a /home/danielcrovo/intelFPGA_lite/21.1/nios2eds/bin/gnu/H-x86_64-pc-linux-gnu/bin/../lib/gcc/nios2-elf/11.2.1/../../../../../H-x86_64-pc-linux-gnu/nios2-elf/lib/mno-hw-mul/libc.a(lib_a-__call_atexit.o)
 .debug_rnglists
                0x0000000000000091       0x3f /home/danielcrovo/intelFPGA_lite/21.1/nios2eds/bin/gnu/H-x86_64-pc-linux-gnu/bin/../lib/gcc/nios2-elf/11.2.1/mno-hw-mul/libgcc.a(lib2-divmod.o)

.debug_line_str
                0x0000000000000000      0xa21
 .debug_line_str
                0x0000000000000000       0x8f obj/default/hello_world.o
                                        0x109 (size before relaxing)
 .debug_line_str
                0x000000000000008f       0xf8 /home/danielcrovo/intelFPGA_lite/21.1/nios2eds/bin/gnu/H-x86_64-pc-linux-gnu/bin/../lib/gcc/nios2-elf/11.2.1/mno-hw-mul/libgcc.a(lib2-mul.o)
                                        0x1bf (size before relaxing)
 .debug_line_str
                0x0000000000000187       0xac ../nios_2_bsp//libhal_bsp.a(alt_load.o)
                                        0x138 (size before relaxing)
 .debug_line_str
                0x0000000000000233      0x11e ../nios_2_bsp//libhal_bsp.a(alt_main.o)
                                        0x216 (size before relaxing)
 .debug_line_str
                0x0000000000000351       0x26 ../nios_2_bsp//libhal_bsp.a(alt_usleep.o)
                                        0x1a0 (size before relaxing)
 .debug_line_str
                0x0000000000000377       0x27 ../nios_2_bsp//libhal_bsp.a(alt_sys_init.o)
                                        0x12b (size before relaxing)
 .debug_line_str
                0x000000000000039e       0x19 ../nios_2_bsp//libhal_bsp.a(alt_busy_sleep.o)
                                        0x125 (size before relaxing)
 .debug_line_str
                0x00000000000003b7       0x41 ../nios_2_bsp//libhal_bsp.a(alt_close.o)
                                        0x1cc (size before relaxing)
 .debug_line_str
                0x00000000000003f8       0x1f ../nios_2_bsp//libhal_bsp.a(alt_dcache_flush_all.o)
                                        0x121 (size before relaxing)
 .debug_line_str
                0x0000000000000417       0xa8 ../nios_2_bsp//libhal_bsp.a(alt_dev.o)
                                        0x258 (size before relaxing)
 .debug_line_str
                0x00000000000004bf       0x17 ../nios_2_bsp//libhal_bsp.a(alt_do_ctors.o)
                                        0x109 (size before relaxing)
 .debug_line_str
                0x00000000000004d6       0x17 ../nios_2_bsp//libhal_bsp.a(alt_do_dtors.o)
                                        0x109 (size before relaxing)
 .debug_line_str
                0x00000000000004ed       0x14 ../nios_2_bsp//libhal_bsp.a(alt_errno.o)
                                        0x185 (size before relaxing)
 .debug_line_str
                0x0000000000000501       0x1f ../nios_2_bsp//libhal_bsp.a(alt_icache_flush_all.o)
                                        0x121 (size before relaxing)
 .debug_line_str
                0x0000000000000520       0x19 ../nios_2_bsp//libhal_bsp.a(alt_release_fd.o)
                                        0x163 (size before relaxing)
 .debug_line_str
                0x0000000000000539       0x20 ../nios_2_bsp//libhal_bsp.a(altera_nios2_gen2_irq.o)
                                        0x124 (size before relaxing)
 .debug_line_str
                0x0000000000000559      0x172 /home/danielcrovo/intelFPGA_lite/21.1/nios2eds/bin/gnu/H-x86_64-pc-linux-gnu/bin/../lib/gcc/nios2-elf/11.2.1/../../../../../H-x86_64-pc-linux-gnu/nios2-elf/lib/mno-hw-mul/libc.a(lib_a-atexit.o)
                                        0x254 (size before relaxing)
 .debug_line_str
                0x00000000000006cb      0x131 /home/danielcrovo/intelFPGA_lite/21.1/nios2eds/bin/gnu/H-x86_64-pc-linux-gnu/bin/../lib/gcc/nios2-elf/11.2.1/../../../../../H-x86_64-pc-linux-gnu/nios2-elf/lib/mno-hw-mul/libc.a(lib_a-exit.o)
                                        0x354 (size before relaxing)
 .debug_line_str
                0x00000000000007fc      0x103 /home/danielcrovo/intelFPGA_lite/21.1/nios2eds/bin/gnu/H-x86_64-pc-linux-gnu/bin/../lib/gcc/nios2-elf/11.2.1/../../../../../H-x86_64-pc-linux-gnu/nios2-elf/lib/mno-hw-mul/libc.a(lib_a-impure.o)
                                        0x2d7 (size before relaxing)
 .debug_line_str
                0x00000000000008ff       0x41 /home/danielcrovo/intelFPGA_lite/21.1/nios2eds/bin/gnu/H-x86_64-pc-linux-gnu/bin/../lib/gcc/nios2-elf/11.2.1/../../../../../H-x86_64-pc-linux-gnu/nios2-elf/lib/mno-hw-mul/libc.a(lib_a-int_errno.o)
                                        0x1e3 (size before relaxing)
 .debug_line_str
                0x0000000000000940       0x41 /home/danielcrovo/intelFPGA_lite/21.1/nios2eds/bin/gnu/H-x86_64-pc-linux-gnu/bin/../lib/gcc/nios2-elf/11.2.1/../../../../../H-x86_64-pc-linux-gnu/nios2-elf/lib/mno-hw-mul/libc.a(lib_a-__atexit.o)
                                        0x2eb (size before relaxing)
 .debug_line_str
                0x0000000000000981       0x46 /home/danielcrovo/intelFPGA_lite/21.1/nios2eds/bin/gnu/H-x86_64-pc-linux-gnu/bin/../lib/gcc/nios2-elf/11.2.1/../../../../../H-x86_64-pc-linux-gnu/nios2-elf/lib/mno-hw-mul/libc.a(lib_a-__call_atexit.o)
                                        0x2f1 (size before relaxing)
 .debug_line_str
                0x00000000000009c7       0x3d /home/danielcrovo/intelFPGA_lite/21.1/nios2eds/bin/gnu/H-x86_64-pc-linux-gnu/bin/../lib/gcc/nios2-elf/11.2.1/mno-hw-mul/libgcc.a(lib2-divmod.o)
                                        0x1c8 (size before relaxing)
 .debug_line_str
                0x0000000000000a04       0x1d ../nios_2_bsp//libhal_bsp.a(alt_exit.o)
                                        0x115 (size before relaxing)

.debug_loclists
                0x0000000000000000      0x5e6
 .debug_loclists
                0x0000000000000000       0x5b /home/danielcrovo/intelFPGA_lite/21.1/nios2eds/bin/gnu/H-x86_64-pc-linux-gnu/bin/../lib/gcc/nios2-elf/11.2.1/mno-hw-mul/libgcc.a(lib2-mul.o)
 .debug_loclists
                0x000000000000005b       0x2a /home/danielcrovo/intelFPGA_lite/21.1/nios2eds/bin/gnu/H-x86_64-pc-linux-gnu/bin/../lib/gcc/nios2-elf/11.2.1/../../../../../H-x86_64-pc-linux-gnu/nios2-elf/lib/mno-hw-mul/libc.a(lib_a-atexit.o)
 .debug_loclists
                0x0000000000000085       0x20 /home/danielcrovo/intelFPGA_lite/21.1/nios2eds/bin/gnu/H-x86_64-pc-linux-gnu/bin/../lib/gcc/nios2-elf/11.2.1/../../../../../H-x86_64-pc-linux-gnu/nios2-elf/lib/mno-hw-mul/libc.a(lib_a-exit.o)
 .debug_loclists
                0x00000000000000a5       0xa8 /home/danielcrovo/intelFPGA_lite/21.1/nios2eds/bin/gnu/H-x86_64-pc-linux-gnu/bin/../lib/gcc/nios2-elf/11.2.1/../../../../../H-x86_64-pc-linux-gnu/nios2-elf/lib/mno-hw-mul/libc.a(lib_a-__atexit.o)
 .debug_loclists
                0x000000000000014d      0x135 /home/danielcrovo/intelFPGA_lite/21.1/nios2eds/bin/gnu/H-x86_64-pc-linux-gnu/bin/../lib/gcc/nios2-elf/11.2.1/../../../../../H-x86_64-pc-linux-gnu/nios2-elf/lib/mno-hw-mul/libc.a(lib_a-__call_atexit.o)
 .debug_loclists
                0x0000000000000282      0x364 /home/danielcrovo/intelFPGA_lite/21.1/nios2eds/bin/gnu/H-x86_64-pc-linux-gnu/bin/../lib/gcc/nios2-elf/11.2.1/mno-hw-mul/libgcc.a(lib2-divmod.o)
