Archive member included to satisfy reference by file (symbol)

/home/danielcrovo/intelFPGA_lite/21.1/nios2eds/bin/gnu/H-x86_64-pc-linux-gnu/bin/../lib/gcc/nios2-elf/11.2.1/../../../../../H-x86_64-pc-linux-gnu/nios2-elf/lib/mno-hw-mul/libc.a(lib_a-strlen.o)
                              obj/default/hello_world.o (strlen)
../nios2_4p_bsp//libhal_bsp.a(alt_load.o)
                              ../nios2_4p_bsp//obj/HAL/src/crt0.o (alt_load)
../nios2_4p_bsp//libhal_bsp.a(alt_main.o)
                              ../nios2_4p_bsp//obj/HAL/src/crt0.o (alt_main)
../nios2_4p_bsp//libhal_bsp.a(alt_usleep.o)
                              obj/default/hello_world.o (usleep)
../nios2_4p_bsp//libhal_bsp.a(alt_sys_init.o)
                              ../nios2_4p_bsp//libhal_bsp.a(alt_main.o) (alt_irq_init)
../nios2_4p_bsp//libhal_bsp.a(alt_busy_sleep.o)
                              ../nios2_4p_bsp//libhal_bsp.a(alt_usleep.o) (alt_busy_sleep)
../nios2_4p_bsp//libhal_bsp.a(alt_close.o)
                              ../nios2_4p_bsp//libhal_bsp.a(alt_main.o) (close)
../nios2_4p_bsp//libhal_bsp.a(alt_dcache_flush_all.o)
                              ../nios2_4p_bsp//libhal_bsp.a(alt_load.o) (alt_dcache_flush_all)
../nios2_4p_bsp//libhal_bsp.a(alt_dev.o)
                              ../nios2_4p_bsp//libhal_bsp.a(alt_close.o) (alt_fd_list)
../nios2_4p_bsp//libhal_bsp.a(alt_do_ctors.o)
                              ../nios2_4p_bsp//libhal_bsp.a(alt_main.o) (_do_ctors)
../nios2_4p_bsp//libhal_bsp.a(alt_do_dtors.o)
                              ../nios2_4p_bsp//libhal_bsp.a(alt_main.o) (_do_dtors)
../nios2_4p_bsp//libhal_bsp.a(alt_errno.o)
                              ../nios2_4p_bsp//libhal_bsp.a(alt_close.o) (alt_errno)
../nios2_4p_bsp//libhal_bsp.a(alt_icache_flush_all.o)
                              ../nios2_4p_bsp//libhal_bsp.a(alt_load.o) (alt_icache_flush_all)
../nios2_4p_bsp//libhal_bsp.a(alt_release_fd.o)
                              ../nios2_4p_bsp//libhal_bsp.a(alt_close.o) (alt_release_fd)
../nios2_4p_bsp//libhal_bsp.a(altera_nios2_gen2_irq.o)
                              ../nios2_4p_bsp//libhal_bsp.a(alt_sys_init.o) (altera_nios2_gen2_irq_init)
/home/danielcrovo/intelFPGA_lite/21.1/nios2eds/bin/gnu/H-x86_64-pc-linux-gnu/bin/../lib/gcc/nios2-elf/11.2.1/../../../../../H-x86_64-pc-linux-gnu/nios2-elf/lib/mno-hw-mul/libc.a(lib_a-atexit.o)
                              ../nios2_4p_bsp//libhal_bsp.a(alt_main.o) (atexit)
/home/danielcrovo/intelFPGA_lite/21.1/nios2eds/bin/gnu/H-x86_64-pc-linux-gnu/bin/../lib/gcc/nios2-elf/11.2.1/../../../../../H-x86_64-pc-linux-gnu/nios2-elf/lib/mno-hw-mul/libc.a(lib_a-exit.o)
                              ../nios2_4p_bsp//libhal_bsp.a(alt_main.o) (exit)
/home/danielcrovo/intelFPGA_lite/21.1/nios2eds/bin/gnu/H-x86_64-pc-linux-gnu/bin/../lib/gcc/nios2-elf/11.2.1/../../../../../H-x86_64-pc-linux-gnu/nios2-elf/lib/mno-hw-mul/libc.a(lib_a-impure.o)
                              /home/danielcrovo/intelFPGA_lite/21.1/nios2eds/bin/gnu/H-x86_64-pc-linux-gnu/bin/../lib/gcc/nios2-elf/11.2.1/../../../../../H-x86_64-pc-linux-gnu/nios2-elf/lib/mno-hw-mul/libc.a(lib_a-exit.o) (_global_impure_ptr)
/home/danielcrovo/intelFPGA_lite/21.1/nios2eds/bin/gnu/H-x86_64-pc-linux-gnu/bin/../lib/gcc/nios2-elf/11.2.1/../../../../../H-x86_64-pc-linux-gnu/nios2-elf/lib/mno-hw-mul/libc.a(lib_a-int_errno.o)
                              ../nios2_4p_bsp//libhal_bsp.a(alt_close.o) (errno)
/home/danielcrovo/intelFPGA_lite/21.1/nios2eds/bin/gnu/H-x86_64-pc-linux-gnu/bin/../lib/gcc/nios2-elf/11.2.1/../../../../../H-x86_64-pc-linux-gnu/nios2-elf/lib/mno-hw-mul/libc.a(lib_a-__atexit.o)
                              /home/danielcrovo/intelFPGA_lite/21.1/nios2eds/bin/gnu/H-x86_64-pc-linux-gnu/bin/../lib/gcc/nios2-elf/11.2.1/../../../../../H-x86_64-pc-linux-gnu/nios2-elf/lib/mno-hw-mul/libc.a(lib_a-atexit.o) (__register_exitproc)
/home/danielcrovo/intelFPGA_lite/21.1/nios2eds/bin/gnu/H-x86_64-pc-linux-gnu/bin/../lib/gcc/nios2-elf/11.2.1/../../../../../H-x86_64-pc-linux-gnu/nios2-elf/lib/mno-hw-mul/libc.a(lib_a-__call_atexit.o)
                              /home/danielcrovo/intelFPGA_lite/21.1/nios2eds/bin/gnu/H-x86_64-pc-linux-gnu/bin/../lib/gcc/nios2-elf/11.2.1/../../../../../H-x86_64-pc-linux-gnu/nios2-elf/lib/mno-hw-mul/libc.a(lib_a-exit.o) (__call_exitprocs)
/home/danielcrovo/intelFPGA_lite/21.1/nios2eds/bin/gnu/H-x86_64-pc-linux-gnu/bin/../lib/gcc/nios2-elf/11.2.1/mno-hw-mul/libgcc.a(lib2-divmod.o)
                              ../nios2_4p_bsp//libhal_bsp.a(alt_busy_sleep.o) (__udivsi3)
/home/danielcrovo/intelFPGA_lite/21.1/nios2eds/bin/gnu/H-x86_64-pc-linux-gnu/bin/../lib/gcc/nios2-elf/11.2.1/mno-hw-mul/libgcc.a(lib2-mul.o)
                              ../nios2_4p_bsp//libhal_bsp.a(alt_busy_sleep.o) (__mulsi3)
../nios2_4p_bsp//libhal_bsp.a(alt_exit.o)
                              /home/danielcrovo/intelFPGA_lite/21.1/nios2eds/bin/gnu/H-x86_64-pc-linux-gnu/bin/../lib/gcc/nios2-elf/11.2.1/../../../../../H-x86_64-pc-linux-gnu/nios2-elf/lib/mno-hw-mul/libc.a(lib_a-exit.o) (_exit)

Memory Configuration

Name             Origin             Length             Attributes
reset            0x0000000000010000 0x0000000000000020
onchip_mem       0x0000000000010020 0x0000000000009fe0
*default*        0x0000000000000000 0xffffffffffffffff

Linker script and memory map

LOAD ../nios2_4p_bsp//obj/HAL/src/crt0.o
LOAD obj/default/hello_world.o
LOAD /home/danielcrovo/intelFPGA_lite/21.1/nios2eds/bin/gnu/H-x86_64-pc-linux-gnu/bin/../lib/gcc/nios2-elf/11.2.1/../../../../../H-x86_64-pc-linux-gnu/nios2-elf/lib/mno-hw-mul/libstdc++.a
LOAD /home/danielcrovo/intelFPGA_lite/21.1/nios2eds/bin/gnu/H-x86_64-pc-linux-gnu/bin/../lib/gcc/nios2-elf/11.2.1/../../../../../H-x86_64-pc-linux-gnu/nios2-elf/lib/mno-hw-mul/libm.a
LOAD /home/danielcrovo/intelFPGA_lite/21.1/nios2eds/bin/gnu/H-x86_64-pc-linux-gnu/bin/../lib/gcc/nios2-elf/11.2.1/mno-hw-mul/libgcc.a
START GROUP
LOAD /home/danielcrovo/intelFPGA_lite/21.1/nios2eds/bin/gnu/H-x86_64-pc-linux-gnu/bin/../lib/gcc/nios2-elf/11.2.1/../../../../../H-x86_64-pc-linux-gnu/nios2-elf/lib/mno-hw-mul/libc.a
LOAD /home/danielcrovo/intelFPGA_lite/21.1/nios2eds/bin/gnu/H-x86_64-pc-linux-gnu/bin/../lib/gcc/nios2-elf/11.2.1/mno-hw-mul/libgcc.a
LOAD ../nios2_4p_bsp//libhal_bsp.a
LOAD /home/danielcrovo/intelFPGA_lite/21.1/nios2eds/bin/gnu/H-x86_64-pc-linux-gnu/bin/../lib/gcc/nios2-elf/11.2.1/../../../../../H-x86_64-pc-linux-gnu/nios2-elf/lib/mno-hw-mul/libm.a
END GROUP
LOAD /home/danielcrovo/intelFPGA_lite/21.1/nios2eds/bin/gnu/H-x86_64-pc-linux-gnu/bin/../lib/gcc/nios2-elf/11.2.1/mno-hw-mul/libgcc.a
                0x0000000000010000                __alt_mem_onchip_mem = 0x10000

.entry          0x0000000000010000       0x20
 *(.entry)
 .entry         0x0000000000010000       0x20 ../nios2_4p_bsp//obj/HAL/src/crt0.o
                0x0000000000010000                __reset

.exceptions     0x0000000000010020        0x0
                0x0000000000010020                PROVIDE (__ram_exceptions_start = ABSOLUTE (.))
                0x0000000000010020                . = ALIGN (0x20)
 *(.irq)
 *(.exceptions.entry.label)
 *(.exceptions.entry.user)
 *(.exceptions.entry.ecc_fatal)
 *(.exceptions.entry)
 *(.exceptions.irqtest.user)
 *(.exceptions.irqtest)
 *(.exceptions.irqhandler.user)
 *(.exceptions.irqhandler)
 *(.exceptions.irqreturn.user)
 *(.exceptions.irqreturn)
 *(.exceptions.notirq.label)
 *(.exceptions.notirq.user)
 *(.exceptions.notirq)
 *(.exceptions.soft.user)
 *(.exceptions.soft)
 *(.exceptions.unknown.user)
 *(.exceptions.unknown)
 *(.exceptions.exit.label)
 *(.exceptions.exit.user)
 *(.exceptions.exit)
 *(.exceptions)
                0x0000000000010020                PROVIDE (__ram_exceptions_end = ABSOLUTE (.))
                0x0000000000010020                PROVIDE (__flash_exceptions_start = LOADADDR (.exceptions))

.text           0x0000000000010020     0x132c
                [!provide]                        PROVIDE (stext = ABSOLUTE (.))
 *(.interp)
 *(.hash)
 *(.dynsym)
 *(.dynstr)
 *(.gnu.version)
 *(.gnu.version_d)
 *(.gnu.version_r)
 *(.rel.init)
 *(.rela.init)
 *(.rel.text .rel.text.* .rel.gnu.linkonce.t.*)
 *(.rela.text .rela.text.* .rela.gnu.linkonce.t.*)
 *(.rel.fini)
 *(.rela.fini)
 *(.rel.rodata .rel.rodata.* .rel.gnu.linkonce.r.*)
 *(.rela.rodata .rela.rodata.* .rela.gnu.linkonce.r.*)
 *(.rel.data .rel.data.* .rel.gnu.linkonce.d.*)
 *(.rela.data .rela.data.* .rela.gnu.linkonce.d.*)
 *(.rel.tdata .rel.tdata.* .rel.gnu.linkonce.td.*)
 *(.rela.tdata .rela.tdata.* .rela.gnu.linkonce.td.*)
 *(.rel.tbss .rel.tbss.* .rel.gnu.linkonce.tb.*)
 *(.rela.tbss .rela.tbss.* .rela.gnu.linkonce.tb.*)
 *(.rel.ctors)
 *(.rela.ctors)
 *(.rel.dtors)
 *(.rela.dtors)
 *(.rel.got)
 *(.rela.got)
 *(.rel.sdata .rel.sdata.* .rel.gnu.linkonce.s.*)
 *(.rela.sdata .rela.sdata.* .rela.gnu.linkonce.s.*)
 *(.rel.sbss .rel.sbss.* .rel.gnu.linkonce.sb.*)
 *(.rela.sbss .rela.sbss.* .rela.gnu.linkonce.sb.*)
 *(.rel.sdata2 .rel.sdata2.* .rel.gnu.linkonce.s2.*)
 *(.rela.sdata2 .rela.sdata2.* .rela.gnu.linkonce.s2.*)
 *(.rel.sbss2 .rel.sbss2.* .rel.gnu.linkonce.sb2.*)
 *(.rela.sbss2 .rela.sbss2.* .rela.gnu.linkonce.sb2.*)
 *(.rel.bss .rel.bss.* .rel.gnu.linkonce.b.*)
 *(.rela.bss .rela.bss.* .rela.gnu.linkonce.b.*)
 *(.rel.plt)
 *(.rela.plt)
 *(.rel.dyn)
 *(.init)
 *(.plt)
 *(.text .stub .text.* .gnu.linkonce.t.*)
 .text          0x0000000000010020       0x3c ../nios2_4p_bsp//obj/HAL/src/crt0.o
                0x0000000000010020                _start
 .text          0x000000000001005c      0x838 obj/default/hello_world.o
                0x000000000001005c                off_hex
                0x00000000000100c4                on_hex
                0x000000000001012c                display_msg_left
                0x0000000000010424                display_msg_rigth
                0x0000000000010724                display_status
                0x00000000000107dc                get_sw
                0x0000000000010814                main
 .text          0x0000000000010894        0x0 /home/danielcrovo/intelFPGA_lite/21.1/nios2eds/bin/gnu/H-x86_64-pc-linux-gnu/bin/../lib/gcc/nios2-elf/11.2.1/../../../../../H-x86_64-pc-linux-gnu/nios2-elf/lib/mno-hw-mul/libc.a(lib_a-strlen.o)
 .text.strlen   0x0000000000010894       0x98 /home/danielcrovo/intelFPGA_lite/21.1/nios2eds/bin/gnu/H-x86_64-pc-linux-gnu/bin/../lib/gcc/nios2-elf/11.2.1/../../../../../H-x86_64-pc-linux-gnu/nios2-elf/lib/mno-hw-mul/libc.a(lib_a-strlen.o)
                0x0000000000010894                strlen
 .text          0x000000000001092c       0xec ../nios2_4p_bsp//libhal_bsp.a(alt_load.o)
                0x0000000000010994                alt_load
 .text          0x0000000000010a18       0x60 ../nios2_4p_bsp//libhal_bsp.a(alt_main.o)
                0x0000000000010a18                alt_main
 .text          0x0000000000010a78       0x30 ../nios2_4p_bsp//libhal_bsp.a(alt_usleep.o)
                0x0000000000010a78                usleep
 .text          0x0000000000010aa8       0x60 ../nios2_4p_bsp//libhal_bsp.a(alt_sys_init.o)
                0x0000000000010aa8                alt_irq_init
                0x0000000000010ae4                alt_sys_init
 .text          0x0000000000010b08      0x158 ../nios2_4p_bsp//libhal_bsp.a(alt_busy_sleep.o)
                0x0000000000010b08                alt_busy_sleep
 .text          0x0000000000010c60      0x118 ../nios2_4p_bsp//libhal_bsp.a(alt_close.o)
                0x0000000000010c9c                close
 .text          0x0000000000010d78       0x20 ../nios2_4p_bsp//libhal_bsp.a(alt_dcache_flush_all.o)
                0x0000000000010d78                alt_dcache_flush_all
 .text          0x0000000000010d98       0x2c ../nios2_4p_bsp//libhal_bsp.a(alt_dev.o)
 .text          0x0000000000010dc4       0x64 ../nios2_4p_bsp//libhal_bsp.a(alt_do_ctors.o)
                0x0000000000010dc4                _do_ctors
 .text          0x0000000000010e28       0x64 ../nios2_4p_bsp//libhal_bsp.a(alt_do_dtors.o)
                0x0000000000010e28                _do_dtors
 .text          0x0000000000010e8c        0x0 ../nios2_4p_bsp//libhal_bsp.a(alt_errno.o)
 .text          0x0000000000010e8c       0x20 ../nios2_4p_bsp//libhal_bsp.a(alt_icache_flush_all.o)
                0x0000000000010e8c                alt_icache_flush_all
 .text          0x0000000000010eac       0x70 ../nios2_4p_bsp//libhal_bsp.a(alt_release_fd.o)
                0x0000000000010eac                alt_release_fd
 .text          0x0000000000010f1c       0x24 ../nios2_4p_bsp//libhal_bsp.a(altera_nios2_gen2_irq.o)
                0x0000000000010f1c                altera_nios2_gen2_irq_init
 .text          0x0000000000010f40        0x0 /home/danielcrovo/intelFPGA_lite/21.1/nios2eds/bin/gnu/H-x86_64-pc-linux-gnu/bin/../lib/gcc/nios2-elf/11.2.1/../../../../../H-x86_64-pc-linux-gnu/nios2-elf/lib/mno-hw-mul/libc.a(lib_a-atexit.o)
 .text.atexit   0x0000000000010f40       0x14 /home/danielcrovo/intelFPGA_lite/21.1/nios2eds/bin/gnu/H-x86_64-pc-linux-gnu/bin/../lib/gcc/nios2-elf/11.2.1/../../../../../H-x86_64-pc-linux-gnu/nios2-elf/lib/mno-hw-mul/libc.a(lib_a-atexit.o)
                0x0000000000010f40                atexit
 .text          0x0000000000010f54        0x0 /home/danielcrovo/intelFPGA_lite/21.1/nios2eds/bin/gnu/H-x86_64-pc-linux-gnu/bin/../lib/gcc/nios2-elf/11.2.1/../../../../../H-x86_64-pc-linux-gnu/nios2-elf/lib/mno-hw-mul/libc.a(lib_a-exit.o)
 .text.exit     0x0000000000010f54       0x34 /home/danielcrovo/intelFPGA_lite/21.1/nios2eds/bin/gnu/H-x86_64-pc-linux-gnu/bin/../lib/gcc/nios2-elf/11.2.1/../../../../../H-x86_64-pc-linux-gnu/nios2-elf/lib/mno-hw-mul/libc.a(lib_a-exit.o)
                0x0000000000010f54                exit
 .text          0x0000000000010f88        0x0 /home/danielcrovo/intelFPGA_lite/21.1/nios2eds/bin/gnu/H-x86_64-pc-linux-gnu/bin/../lib/gcc/nios2-elf/11.2.1/../../../../../H-x86_64-pc-linux-gnu/nios2-elf/lib/mno-hw-mul/libc.a(lib_a-impure.o)
 .text          0x0000000000010f88        0x0 /home/danielcrovo/intelFPGA_lite/21.1/nios2eds/bin/gnu/H-x86_64-pc-linux-gnu/bin/../lib/gcc/nios2-elf/11.2.1/../../../../../H-x86_64-pc-linux-gnu/nios2-elf/lib/mno-hw-mul/libc.a(lib_a-int_errno.o)
 .text          0x0000000000010f88        0x0 /home/danielcrovo/intelFPGA_lite/21.1/nios2eds/bin/gnu/H-x86_64-pc-linux-gnu/bin/../lib/gcc/nios2-elf/11.2.1/../../../../../H-x86_64-pc-linux-gnu/nios2-elf/lib/mno-hw-mul/libc.a(lib_a-__atexit.o)
 .text.__register_exitproc
                0x0000000000010f88       0x90 /home/danielcrovo/intelFPGA_lite/21.1/nios2eds/bin/gnu/H-x86_64-pc-linux-gnu/bin/../lib/gcc/nios2-elf/11.2.1/../../../../../H-x86_64-pc-linux-gnu/nios2-elf/lib/mno-hw-mul/libc.a(lib_a-__atexit.o)
                0x0000000000010f88                __register_exitproc
 .text          0x0000000000011018        0x0 /home/danielcrovo/intelFPGA_lite/21.1/nios2eds/bin/gnu/H-x86_64-pc-linux-gnu/bin/../lib/gcc/nios2-elf/11.2.1/../../../../../H-x86_64-pc-linux-gnu/nios2-elf/lib/mno-hw-mul/libc.a(lib_a-__call_atexit.o)
 .text.__call_exitprocs
                0x0000000000011018      0x120 /home/danielcrovo/intelFPGA_lite/21.1/nios2eds/bin/gnu/H-x86_64-pc-linux-gnu/bin/../lib/gcc/nios2-elf/11.2.1/../../../../../H-x86_64-pc-linux-gnu/nios2-elf/lib/mno-hw-mul/libc.a(lib_a-__call_atexit.o)
                0x0000000000011018                __call_exitprocs
 .text          0x0000000000011138      0x1b4 /home/danielcrovo/intelFPGA_lite/21.1/nios2eds/bin/gnu/H-x86_64-pc-linux-gnu/bin/../lib/gcc/nios2-elf/11.2.1/mno-hw-mul/libgcc.a(lib2-divmod.o)
                0x0000000000011138                __divsi3
                0x00000000000111b8                __modsi3
                0x000000000001122c                __udivsi3
                0x0000000000011290                __umodsi3
 .text          0x00000000000112ec       0x28 /home/danielcrovo/intelFPGA_lite/21.1/nios2eds/bin/gnu/H-x86_64-pc-linux-gnu/bin/../lib/gcc/nios2-elf/11.2.1/mno-hw-mul/libgcc.a(lib2-mul.o)
                0x00000000000112ec                __mulsi3
 .text          0x0000000000011314       0x38 ../nios2_4p_bsp//libhal_bsp.a(alt_exit.o)
                0x0000000000011314                _exit
 *(.gnu.warning.*)
 *(.fini)
                [!provide]                        PROVIDE (__etext = ABSOLUTE (.))
                [!provide]                        PROVIDE (_etext = ABSOLUTE (.))
                [!provide]                        PROVIDE (etext = ABSOLUTE (.))
 *(.eh_frame_hdr)
                0x000000000001134c                . = ALIGN (0x4)
                [!provide]                        PROVIDE (__preinit_array_start = ABSOLUTE (.))
 *(.preinit_array)
                [!provide]                        PROVIDE (__preinit_array_end = ABSOLUTE (.))
                [!provide]                        PROVIDE (__init_array_start = ABSOLUTE (.))
 *(.init_array)
                [!provide]                        PROVIDE (__init_array_end = ABSOLUTE (.))
                [!provide]                        PROVIDE (__fini_array_start = ABSOLUTE (.))
 *(.fini_array)
                [!provide]                        PROVIDE (__fini_array_end = ABSOLUTE (.))
 *(.eh_frame)
 *(.gcc_except_table .gcc_except_table.*)
 *(.dynamic)
                0x000000000001134c                PROVIDE (__CTOR_LIST__ = ABSOLUTE (.))
 *(.ctors)
 *(SORT_BY_NAME(.ctors.*))
                0x000000000001134c                PROVIDE (__CTOR_END__ = ABSOLUTE (.))
                0x000000000001134c                PROVIDE (__DTOR_LIST__ = ABSOLUTE (.))
 *(.dtors)
 *(SORT_BY_NAME(.dtors.*))
                0x000000000001134c                PROVIDE (__DTOR_END__ = ABSOLUTE (.))
 *(.jcr)
                0x000000000001134c                . = ALIGN (0x4)

.rodata         0x000000000001134c       0x40
                0x000000000001134c                PROVIDE (__ram_rodata_start = ABSOLUTE (.))
                0x000000000001134c                . = ALIGN (0x4)
 *(.rodata .rodata.* .gnu.linkonce.r.*)
 .rodata        0x000000000001134c       0x33 obj/default/hello_world.o
                0x000000000001134c                NUMBERS
                0x0000000000011358                LETTERS
 *fill*         0x000000000001137f        0x1 
 .rodata        0x0000000000011380        0xa ../nios2_4p_bsp//libhal_bsp.a(alt_dev.o)
 *(.rodata1)
                0x000000000001138c                . = ALIGN (0x4)
 *fill*         0x000000000001138a        0x2 
                0x000000000001138c                PROVIDE (__ram_rodata_end = ABSOLUTE (.))
                0x000000000001134c                PROVIDE (__flash_rodata_start = LOADADDR (.rodata))

.rwdata         0x000000000001138c      0x5ec load address 0x0000000000011978
                0x000000000001138c                PROVIDE (__ram_rwdata_start = ABSOLUTE (.))
                0x000000000001138c                . = ALIGN (0x4)
 *(.got.plt)
 *(.got)
 *(.data1)
 *(.data .data.* .gnu.linkonce.d.*)
 .data          0x000000000001138c        0x0 ../nios2_4p_bsp//obj/HAL/src/crt0.o
 .data          0x000000000001138c        0x0 obj/default/hello_world.o
 .data          0x000000000001138c        0x0 /home/danielcrovo/intelFPGA_lite/21.1/nios2eds/bin/gnu/H-x86_64-pc-linux-gnu/bin/../lib/gcc/nios2-elf/11.2.1/../../../../../H-x86_64-pc-linux-gnu/nios2-elf/lib/mno-hw-mul/libc.a(lib_a-strlen.o)
 .data          0x000000000001138c        0x0 ../nios2_4p_bsp//libhal_bsp.a(alt_load.o)
 .data          0x000000000001138c        0x0 ../nios2_4p_bsp//libhal_bsp.a(alt_main.o)
 .data          0x000000000001138c        0x0 ../nios2_4p_bsp//libhal_bsp.a(alt_usleep.o)
 .data          0x000000000001138c        0x0 ../nios2_4p_bsp//libhal_bsp.a(alt_sys_init.o)
 .data          0x000000000001138c        0x0 ../nios2_4p_bsp//libhal_bsp.a(alt_busy_sleep.o)
 .data          0x000000000001138c        0x0 ../nios2_4p_bsp//libhal_bsp.a(alt_close.o)
 .data          0x000000000001138c        0x0 ../nios2_4p_bsp//libhal_bsp.a(alt_dcache_flush_all.o)
 .data          0x000000000001138c      0x1a8 ../nios2_4p_bsp//libhal_bsp.a(alt_dev.o)
                0x000000000001138c                alt_dev_null
                0x00000000000113b4                alt_fd_list
 .data          0x0000000000011534        0x0 ../nios2_4p_bsp//libhal_bsp.a(alt_do_ctors.o)
 .data          0x0000000000011534        0x0 ../nios2_4p_bsp//libhal_bsp.a(alt_do_dtors.o)
 .data          0x0000000000011534        0x0 ../nios2_4p_bsp//libhal_bsp.a(alt_errno.o)
 .data          0x0000000000011534        0x0 ../nios2_4p_bsp//libhal_bsp.a(alt_icache_flush_all.o)
 .data          0x0000000000011534        0x0 ../nios2_4p_bsp//libhal_bsp.a(alt_release_fd.o)
 .data          0x0000000000011534        0x0 ../nios2_4p_bsp//libhal_bsp.a(altera_nios2_gen2_irq.o)
 .data          0x0000000000011534        0x0 /home/danielcrovo/intelFPGA_lite/21.1/nios2eds/bin/gnu/H-x86_64-pc-linux-gnu/bin/../lib/gcc/nios2-elf/11.2.1/../../../../../H-x86_64-pc-linux-gnu/nios2-elf/lib/mno-hw-mul/libc.a(lib_a-atexit.o)
 .data          0x0000000000011534        0x0 /home/danielcrovo/intelFPGA_lite/21.1/nios2eds/bin/gnu/H-x86_64-pc-linux-gnu/bin/../lib/gcc/nios2-elf/11.2.1/../../../../../H-x86_64-pc-linux-gnu/nios2-elf/lib/mno-hw-mul/libc.a(lib_a-exit.o)
 .data          0x0000000000011534        0x0 /home/danielcrovo/intelFPGA_lite/21.1/nios2eds/bin/gnu/H-x86_64-pc-linux-gnu/bin/../lib/gcc/nios2-elf/11.2.1/../../../../../H-x86_64-pc-linux-gnu/nios2-elf/lib/mno-hw-mul/libc.a(lib_a-impure.o)
 .data.impure_data
                0x0000000000011534      0x424 /home/danielcrovo/intelFPGA_lite/21.1/nios2eds/bin/gnu/H-x86_64-pc-linux-gnu/bin/../lib/gcc/nios2-elf/11.2.1/../../../../../H-x86_64-pc-linux-gnu/nios2-elf/lib/mno-hw-mul/libc.a(lib_a-impure.o)
 .data          0x0000000000011958        0x0 /home/danielcrovo/intelFPGA_lite/21.1/nios2eds/bin/gnu/H-x86_64-pc-linux-gnu/bin/../lib/gcc/nios2-elf/11.2.1/../../../../../H-x86_64-pc-linux-gnu/nios2-elf/lib/mno-hw-mul/libc.a(lib_a-int_errno.o)
 .data          0x0000000000011958        0x0 /home/danielcrovo/intelFPGA_lite/21.1/nios2eds/bin/gnu/H-x86_64-pc-linux-gnu/bin/../lib/gcc/nios2-elf/11.2.1/../../../../../H-x86_64-pc-linux-gnu/nios2-elf/lib/mno-hw-mul/libc.a(lib_a-__atexit.o)
 .data          0x0000000000011958        0x0 /home/danielcrovo/intelFPGA_lite/21.1/nios2eds/bin/gnu/H-x86_64-pc-linux-gnu/bin/../lib/gcc/nios2-elf/11.2.1/../../../../../H-x86_64-pc-linux-gnu/nios2-elf/lib/mno-hw-mul/libc.a(lib_a-__call_atexit.o)
 .data          0x0000000000011958        0x0 /home/danielcrovo/intelFPGA_lite/21.1/nios2eds/bin/gnu/H-x86_64-pc-linux-gnu/bin/../lib/gcc/nios2-elf/11.2.1/mno-hw-mul/libgcc.a(lib2-divmod.o)
 .data          0x0000000000011958        0x0 /home/danielcrovo/intelFPGA_lite/21.1/nios2eds/bin/gnu/H-x86_64-pc-linux-gnu/bin/../lib/gcc/nios2-elf/11.2.1/mno-hw-mul/libgcc.a(lib2-mul.o)
 .data          0x0000000000011958        0x0 ../nios2_4p_bsp//libhal_bsp.a(alt_exit.o)
                0x0000000000019958                _gp = ABSOLUTE ((. + 0x8000))
                [!provide]                        PROVIDE (gp = _gp)
 *(.rwdata .rwdata.*)
 *(.sdata .sdata.* .gnu.linkonce.s.*)
 .sdata         0x0000000000011958       0x14 ../nios2_4p_bsp//libhal_bsp.a(alt_dev.o)
                0x0000000000011958                alt_fs_list
                0x0000000000011960                alt_dev_list
                0x0000000000011968                alt_max_fd
 .sdata         0x000000000001196c        0x4 ../nios2_4p_bsp//libhal_bsp.a(alt_errno.o)
                0x000000000001196c                alt_errno
 .sdata._global_impure_ptr
                0x0000000000011970        0x4 /home/danielcrovo/intelFPGA_lite/21.1/nios2eds/bin/gnu/H-x86_64-pc-linux-gnu/bin/../lib/gcc/nios2-elf/11.2.1/../../../../../H-x86_64-pc-linux-gnu/nios2-elf/lib/mno-hw-mul/libc.a(lib_a-impure.o)
                0x0000000000011970                _global_impure_ptr
 .sdata._impure_ptr
                0x0000000000011974        0x4 /home/danielcrovo/intelFPGA_lite/21.1/nios2eds/bin/gnu/H-x86_64-pc-linux-gnu/bin/../lib/gcc/nios2-elf/11.2.1/../../../../../H-x86_64-pc-linux-gnu/nios2-elf/lib/mno-hw-mul/libc.a(lib_a-impure.o)
                0x0000000000011974                _impure_ptr
 *(.sdata2 .sdata2.* .gnu.linkonce.s2.*)
                0x0000000000011978                . = ALIGN (0x4)
                0x0000000000011978                _edata = ABSOLUTE (.)
                [!provide]                        PROVIDE (edata = ABSOLUTE (.))
                0x0000000000011978                PROVIDE (__ram_rwdata_end = ABSOLUTE (.))
                0x0000000000011978                PROVIDE (__flash_rwdata_start = LOADADDR (.rwdata))

.bss            0x0000000000011f64       0x10
                0x0000000000011f64                __bss_start = ABSOLUTE (.)
                [!provide]                        PROVIDE (__sbss_start = ABSOLUTE (.))
                [!provide]                        PROVIDE (___sbss_start = ABSOLUTE (.))
 *(.dynsbss)
 *(.sbss .sbss.* .gnu.linkonce.sb.*)
 .sbss          0x0000000000011f64        0xc ../nios2_4p_bsp//libhal_bsp.a(alt_main.o)
                0x0000000000011f64                alt_argc
                0x0000000000011f68                alt_argv
                0x0000000000011f6c                alt_envp
 .sbss.errno    0x0000000000011f70        0x4 /home/danielcrovo/intelFPGA_lite/21.1/nios2eds/bin/gnu/H-x86_64-pc-linux-gnu/bin/../lib/gcc/nios2-elf/11.2.1/../../../../../H-x86_64-pc-linux-gnu/nios2-elf/lib/mno-hw-mul/libc.a(lib_a-int_errno.o)
                0x0000000000011f70                errno
 *(.sbss2 .sbss2.* .gnu.linkonce.sb2.*)
 *(.scommon)
                [!provide]                        PROVIDE (__sbss_end = ABSOLUTE (.))
                [!provide]                        PROVIDE (___sbss_end = ABSOLUTE (.))
 *(.dynbss)
 *(.bss .bss.* .gnu.linkonce.b.*)
 .bss           0x0000000000011f74        0x0 ../nios2_4p_bsp//obj/HAL/src/crt0.o
 .bss           0x0000000000011f74        0x0 obj/default/hello_world.o
 .bss           0x0000000000011f74        0x0 /home/danielcrovo/intelFPGA_lite/21.1/nios2eds/bin/gnu/H-x86_64-pc-linux-gnu/bin/../lib/gcc/nios2-elf/11.2.1/../../../../../H-x86_64-pc-linux-gnu/nios2-elf/lib/mno-hw-mul/libc.a(lib_a-strlen.o)
 .bss           0x0000000000011f74        0x0 ../nios2_4p_bsp//libhal_bsp.a(alt_load.o)
 .bss           0x0000000000011f74        0x0 ../nios2_4p_bsp//libhal_bsp.a(alt_main.o)
 .bss           0x0000000000011f74        0x0 ../nios2_4p_bsp//libhal_bsp.a(alt_usleep.o)
 .bss           0x0000000000011f74        0x0 ../nios2_4p_bsp//libhal_bsp.a(alt_sys_init.o)
 .bss           0x0000000000011f74        0x0 ../nios2_4p_bsp//libhal_bsp.a(alt_busy_sleep.o)
 .bss           0x0000000000011f74        0x0 ../nios2_4p_bsp//libhal_bsp.a(alt_close.o)
 .bss           0x0000000000011f74        0x0 ../nios2_4p_bsp//libhal_bsp.a(alt_dcache_flush_all.o)
 .bss           0x0000000000011f74        0x0 ../nios2_4p_bsp//libhal_bsp.a(alt_dev.o)
 .bss           0x0000000000011f74        0x0 ../nios2_4p_bsp//libhal_bsp.a(alt_do_ctors.o)
 .bss           0x0000000000011f74        0x0 ../nios2_4p_bsp//libhal_bsp.a(alt_do_dtors.o)
 .bss           0x0000000000011f74        0x0 ../nios2_4p_bsp//libhal_bsp.a(alt_errno.o)
 .bss           0x0000000000011f74        0x0 ../nios2_4p_bsp//libhal_bsp.a(alt_icache_flush_all.o)
 .bss           0x0000000000011f74        0x0 ../nios2_4p_bsp//libhal_bsp.a(alt_release_fd.o)
 .bss           0x0000000000011f74        0x0 ../nios2_4p_bsp//libhal_bsp.a(altera_nios2_gen2_irq.o)
 .bss           0x0000000000011f74        0x0 /home/danielcrovo/intelFPGA_lite/21.1/nios2eds/bin/gnu/H-x86_64-pc-linux-gnu/bin/../lib/gcc/nios2-elf/11.2.1/../../../../../H-x86_64-pc-linux-gnu/nios2-elf/lib/mno-hw-mul/libc.a(lib_a-atexit.o)
 .bss           0x0000000000011f74        0x0 /home/danielcrovo/intelFPGA_lite/21.1/nios2eds/bin/gnu/H-x86_64-pc-linux-gnu/bin/../lib/gcc/nios2-elf/11.2.1/../../../../../H-x86_64-pc-linux-gnu/nios2-elf/lib/mno-hw-mul/libc.a(lib_a-exit.o)
 .bss           0x0000000000011f74        0x0 /home/danielcrovo/intelFPGA_lite/21.1/nios2eds/bin/gnu/H-x86_64-pc-linux-gnu/bin/../lib/gcc/nios2-elf/11.2.1/../../../../../H-x86_64-pc-linux-gnu/nios2-elf/lib/mno-hw-mul/libc.a(lib_a-impure.o)
 .bss           0x0000000000011f74        0x0 /home/danielcrovo/intelFPGA_lite/21.1/nios2eds/bin/gnu/H-x86_64-pc-linux-gnu/bin/../lib/gcc/nios2-elf/11.2.1/../../../../../H-x86_64-pc-linux-gnu/nios2-elf/lib/mno-hw-mul/libc.a(lib_a-int_errno.o)
 .bss           0x0000000000011f74        0x0 /home/danielcrovo/intelFPGA_lite/21.1/nios2eds/bin/gnu/H-x86_64-pc-linux-gnu/bin/../lib/gcc/nios2-elf/11.2.1/../../../../../H-x86_64-pc-linux-gnu/nios2-elf/lib/mno-hw-mul/libc.a(lib_a-__atexit.o)
 .bss           0x0000000000011f74        0x0 /home/danielcrovo/intelFPGA_lite/21.1/nios2eds/bin/gnu/H-x86_64-pc-linux-gnu/bin/../lib/gcc/nios2-elf/11.2.1/../../../../../H-x86_64-pc-linux-gnu/nios2-elf/lib/mno-hw-mul/libc.a(lib_a-__call_atexit.o)
 .bss           0x0000000000011f74        0x0 /home/danielcrovo/intelFPGA_lite/21.1/nios2eds/bin/gnu/H-x86_64-pc-linux-gnu/bin/../lib/gcc/nios2-elf/11.2.1/mno-hw-mul/libgcc.a(lib2-divmod.o)
 .bss           0x0000000000011f74        0x0 /home/danielcrovo/intelFPGA_lite/21.1/nios2eds/bin/gnu/H-x86_64-pc-linux-gnu/bin/../lib/gcc/nios2-elf/11.2.1/mno-hw-mul/libgcc.a(lib2-mul.o)
 .bss           0x0000000000011f74        0x0 ../nios2_4p_bsp//libhal_bsp.a(alt_exit.o)
 *(COMMON)
                0x0000000000011f74                . = ALIGN (0x4)
                0x0000000000011f74                __bss_end = ABSOLUTE (.)

.onchip_mem     0x0000000000011f74        0x0
                [!provide]                        PROVIDE (_alt_partition_onchip_mem_start = ABSOLUTE (.))
 *(.onchip_mem .onchip_mem. onchip_mem.*)
                0x0000000000011f74                . = ALIGN (0x4)
                [!provide]                        PROVIDE (_alt_partition_onchip_mem_end = ABSOLUTE (.))
                0x0000000000011f74                _end = ABSOLUTE (.)
                0x0000000000011f74                end = ABSOLUTE (.)
                0x0000000000011f74                __alt_stack_base = ABSOLUTE (.)
                [!provide]                        PROVIDE (_alt_partition_onchip_mem_load_addr = LOADADDR (.onchip_mem))

.stab
 *(.stab)

.stabstr
 *(.stabstr)

.stab.excl
 *(.stab.excl)

.stab.exclstr
 *(.stab.exclstr)

.stab.index
 *(.stab.index)

.stab.indexstr
 *(.stab.indexstr)

.comment        0x0000000000000000       0x2d
 *(.comment)
 .comment       0x0000000000000000       0x2d obj/default/hello_world.o
                                         0x2e (size before relaxing)
 .comment       0x000000000000002d       0x2e /home/danielcrovo/intelFPGA_lite/21.1/nios2eds/bin/gnu/H-x86_64-pc-linux-gnu/bin/../lib/gcc/nios2-elf/11.2.1/../../../../../H-x86_64-pc-linux-gnu/nios2-elf/lib/mno-hw-mul/libc.a(lib_a-strlen.o)
 .comment       0x000000000000002d       0x2e ../nios2_4p_bsp//libhal_bsp.a(alt_load.o)
 .comment       0x000000000000002d       0x2e ../nios2_4p_bsp//libhal_bsp.a(alt_main.o)
 .comment       0x000000000000002d       0x2e ../nios2_4p_bsp//libhal_bsp.a(alt_usleep.o)
 .comment       0x000000000000002d       0x2e ../nios2_4p_bsp//libhal_bsp.a(alt_sys_init.o)
 .comment       0x000000000000002d       0x2e ../nios2_4p_bsp//libhal_bsp.a(alt_busy_sleep.o)
 .comment       0x000000000000002d       0x2e ../nios2_4p_bsp//libhal_bsp.a(alt_close.o)
 .comment       0x000000000000002d       0x2e ../nios2_4p_bsp//libhal_bsp.a(alt_dcache_flush_all.o)
 .comment       0x000000000000002d       0x2e ../nios2_4p_bsp//libhal_bsp.a(alt_dev.o)
 .comment       0x000000000000002d       0x2e ../nios2_4p_bsp//libhal_bsp.a(alt_do_ctors.o)
 .comment       0x000000000000002d       0x2e ../nios2_4p_bsp//libhal_bsp.a(alt_do_dtors.o)
 .comment       0x000000000000002d       0x2e ../nios2_4p_bsp//libhal_bsp.a(alt_errno.o)
 .comment       0x000000000000002d       0x2e ../nios2_4p_bsp//libhal_bsp.a(alt_icache_flush_all.o)
 .comment       0x000000000000002d       0x2e ../nios2_4p_bsp//libhal_bsp.a(alt_release_fd.o)
 .comment       0x000000000000002d       0x2e ../nios2_4p_bsp//libhal_bsp.a(altera_nios2_gen2_irq.o)
 .comment       0x000000000000002d       0x2e /home/danielcrovo/intelFPGA_lite/21.1/nios2eds/bin/gnu/H-x86_64-pc-linux-gnu/bin/../lib/gcc/nios2-elf/11.2.1/../../../../../H-x86_64-pc-linux-gnu/nios2-elf/lib/mno-hw-mul/libc.a(lib_a-atexit.o)
 .comment       0x000000000000002d       0x2e /home/danielcrovo/intelFPGA_lite/21.1/nios2eds/bin/gnu/H-x86_64-pc-linux-gnu/bin/../lib/gcc/nios2-elf/11.2.1/../../../../../H-x86_64-pc-linux-gnu/nios2-elf/lib/mno-hw-mul/libc.a(lib_a-exit.o)
 .comment       0x000000000000002d       0x2e /home/danielcrovo/intelFPGA_lite/21.1/nios2eds/bin/gnu/H-x86_64-pc-linux-gnu/bin/../lib/gcc/nios2-elf/11.2.1/../../../../../H-x86_64-pc-linux-gnu/nios2-elf/lib/mno-hw-mul/libc.a(lib_a-impure.o)
 .comment       0x000000000000002d       0x2e /home/danielcrovo/intelFPGA_lite/21.1/nios2eds/bin/gnu/H-x86_64-pc-linux-gnu/bin/../lib/gcc/nios2-elf/11.2.1/../../../../../H-x86_64-pc-linux-gnu/nios2-elf/lib/mno-hw-mul/libc.a(lib_a-int_errno.o)
 .comment       0x000000000000002d       0x2e /home/danielcrovo/intelFPGA_lite/21.1/nios2eds/bin/gnu/H-x86_64-pc-linux-gnu/bin/../lib/gcc/nios2-elf/11.2.1/../../../../../H-x86_64-pc-linux-gnu/nios2-elf/lib/mno-hw-mul/libc.a(lib_a-__atexit.o)
 .comment       0x000000000000002d       0x2e /home/danielcrovo/intelFPGA_lite/21.1/nios2eds/bin/gnu/H-x86_64-pc-linux-gnu/bin/../lib/gcc/nios2-elf/11.2.1/../../../../../H-x86_64-pc-linux-gnu/nios2-elf/lib/mno-hw-mul/libc.a(lib_a-__call_atexit.o)
 .comment       0x000000000000002d       0x2e /home/danielcrovo/intelFPGA_lite/21.1/nios2eds/bin/gnu/H-x86_64-pc-linux-gnu/bin/../lib/gcc/nios2-elf/11.2.1/mno-hw-mul/libgcc.a(lib2-divmod.o)
 .comment       0x000000000000002d       0x2e /home/danielcrovo/intelFPGA_lite/21.1/nios2eds/bin/gnu/H-x86_64-pc-linux-gnu/bin/../lib/gcc/nios2-elf/11.2.1/mno-hw-mul/libgcc.a(lib2-mul.o)
 .comment       0x000000000000002d       0x2e ../nios2_4p_bsp//libhal_bsp.a(alt_exit.o)

.debug
 *(.debug)

.line
 *(.line)

.debug_srcinfo
 *(.debug_srcinfo)

.debug_sfnames
 *(.debug_sfnames)

.debug_aranges  0x0000000000000000      0x330
 *(.debug_aranges)
 .debug_aranges
                0x0000000000000000       0x28 ../nios2_4p_bsp//obj/HAL/src/crt0.o
 .debug_aranges
                0x0000000000000028       0x20 obj/default/hello_world.o
 .debug_aranges
                0x0000000000000048       0x20 /home/danielcrovo/intelFPGA_lite/21.1/nios2eds/bin/gnu/H-x86_64-pc-linux-gnu/bin/../lib/gcc/nios2-elf/11.2.1/../../../../../H-x86_64-pc-linux-gnu/nios2-elf/lib/mno-hw-mul/libc.a(lib_a-strlen.o)
 .debug_aranges
                0x0000000000000068       0x20 ../nios2_4p_bsp//libhal_bsp.a(alt_load.o)
 .debug_aranges
                0x0000000000000088       0x20 ../nios2_4p_bsp//libhal_bsp.a(alt_main.o)
 .debug_aranges
                0x00000000000000a8       0x20 ../nios2_4p_bsp//libhal_bsp.a(alt_usleep.o)
 .debug_aranges
                0x00000000000000c8       0x20 ../nios2_4p_bsp//libhal_bsp.a(alt_sys_init.o)
 .debug_aranges
                0x00000000000000e8       0x20 ../nios2_4p_bsp//libhal_bsp.a(alt_busy_sleep.o)
 .debug_aranges
                0x0000000000000108       0x20 ../nios2_4p_bsp//libhal_bsp.a(alt_close.o)
 .debug_aranges
                0x0000000000000128       0x20 ../nios2_4p_bsp//libhal_bsp.a(alt_dcache_flush_all.o)
 .debug_aranges
                0x0000000000000148       0x20 ../nios2_4p_bsp//libhal_bsp.a(alt_dev.o)
 .debug_aranges
                0x0000000000000168       0x20 ../nios2_4p_bsp//libhal_bsp.a(alt_do_ctors.o)
 .debug_aranges
                0x0000000000000188       0x20 ../nios2_4p_bsp//libhal_bsp.a(alt_do_dtors.o)
 .debug_aranges
                0x00000000000001a8       0x18 ../nios2_4p_bsp//libhal_bsp.a(alt_errno.o)
 .debug_aranges
                0x00000000000001c0       0x20 ../nios2_4p_bsp//libhal_bsp.a(alt_icache_flush_all.o)
 .debug_aranges
                0x00000000000001e0       0x20 ../nios2_4p_bsp//libhal_bsp.a(alt_release_fd.o)
 .debug_aranges
                0x0000000000000200       0x20 ../nios2_4p_bsp//libhal_bsp.a(altera_nios2_gen2_irq.o)
 .debug_aranges
                0x0000000000000220       0x20 /home/danielcrovo/intelFPGA_lite/21.1/nios2eds/bin/gnu/H-x86_64-pc-linux-gnu/bin/../lib/gcc/nios2-elf/11.2.1/../../../../../H-x86_64-pc-linux-gnu/nios2-elf/lib/mno-hw-mul/libc.a(lib_a-atexit.o)
 .debug_aranges
                0x0000000000000240       0x20 /home/danielcrovo/intelFPGA_lite/21.1/nios2eds/bin/gnu/H-x86_64-pc-linux-gnu/bin/../lib/gcc/nios2-elf/11.2.1/../../../../../H-x86_64-pc-linux-gnu/nios2-elf/lib/mno-hw-mul/libc.a(lib_a-exit.o)
 .debug_aranges
                0x0000000000000260       0x18 /home/danielcrovo/intelFPGA_lite/21.1/nios2eds/bin/gnu/H-x86_64-pc-linux-gnu/bin/../lib/gcc/nios2-elf/11.2.1/../../../../../H-x86_64-pc-linux-gnu/nios2-elf/lib/mno-hw-mul/libc.a(lib_a-impure.o)
 .debug_aranges
                0x0000000000000278       0x18 /home/danielcrovo/intelFPGA_lite/21.1/nios2eds/bin/gnu/H-x86_64-pc-linux-gnu/bin/../lib/gcc/nios2-elf/11.2.1/../../../../../H-x86_64-pc-linux-gnu/nios2-elf/lib/mno-hw-mul/libc.a(lib_a-int_errno.o)
 .debug_aranges
                0x0000000000000290       0x20 /home/danielcrovo/intelFPGA_lite/21.1/nios2eds/bin/gnu/H-x86_64-pc-linux-gnu/bin/../lib/gcc/nios2-elf/11.2.1/../../../../../H-x86_64-pc-linux-gnu/nios2-elf/lib/mno-hw-mul/libc.a(lib_a-__atexit.o)
 .debug_aranges
                0x00000000000002b0       0x20 /home/danielcrovo/intelFPGA_lite/21.1/nios2eds/bin/gnu/H-x86_64-pc-linux-gnu/bin/../lib/gcc/nios2-elf/11.2.1/../../../../../H-x86_64-pc-linux-gnu/nios2-elf/lib/mno-hw-mul/libc.a(lib_a-__call_atexit.o)
 .debug_aranges
                0x00000000000002d0       0x20 /home/danielcrovo/intelFPGA_lite/21.1/nios2eds/bin/gnu/H-x86_64-pc-linux-gnu/bin/../lib/gcc/nios2-elf/11.2.1/mno-hw-mul/libgcc.a(lib2-divmod.o)
 .debug_aranges
                0x00000000000002f0       0x20 /home/danielcrovo/intelFPGA_lite/21.1/nios2eds/bin/gnu/H-x86_64-pc-linux-gnu/bin/../lib/gcc/nios2-elf/11.2.1/mno-hw-mul/libgcc.a(lib2-mul.o)
 .debug_aranges
                0x0000000000000310       0x20 ../nios2_4p_bsp//libhal_bsp.a(alt_exit.o)

.debug_pubnames
 *(.debug_pubnames)

.debug_info     0x0000000000000000     0x4306
 *(.debug_info .gnu.linkonce.wi.*)
 .debug_info    0x0000000000000000       0x22 ../nios2_4p_bsp//obj/HAL/src/crt0.o
 .debug_info    0x0000000000000022      0x30f obj/default/hello_world.o
 .debug_info    0x0000000000000331       0xeb /home/danielcrovo/intelFPGA_lite/21.1/nios2eds/bin/gnu/H-x86_64-pc-linux-gnu/bin/../lib/gcc/nios2-elf/11.2.1/../../../../../H-x86_64-pc-linux-gnu/nios2-elf/lib/mno-hw-mul/libc.a(lib_a-strlen.o)
 .debug_info    0x000000000000041c      0x144 ../nios2_4p_bsp//libhal_bsp.a(alt_load.o)
 .debug_info    0x0000000000000560      0x179 ../nios2_4p_bsp//libhal_bsp.a(alt_main.o)
 .debug_info    0x00000000000006d9       0xce ../nios2_4p_bsp//libhal_bsp.a(alt_usleep.o)
 .debug_info    0x00000000000007a7       0xdb ../nios2_4p_bsp//libhal_bsp.a(alt_sys_init.o)
 .debug_info    0x0000000000000882       0xd5 ../nios2_4p_bsp//libhal_bsp.a(alt_busy_sleep.o)
 .debug_info    0x0000000000000957      0x32f ../nios2_4p_bsp//libhal_bsp.a(alt_close.o)
 .debug_info    0x0000000000000c86       0x8d ../nios2_4p_bsp//libhal_bsp.a(alt_dcache_flush_all.o)
 .debug_info    0x0000000000000d13      0x567 ../nios2_4p_bsp//libhal_bsp.a(alt_dev.o)
 .debug_info    0x000000000000127a       0x83 ../nios2_4p_bsp//libhal_bsp.a(alt_do_ctors.o)
 .debug_info    0x00000000000012fd       0x83 ../nios2_4p_bsp//libhal_bsp.a(alt_do_dtors.o)
 .debug_info    0x0000000000001380       0xa8 ../nios2_4p_bsp//libhal_bsp.a(alt_errno.o)
 .debug_info    0x0000000000001428       0x8d ../nios2_4p_bsp//libhal_bsp.a(alt_icache_flush_all.o)
 .debug_info    0x00000000000014b5      0x2ac ../nios2_4p_bsp//libhal_bsp.a(alt_release_fd.o)
 .debug_info    0x0000000000001761       0x8d ../nios2_4p_bsp//libhal_bsp.a(altera_nios2_gen2_irq.o)
 .debug_info    0x00000000000017ee      0x118 /home/danielcrovo/intelFPGA_lite/21.1/nios2eds/bin/gnu/H-x86_64-pc-linux-gnu/bin/../lib/gcc/nios2-elf/11.2.1/../../../../../H-x86_64-pc-linux-gnu/nios2-elf/lib/mno-hw-mul/libc.a(lib_a-atexit.o)
 .debug_info    0x0000000000001906      0x90e /home/danielcrovo/intelFPGA_lite/21.1/nios2eds/bin/gnu/H-x86_64-pc-linux-gnu/bin/../lib/gcc/nios2-elf/11.2.1/../../../../../H-x86_64-pc-linux-gnu/nios2-elf/lib/mno-hw-mul/libc.a(lib_a-exit.o)
 .debug_info    0x0000000000002214      0x8c0 /home/danielcrovo/intelFPGA_lite/21.1/nios2eds/bin/gnu/H-x86_64-pc-linux-gnu/bin/../lib/gcc/nios2-elf/11.2.1/../../../../../H-x86_64-pc-linux-gnu/nios2-elf/lib/mno-hw-mul/libc.a(lib_a-impure.o)
 .debug_info    0x0000000000002ad4       0x85 /home/danielcrovo/intelFPGA_lite/21.1/nios2eds/bin/gnu/H-x86_64-pc-linux-gnu/bin/../lib/gcc/nios2-elf/11.2.1/../../../../../H-x86_64-pc-linux-gnu/nios2-elf/lib/mno-hw-mul/libc.a(lib_a-int_errno.o)
 .debug_info    0x0000000000002b59      0x93f /home/danielcrovo/intelFPGA_lite/21.1/nios2eds/bin/gnu/H-x86_64-pc-linux-gnu/bin/../lib/gcc/nios2-elf/11.2.1/../../../../../H-x86_64-pc-linux-gnu/nios2-elf/lib/mno-hw-mul/libc.a(lib_a-__atexit.o)
 .debug_info    0x0000000000003498      0x981 /home/danielcrovo/intelFPGA_lite/21.1/nios2eds/bin/gnu/H-x86_64-pc-linux-gnu/bin/../lib/gcc/nios2-elf/11.2.1/../../../../../H-x86_64-pc-linux-gnu/nios2-elf/lib/mno-hw-mul/libc.a(lib_a-__call_atexit.o)
 .debug_info    0x0000000000003e19      0x347 /home/danielcrovo/intelFPGA_lite/21.1/nios2eds/bin/gnu/H-x86_64-pc-linux-gnu/bin/../lib/gcc/nios2-elf/11.2.1/mno-hw-mul/libgcc.a(lib2-divmod.o)
 .debug_info    0x0000000000004160       0xc4 /home/danielcrovo/intelFPGA_lite/21.1/nios2eds/bin/gnu/H-x86_64-pc-linux-gnu/bin/../lib/gcc/nios2-elf/11.2.1/mno-hw-mul/libgcc.a(lib2-mul.o)
 .debug_info    0x0000000000004224       0xe2 ../nios2_4p_bsp//libhal_bsp.a(alt_exit.o)

.debug_abbrev   0x0000000000000000     0x172c
 *(.debug_abbrev)
 .debug_abbrev  0x0000000000000000       0x12 ../nios2_4p_bsp//obj/HAL/src/crt0.o
 .debug_abbrev  0x0000000000000012      0x17c obj/default/hello_world.o
 .debug_abbrev  0x000000000000018e       0x90 /home/danielcrovo/intelFPGA_lite/21.1/nios2eds/bin/gnu/H-x86_64-pc-linux-gnu/bin/../lib/gcc/nios2-elf/11.2.1/../../../../../H-x86_64-pc-linux-gnu/nios2-elf/lib/mno-hw-mul/libc.a(lib_a-strlen.o)
 .debug_abbrev  0x000000000000021e       0xc2 ../nios2_4p_bsp//libhal_bsp.a(alt_load.o)
 .debug_abbrev  0x00000000000002e0       0xf3 ../nios2_4p_bsp//libhal_bsp.a(alt_main.o)
 .debug_abbrev  0x00000000000003d3       0x83 ../nios2_4p_bsp//libhal_bsp.a(alt_usleep.o)
 .debug_abbrev  0x0000000000000456       0xb2 ../nios2_4p_bsp//libhal_bsp.a(alt_sys_init.o)
 .debug_abbrev  0x0000000000000508       0x88 ../nios2_4p_bsp//libhal_bsp.a(alt_busy_sleep.o)
 .debug_abbrev  0x0000000000000590      0x147 ../nios2_4p_bsp//libhal_bsp.a(alt_close.o)
 .debug_abbrev  0x00000000000006d7       0x43 ../nios2_4p_bsp//libhal_bsp.a(alt_dcache_flush_all.o)
 .debug_abbrev  0x000000000000071a      0x11b ../nios2_4p_bsp//libhal_bsp.a(alt_dev.o)
 .debug_abbrev  0x0000000000000835       0x83 ../nios2_4p_bsp//libhal_bsp.a(alt_do_ctors.o)
 .debug_abbrev  0x00000000000008b8       0x83 ../nios2_4p_bsp//libhal_bsp.a(alt_do_dtors.o)
 .debug_abbrev  0x000000000000093b       0x70 ../nios2_4p_bsp//libhal_bsp.a(alt_errno.o)
 .debug_abbrev  0x00000000000009ab       0x43 ../nios2_4p_bsp//libhal_bsp.a(alt_icache_flush_all.o)
 .debug_abbrev  0x00000000000009ee       0xea ../nios2_4p_bsp//libhal_bsp.a(alt_release_fd.o)
 .debug_abbrev  0x0000000000000ad8       0x43 ../nios2_4p_bsp//libhal_bsp.a(altera_nios2_gen2_irq.o)
 .debug_abbrev  0x0000000000000b1b       0xc1 /home/danielcrovo/intelFPGA_lite/21.1/nios2eds/bin/gnu/H-x86_64-pc-linux-gnu/bin/../lib/gcc/nios2-elf/11.2.1/../../../../../H-x86_64-pc-linux-gnu/nios2-elf/lib/mno-hw-mul/libc.a(lib_a-atexit.o)
 .debug_abbrev  0x0000000000000bdc      0x23e /home/danielcrovo/intelFPGA_lite/21.1/nios2eds/bin/gnu/H-x86_64-pc-linux-gnu/bin/../lib/gcc/nios2-elf/11.2.1/../../../../../H-x86_64-pc-linux-gnu/nios2-elf/lib/mno-hw-mul/libc.a(lib_a-exit.o)
 .debug_abbrev  0x0000000000000e1a      0x1db /home/danielcrovo/intelFPGA_lite/21.1/nios2eds/bin/gnu/H-x86_64-pc-linux-gnu/bin/../lib/gcc/nios2-elf/11.2.1/../../../../../H-x86_64-pc-linux-gnu/nios2-elf/lib/mno-hw-mul/libc.a(lib_a-impure.o)
 .debug_abbrev  0x0000000000000ff5       0x39 /home/danielcrovo/intelFPGA_lite/21.1/nios2eds/bin/gnu/H-x86_64-pc-linux-gnu/bin/../lib/gcc/nios2-elf/11.2.1/../../../../../H-x86_64-pc-linux-gnu/nios2-elf/lib/mno-hw-mul/libc.a(lib_a-int_errno.o)
 .debug_abbrev  0x000000000000102e      0x261 /home/danielcrovo/intelFPGA_lite/21.1/nios2eds/bin/gnu/H-x86_64-pc-linux-gnu/bin/../lib/gcc/nios2-elf/11.2.1/../../../../../H-x86_64-pc-linux-gnu/nios2-elf/lib/mno-hw-mul/libc.a(lib_a-__atexit.o)
 .debug_abbrev  0x000000000000128f      0x266 /home/danielcrovo/intelFPGA_lite/21.1/nios2eds/bin/gnu/H-x86_64-pc-linux-gnu/bin/../lib/gcc/nios2-elf/11.2.1/../../../../../H-x86_64-pc-linux-gnu/nios2-elf/lib/mno-hw-mul/libc.a(lib_a-__call_atexit.o)
 .debug_abbrev  0x00000000000014f5      0x10c /home/danielcrovo/intelFPGA_lite/21.1/nios2eds/bin/gnu/H-x86_64-pc-linux-gnu/bin/../lib/gcc/nios2-elf/11.2.1/mno-hw-mul/libgcc.a(lib2-divmod.o)
 .debug_abbrev  0x0000000000001601       0x80 /home/danielcrovo/intelFPGA_lite/21.1/nios2eds/bin/gnu/H-x86_64-pc-linux-gnu/bin/../lib/gcc/nios2-elf/11.2.1/mno-hw-mul/libgcc.a(lib2-mul.o)
 .debug_abbrev  0x0000000000001681       0xab ../nios2_4p_bsp//libhal_bsp.a(alt_exit.o)

.debug_line     0x0000000000000000     0x1278
 *(.debug_line)
 .debug_line    0x0000000000000000       0x66 ../nios2_4p_bsp//obj/HAL/src/crt0.o
 .debug_line    0x0000000000000066      0x256 obj/default/hello_world.o
 .debug_line    0x00000000000002bc       0xc6 /home/danielcrovo/intelFPGA_lite/21.1/nios2eds/bin/gnu/H-x86_64-pc-linux-gnu/bin/../lib/gcc/nios2-elf/11.2.1/../../../../../H-x86_64-pc-linux-gnu/nios2-elf/lib/mno-hw-mul/libc.a(lib_a-strlen.o)
 .debug_line    0x0000000000000382       0x8f ../nios2_4p_bsp//libhal_bsp.a(alt_load.o)
 .debug_line    0x0000000000000411       0x8c ../nios2_4p_bsp//libhal_bsp.a(alt_main.o)
 .debug_line    0x000000000000049d       0x6e ../nios2_4p_bsp//libhal_bsp.a(alt_usleep.o)
 .debug_line    0x000000000000050b       0x75 ../nios2_4p_bsp//libhal_bsp.a(alt_sys_init.o)
 .debug_line    0x0000000000000580       0xd2 ../nios2_4p_bsp//libhal_bsp.a(alt_busy_sleep.o)
 .debug_line    0x0000000000000652      0x117 ../nios2_4p_bsp//libhal_bsp.a(alt_close.o)
 .debug_line    0x0000000000000769       0x4e ../nios2_4p_bsp//libhal_bsp.a(alt_dcache_flush_all.o)
 .debug_line    0x00000000000007b7       0x99 ../nios2_4p_bsp//libhal_bsp.a(alt_dev.o)
 .debug_line    0x0000000000000850       0x69 ../nios2_4p_bsp//libhal_bsp.a(alt_do_ctors.o)
 .debug_line    0x00000000000008b9       0x69 ../nios2_4p_bsp//libhal_bsp.a(alt_do_dtors.o)
 .debug_line    0x0000000000000922       0x4c ../nios2_4p_bsp//libhal_bsp.a(alt_errno.o)
 .debug_line    0x000000000000096e       0x4c ../nios2_4p_bsp//libhal_bsp.a(alt_icache_flush_all.o)
 .debug_line    0x00000000000009ba       0x77 ../nios2_4p_bsp//libhal_bsp.a(alt_release_fd.o)
 .debug_line    0x0000000000000a31       0x51 ../nios2_4p_bsp//libhal_bsp.a(altera_nios2_gen2_irq.o)
 .debug_line    0x0000000000000a82       0x65 /home/danielcrovo/intelFPGA_lite/21.1/nios2eds/bin/gnu/H-x86_64-pc-linux-gnu/bin/../lib/gcc/nios2-elf/11.2.1/../../../../../H-x86_64-pc-linux-gnu/nios2-elf/lib/mno-hw-mul/libc.a(lib_a-atexit.o)
 .debug_line    0x0000000000000ae7       0xa6 /home/danielcrovo/intelFPGA_lite/21.1/nios2eds/bin/gnu/H-x86_64-pc-linux-gnu/bin/../lib/gcc/nios2-elf/11.2.1/../../../../../H-x86_64-pc-linux-gnu/nios2-elf/lib/mno-hw-mul/libc.a(lib_a-exit.o)
 .debug_line    0x0000000000000b8d       0x56 /home/danielcrovo/intelFPGA_lite/21.1/nios2eds/bin/gnu/H-x86_64-pc-linux-gnu/bin/../lib/gcc/nios2-elf/11.2.1/../../../../../H-x86_64-pc-linux-gnu/nios2-elf/lib/mno-hw-mul/libc.a(lib_a-impure.o)
 .debug_line    0x0000000000000be3       0x3a /home/danielcrovo/intelFPGA_lite/21.1/nios2eds/bin/gnu/H-x86_64-pc-linux-gnu/bin/../lib/gcc/nios2-elf/11.2.1/../../../../../H-x86_64-pc-linux-gnu/nios2-elf/lib/mno-hw-mul/libc.a(lib_a-int_errno.o)
 .debug_line    0x0000000000000c1d      0x100 /home/danielcrovo/intelFPGA_lite/21.1/nios2eds/bin/gnu/H-x86_64-pc-linux-gnu/bin/../lib/gcc/nios2-elf/11.2.1/../../../../../H-x86_64-pc-linux-gnu/nios2-elf/lib/mno-hw-mul/libc.a(lib_a-__atexit.o)
 .debug_line    0x0000000000000d1d      0x17f /home/danielcrovo/intelFPGA_lite/21.1/nios2eds/bin/gnu/H-x86_64-pc-linux-gnu/bin/../lib/gcc/nios2-elf/11.2.1/../../../../../H-x86_64-pc-linux-gnu/nios2-elf/lib/mno-hw-mul/libc.a(lib_a-__call_atexit.o)
 .debug_line    0x0000000000000e9c      0x2da /home/danielcrovo/intelFPGA_lite/21.1/nios2eds/bin/gnu/H-x86_64-pc-linux-gnu/bin/../lib/gcc/nios2-elf/11.2.1/mno-hw-mul/libgcc.a(lib2-divmod.o)
 .debug_line    0x0000000000001176       0x88 /home/danielcrovo/intelFPGA_lite/21.1/nios2eds/bin/gnu/H-x86_64-pc-linux-gnu/bin/../lib/gcc/nios2-elf/11.2.1/mno-hw-mul/libgcc.a(lib2-mul.o)
 .debug_line    0x00000000000011fe       0x7a ../nios2_4p_bsp//libhal_bsp.a(alt_exit.o)

.debug_frame    0x0000000000000000      0x5ac
 *(.debug_frame)
 .debug_frame   0x0000000000000000      0x10c obj/default/hello_world.o
 .debug_frame   0x000000000000010c       0x20 /home/danielcrovo/intelFPGA_lite/21.1/nios2eds/bin/gnu/H-x86_64-pc-linux-gnu/bin/../lib/gcc/nios2-elf/11.2.1/../../../../../H-x86_64-pc-linux-gnu/nios2-elf/lib/mno-hw-mul/libc.a(lib_a-strlen.o)
 .debug_frame   0x000000000000012c       0x5c ../nios2_4p_bsp//libhal_bsp.a(alt_load.o)
 .debug_frame   0x0000000000000188       0x2c ../nios2_4p_bsp//libhal_bsp.a(alt_main.o)
 .debug_frame   0x00000000000001b4       0x38 ../nios2_4p_bsp//libhal_bsp.a(alt_usleep.o)
 .debug_frame   0x00000000000001ec       0x5c ../nios2_4p_bsp//libhal_bsp.a(alt_sys_init.o)
 .debug_frame   0x0000000000000248       0x38 ../nios2_4p_bsp//libhal_bsp.a(alt_busy_sleep.o)
 .debug_frame   0x0000000000000280       0x60 ../nios2_4p_bsp//libhal_bsp.a(alt_close.o)
 .debug_frame   0x00000000000002e0       0x34 ../nios2_4p_bsp//libhal_bsp.a(alt_dcache_flush_all.o)
 .debug_frame   0x0000000000000314       0x34 ../nios2_4p_bsp//libhal_bsp.a(alt_dev.o)
 .debug_frame   0x0000000000000348       0x38 ../nios2_4p_bsp//libhal_bsp.a(alt_do_ctors.o)
 .debug_frame   0x0000000000000380       0x38 ../nios2_4p_bsp//libhal_bsp.a(alt_do_dtors.o)
 .debug_frame   0x00000000000003b8       0x34 ../nios2_4p_bsp//libhal_bsp.a(alt_icache_flush_all.o)
 .debug_frame   0x00000000000003ec       0x34 ../nios2_4p_bsp//libhal_bsp.a(alt_release_fd.o)
 .debug_frame   0x0000000000000420       0x34 ../nios2_4p_bsp//libhal_bsp.a(altera_nios2_gen2_irq.o)
 .debug_frame   0x0000000000000454       0x20 /home/danielcrovo/intelFPGA_lite/21.1/nios2eds/bin/gnu/H-x86_64-pc-linux-gnu/bin/../lib/gcc/nios2-elf/11.2.1/../../../../../H-x86_64-pc-linux-gnu/nios2-elf/lib/mno-hw-mul/libc.a(lib_a-atexit.o)
 .debug_frame   0x0000000000000474       0x28 /home/danielcrovo/intelFPGA_lite/21.1/nios2eds/bin/gnu/H-x86_64-pc-linux-gnu/bin/../lib/gcc/nios2-elf/11.2.1/../../../../../H-x86_64-pc-linux-gnu/nios2-elf/lib/mno-hw-mul/libc.a(lib_a-exit.o)
 .debug_frame   0x000000000000049c       0x20 /home/danielcrovo/intelFPGA_lite/21.1/nios2eds/bin/gnu/H-x86_64-pc-linux-gnu/bin/../lib/gcc/nios2-elf/11.2.1/../../../../../H-x86_64-pc-linux-gnu/nios2-elf/lib/mno-hw-mul/libc.a(lib_a-__atexit.o)
 .debug_frame   0x00000000000004bc       0x54 /home/danielcrovo/intelFPGA_lite/21.1/nios2eds/bin/gnu/H-x86_64-pc-linux-gnu/bin/../lib/gcc/nios2-elf/11.2.1/../../../../../H-x86_64-pc-linux-gnu/nios2-elf/lib/mno-hw-mul/libc.a(lib_a-__call_atexit.o)
 .debug_frame   0x0000000000000510       0x50 /home/danielcrovo/intelFPGA_lite/21.1/nios2eds/bin/gnu/H-x86_64-pc-linux-gnu/bin/../lib/gcc/nios2-elf/11.2.1/mno-hw-mul/libgcc.a(lib2-divmod.o)
 .debug_frame   0x0000000000000560       0x20 /home/danielcrovo/intelFPGA_lite/21.1/nios2eds/bin/gnu/H-x86_64-pc-linux-gnu/bin/../lib/gcc/nios2-elf/11.2.1/mno-hw-mul/libgcc.a(lib2-mul.o)
 .debug_frame   0x0000000000000580       0x2c ../nios2_4p_bsp//libhal_bsp.a(alt_exit.o)

.debug_str      0x0000000000000000      0xb72
 *(.debug_str)
 .debug_str     0x0000000000000000       0x84 ../nios2_4p_bsp//obj/HAL/src/crt0.o
 .debug_str     0x0000000000000084      0x148 obj/default/hello_world.o
                                        0x18d (size before relaxing)
 .debug_str     0x00000000000001cc       0x76 /home/danielcrovo/intelFPGA_lite/21.1/nios2eds/bin/gnu/H-x86_64-pc-linux-gnu/bin/../lib/gcc/nios2-elf/11.2.1/../../../../../H-x86_64-pc-linux-gnu/nios2-elf/lib/mno-hw-mul/libc.a(lib_a-strlen.o)
                                        0x11f (size before relaxing)
 .debug_str     0x0000000000000242      0x100 ../nios2_4p_bsp//libhal_bsp.a(alt_load.o)
                                        0x1f0 (size before relaxing)
 .debug_str     0x0000000000000342       0x5f ../nios2_4p_bsp//libhal_bsp.a(alt_main.o)
                                        0x165 (size before relaxing)
 .debug_str     0x00000000000003a1       0x1c ../nios2_4p_bsp//libhal_bsp.a(alt_usleep.o)
                                        0x116 (size before relaxing)
 .debug_str     0x00000000000003bd       0x39 ../nios2_4p_bsp//libhal_bsp.a(alt_sys_init.o)
                                        0x140 (size before relaxing)
 .debug_str     0x00000000000003f6       0x1a ../nios2_4p_bsp//libhal_bsp.a(alt_busy_sleep.o)
                                        0x119 (size before relaxing)
 .debug_str     0x0000000000000410       0xaa ../nios2_4p_bsp//libhal_bsp.a(alt_close.o)
                                        0x1c0 (size before relaxing)
 .debug_str     0x00000000000004ba       0xfd ../nios2_4p_bsp//libhal_bsp.a(alt_dcache_flush_all.o)
 .debug_str     0x00000000000004ba      0x14b ../nios2_4p_bsp//libhal_bsp.a(alt_dev.o)
                                        0x319 (size before relaxing)
 .debug_str     0x0000000000000605       0x27 ../nios2_4p_bsp//libhal_bsp.a(alt_do_ctors.o)
                                         0x89 (size before relaxing)
 .debug_str     0x000000000000062c       0x2b ../nios2_4p_bsp//libhal_bsp.a(alt_do_dtors.o)
                                         0x88 (size before relaxing)
 .debug_str     0x0000000000000657        0x8 ../nios2_4p_bsp//libhal_bsp.a(alt_errno.o)
                                         0xfa (size before relaxing)
 .debug_str     0x000000000000065f       0xfd ../nios2_4p_bsp//libhal_bsp.a(alt_icache_flush_all.o)
 .debug_str     0x000000000000065f      0x17d ../nios2_4p_bsp//libhal_bsp.a(alt_release_fd.o)
 .debug_str     0x000000000000065f      0x103 ../nios2_4p_bsp//libhal_bsp.a(altera_nios2_gen2_irq.o)
 .debug_str     0x000000000000065f       0x44 /home/danielcrovo/intelFPGA_lite/21.1/nios2eds/bin/gnu/H-x86_64-pc-linux-gnu/bin/../lib/gcc/nios2-elf/11.2.1/../../../../../H-x86_64-pc-linux-gnu/nios2-elf/lib/mno-hw-mul/libc.a(lib_a-atexit.o)
                                        0x149 (size before relaxing)
 .debug_str     0x00000000000006a3      0x3a5 /home/danielcrovo/intelFPGA_lite/21.1/nios2eds/bin/gnu/H-x86_64-pc-linux-gnu/bin/../lib/gcc/nios2-elf/11.2.1/../../../../../H-x86_64-pc-linux-gnu/nios2-elf/lib/mno-hw-mul/libc.a(lib_a-exit.o)
                                        0x4f2 (size before relaxing)
 .debug_str     0x0000000000000a48        0xc /home/danielcrovo/intelFPGA_lite/21.1/nios2eds/bin/gnu/H-x86_64-pc-linux-gnu/bin/../lib/gcc/nios2-elf/11.2.1/../../../../../H-x86_64-pc-linux-gnu/nios2-elf/lib/mno-hw-mul/libc.a(lib_a-impure.o)
                                        0x4e9 (size before relaxing)
 .debug_str     0x0000000000000a54      0x104 /home/danielcrovo/intelFPGA_lite/21.1/nios2eds/bin/gnu/H-x86_64-pc-linux-gnu/bin/../lib/gcc/nios2-elf/11.2.1/../../../../../H-x86_64-pc-linux-gnu/nios2-elf/lib/mno-hw-mul/libc.a(lib_a-int_errno.o)
 .debug_str     0x0000000000000a54        0xc /home/danielcrovo/intelFPGA_lite/21.1/nios2eds/bin/gnu/H-x86_64-pc-linux-gnu/bin/../lib/gcc/nios2-elf/11.2.1/../../../../../H-x86_64-pc-linux-gnu/nios2-elf/lib/mno-hw-mul/libc.a(lib_a-__atexit.o)
                                        0x51f (size before relaxing)
 .debug_str     0x0000000000000a54       0x27 /home/danielcrovo/intelFPGA_lite/21.1/nios2eds/bin/gnu/H-x86_64-pc-linux-gnu/bin/../lib/gcc/nios2-elf/11.2.1/../../../../../H-x86_64-pc-linux-gnu/nios2-elf/lib/mno-hw-mul/libc.a(lib_a-__call_atexit.o)
                                        0x513 (size before relaxing)
 .debug_str     0x0000000000000a7b       0xd7 /home/danielcrovo/intelFPGA_lite/21.1/nios2eds/bin/gnu/H-x86_64-pc-linux-gnu/bin/../lib/gcc/nios2-elf/11.2.1/mno-hw-mul/libgcc.a(lib2-divmod.o)
                                        0x122 (size before relaxing)
 .debug_str     0x0000000000000b52        0x9 /home/danielcrovo/intelFPGA_lite/21.1/nios2eds/bin/gnu/H-x86_64-pc-linux-gnu/bin/../lib/gcc/nios2-elf/11.2.1/mno-hw-mul/libgcc.a(lib2-mul.o)
                                         0xe6 (size before relaxing)
 .debug_str     0x0000000000000b5b       0x17 ../nios2_4p_bsp//libhal_bsp.a(alt_exit.o)
                                        0x105 (size before relaxing)

.debug_loc
 *(.debug_loc)

.debug_macinfo
 *(.debug_macinfo)

.debug_weaknames
 *(.debug_weaknames)

.debug_funcnames
 *(.debug_funcnames)

.debug_typenames
 *(.debug_typenames)

.debug_varnames
 *(.debug_varnames)

.debug_alt_sim_info
                0x0000000000000000       0x40
 *(.debug_alt_sim_info)
 .debug_alt_sim_info
                0x0000000000000000       0x10 ../nios2_4p_bsp//obj/HAL/src/crt0.o
 .debug_alt_sim_info
                0x0000000000000010       0x30 ../nios2_4p_bsp//libhal_bsp.a(alt_busy_sleep.o)
                0x000000000001a000                __alt_data_end = 0x1a000
                0x000000000001a000                PROVIDE (__alt_stack_pointer = __alt_data_end)
                [!provide]                        PROVIDE (__alt_stack_limit = __alt_stack_base)
                [!provide]                        PROVIDE (__alt_heap_start = end)
                [!provide]                        PROVIDE (__alt_heap_limit = 0x1a000)
OUTPUT(nios2_4p.elf elf32-littlenios2)
LOAD linker stubs

.debug_ranges   0x0000000000000000       0x20
 .debug_ranges  0x0000000000000000       0x20 ../nios2_4p_bsp//obj/HAL/src/crt0.o

.debug_rnglists
                0x0000000000000000       0xef
 .debug_rnglists
                0x0000000000000000       0x38 obj/default/hello_world.o
 .debug_rnglists
                0x0000000000000038       0x14 /home/danielcrovo/intelFPGA_lite/21.1/nios2eds/bin/gnu/H-x86_64-pc-linux-gnu/bin/../lib/gcc/nios2-elf/11.2.1/../../../../../H-x86_64-pc-linux-gnu/nios2-elf/lib/mno-hw-mul/libc.a(lib_a-strlen.o)
 .debug_rnglists
                0x000000000000004c       0x13 /home/danielcrovo/intelFPGA_lite/21.1/nios2eds/bin/gnu/H-x86_64-pc-linux-gnu/bin/../lib/gcc/nios2-elf/11.2.1/../../../../../H-x86_64-pc-linux-gnu/nios2-elf/lib/mno-hw-mul/libc.a(lib_a-atexit.o)
 .debug_rnglists
                0x000000000000005f       0x13 /home/danielcrovo/intelFPGA_lite/21.1/nios2eds/bin/gnu/H-x86_64-pc-linux-gnu/bin/../lib/gcc/nios2-elf/11.2.1/../../../../../H-x86_64-pc-linux-gnu/nios2-elf/lib/mno-hw-mul/libc.a(lib_a-exit.o)
 .debug_rnglists
                0x0000000000000072       0x14 /home/danielcrovo/intelFPGA_lite/21.1/nios2eds/bin/gnu/H-x86_64-pc-linux-gnu/bin/../lib/gcc/nios2-elf/11.2.1/../../../../../H-x86_64-pc-linux-gnu/nios2-elf/lib/mno-hw-mul/libc.a(lib_a-__atexit.o)
 .debug_rnglists
                0x0000000000000086       0x2a /home/danielcrovo/intelFPGA_lite/21.1/nios2eds/bin/gnu/H-x86_64-pc-linux-gnu/bin/../lib/gcc/nios2-elf/11.2.1/../../../../../H-x86_64-pc-linux-gnu/nios2-elf/lib/mno-hw-mul/libc.a(lib_a-__call_atexit.o)
 .debug_rnglists
                0x00000000000000b0       0x3f /home/danielcrovo/intelFPGA_lite/21.1/nios2eds/bin/gnu/H-x86_64-pc-linux-gnu/bin/../lib/gcc/nios2-elf/11.2.1/mno-hw-mul/libgcc.a(lib2-divmod.o)

.debug_line_str
                0x0000000000000000      0xba8
 .debug_line_str
                0x0000000000000000      0x174 obj/default/hello_world.o
                                        0x1f2 (size before relaxing)
 .debug_line_str
                0x0000000000000174      0x1de /home/danielcrovo/intelFPGA_lite/21.1/nios2eds/bin/gnu/H-x86_64-pc-linux-gnu/bin/../lib/gcc/nios2-elf/11.2.1/../../../../../H-x86_64-pc-linux-gnu/nios2-elf/lib/mno-hw-mul/libc.a(lib_a-strlen.o)
                                        0x2c9 (size before relaxing)
 .debug_line_str
                0x0000000000000352       0xb0 ../nios2_4p_bsp//libhal_bsp.a(alt_load.o)
                                        0x140 (size before relaxing)
 .debug_line_str
                0x0000000000000402       0xbf ../nios2_4p_bsp//libhal_bsp.a(alt_main.o)
                                        0x21e (size before relaxing)
 .debug_line_str
                0x00000000000004c1       0x26 ../nios2_4p_bsp//libhal_bsp.a(alt_usleep.o)
                                        0x1a8 (size before relaxing)
 .debug_line_str
                0x00000000000004e7       0x27 ../nios2_4p_bsp//libhal_bsp.a(alt_sys_init.o)
                                        0x133 (size before relaxing)
 .debug_line_str
                0x000000000000050e       0x19 ../nios2_4p_bsp//libhal_bsp.a(alt_busy_sleep.o)
                                        0x12d (size before relaxing)
 .debug_line_str
                0x0000000000000527       0x41 ../nios2_4p_bsp//libhal_bsp.a(alt_close.o)
                                        0x1d4 (size before relaxing)
 .debug_line_str
                0x0000000000000568       0x1f ../nios2_4p_bsp//libhal_bsp.a(alt_dcache_flush_all.o)
                                        0x129 (size before relaxing)
 .debug_line_str
                0x0000000000000587       0xa8 ../nios2_4p_bsp//libhal_bsp.a(alt_dev.o)
                                        0x260 (size before relaxing)
 .debug_line_str
                0x000000000000062f       0x17 ../nios2_4p_bsp//libhal_bsp.a(alt_do_ctors.o)
                                        0x111 (size before relaxing)
 .debug_line_str
                0x0000000000000646       0x17 ../nios2_4p_bsp//libhal_bsp.a(alt_do_dtors.o)
                                        0x111 (size before relaxing)
 .debug_line_str
                0x000000000000065d       0x14 ../nios2_4p_bsp//libhal_bsp.a(alt_errno.o)
                                        0x18d (size before relaxing)
 .debug_line_str
                0x0000000000000671       0x1f ../nios2_4p_bsp//libhal_bsp.a(alt_icache_flush_all.o)
                                        0x129 (size before relaxing)
 .debug_line_str
                0x0000000000000690       0x19 ../nios2_4p_bsp//libhal_bsp.a(alt_release_fd.o)
                                        0x16b (size before relaxing)
 .debug_line_str
                0x00000000000006a9       0x20 ../nios2_4p_bsp//libhal_bsp.a(altera_nios2_gen2_irq.o)
                                        0x12c (size before relaxing)
 .debug_line_str
                0x00000000000006c9      0x10f /home/danielcrovo/intelFPGA_lite/21.1/nios2eds/bin/gnu/H-x86_64-pc-linux-gnu/bin/../lib/gcc/nios2-elf/11.2.1/../../../../../H-x86_64-pc-linux-gnu/nios2-elf/lib/mno-hw-mul/libc.a(lib_a-atexit.o)
                                        0x254 (size before relaxing)
 .debug_line_str
                0x00000000000007d8       0xb3 /home/danielcrovo/intelFPGA_lite/21.1/nios2eds/bin/gnu/H-x86_64-pc-linux-gnu/bin/../lib/gcc/nios2-elf/11.2.1/../../../../../H-x86_64-pc-linux-gnu/nios2-elf/lib/mno-hw-mul/libc.a(lib_a-exit.o)
                                        0x354 (size before relaxing)
 .debug_line_str
                0x000000000000088b      0x103 /home/danielcrovo/intelFPGA_lite/21.1/nios2eds/bin/gnu/H-x86_64-pc-linux-gnu/bin/../lib/gcc/nios2-elf/11.2.1/../../../../../H-x86_64-pc-linux-gnu/nios2-elf/lib/mno-hw-mul/libc.a(lib_a-impure.o)
                                        0x2d7 (size before relaxing)
 .debug_line_str
                0x000000000000098e       0x41 /home/danielcrovo/intelFPGA_lite/21.1/nios2eds/bin/gnu/H-x86_64-pc-linux-gnu/bin/../lib/gcc/nios2-elf/11.2.1/../../../../../H-x86_64-pc-linux-gnu/nios2-elf/lib/mno-hw-mul/libc.a(lib_a-int_errno.o)
                                        0x1e3 (size before relaxing)
 .debug_line_str
                0x00000000000009cf       0x41 /home/danielcrovo/intelFPGA_lite/21.1/nios2eds/bin/gnu/H-x86_64-pc-linux-gnu/bin/../lib/gcc/nios2-elf/11.2.1/../../../../../H-x86_64-pc-linux-gnu/nios2-elf/lib/mno-hw-mul/libc.a(lib_a-__atexit.o)
                                        0x2eb (size before relaxing)
 .debug_line_str
                0x0000000000000a10       0x46 /home/danielcrovo/intelFPGA_lite/21.1/nios2eds/bin/gnu/H-x86_64-pc-linux-gnu/bin/../lib/gcc/nios2-elf/11.2.1/../../../../../H-x86_64-pc-linux-gnu/nios2-elf/lib/mno-hw-mul/libc.a(lib_a-__call_atexit.o)
                                        0x2f1 (size before relaxing)
 .debug_line_str
                0x0000000000000a56       0xfb /home/danielcrovo/intelFPGA_lite/21.1/nios2eds/bin/gnu/H-x86_64-pc-linux-gnu/bin/../lib/gcc/nios2-elf/11.2.1/mno-hw-mul/libgcc.a(lib2-divmod.o)
                                        0x1c8 (size before relaxing)
 .debug_line_str
                0x0000000000000b51       0x3a /home/danielcrovo/intelFPGA_lite/21.1/nios2eds/bin/gnu/H-x86_64-pc-linux-gnu/bin/../lib/gcc/nios2-elf/11.2.1/mno-hw-mul/libgcc.a(lib2-mul.o)
                                        0x1bf (size before relaxing)
 .debug_line_str
                0x0000000000000b8b       0x1d ../nios2_4p_bsp//libhal_bsp.a(alt_exit.o)
                                        0x11d (size before relaxing)

.debug_loclists
                0x0000000000000000      0x633
 .debug_loclists
                0x0000000000000000       0x4d /home/danielcrovo/intelFPGA_lite/21.1/nios2eds/bin/gnu/H-x86_64-pc-linux-gnu/bin/../lib/gcc/nios2-elf/11.2.1/../../../../../H-x86_64-pc-linux-gnu/nios2-elf/lib/mno-hw-mul/libc.a(lib_a-strlen.o)
 .debug_loclists
                0x000000000000004d       0x2a /home/danielcrovo/intelFPGA_lite/21.1/nios2eds/bin/gnu/H-x86_64-pc-linux-gnu/bin/../lib/gcc/nios2-elf/11.2.1/../../../../../H-x86_64-pc-linux-gnu/nios2-elf/lib/mno-hw-mul/libc.a(lib_a-atexit.o)
 .debug_loclists
                0x0000000000000077       0x20 /home/danielcrovo/intelFPGA_lite/21.1/nios2eds/bin/gnu/H-x86_64-pc-linux-gnu/bin/../lib/gcc/nios2-elf/11.2.1/../../../../../H-x86_64-pc-linux-gnu/nios2-elf/lib/mno-hw-mul/libc.a(lib_a-exit.o)
 .debug_loclists
                0x0000000000000097       0xa8 /home/danielcrovo/intelFPGA_lite/21.1/nios2eds/bin/gnu/H-x86_64-pc-linux-gnu/bin/../lib/gcc/nios2-elf/11.2.1/../../../../../H-x86_64-pc-linux-gnu/nios2-elf/lib/mno-hw-mul/libc.a(lib_a-__atexit.o)
 .debug_loclists
                0x000000000000013f      0x135 /home/danielcrovo/intelFPGA_lite/21.1/nios2eds/bin/gnu/H-x86_64-pc-linux-gnu/bin/../lib/gcc/nios2-elf/11.2.1/../../../../../H-x86_64-pc-linux-gnu/nios2-elf/lib/mno-hw-mul/libc.a(lib_a-__call_atexit.o)
 .debug_loclists
                0x0000000000000274      0x364 /home/danielcrovo/intelFPGA_lite/21.1/nios2eds/bin/gnu/H-x86_64-pc-linux-gnu/bin/../lib/gcc/nios2-elf/11.2.1/mno-hw-mul/libgcc.a(lib2-divmod.o)
 .debug_loclists
                0x00000000000005d8       0x5b /home/danielcrovo/intelFPGA_lite/21.1/nios2eds/bin/gnu/H-x86_64-pc-linux-gnu/bin/../lib/gcc/nios2-elf/11.2.1/mno-hw-mul/libgcc.a(lib2-mul.o)
