Archive member included to satisfy reference by file (symbol)

../nios2_p4_bsp//libhal_bsp.a(alt_load.o)
                              ../nios2_p4_bsp//obj/HAL/src/crt0.o (alt_load)
../nios2_p4_bsp//libhal_bsp.a(alt_main.o)
                              ../nios2_p4_bsp//obj/HAL/src/crt0.o (alt_main)
../nios2_p4_bsp//libhal_bsp.a(alt_sys_init.o)
                              ../nios2_p4_bsp//libhal_bsp.a(alt_main.o) (alt_irq_init)
../nios2_p4_bsp//libhal_bsp.a(alt_close.o)
                              ../nios2_p4_bsp//libhal_bsp.a(alt_main.o) (close)
../nios2_p4_bsp//libhal_bsp.a(alt_dcache_flush_all.o)
                              ../nios2_p4_bsp//libhal_bsp.a(alt_load.o) (alt_dcache_flush_all)
../nios2_p4_bsp//libhal_bsp.a(alt_dev.o)
                              ../nios2_p4_bsp//libhal_bsp.a(alt_close.o) (alt_fd_list)
../nios2_p4_bsp//libhal_bsp.a(alt_do_ctors.o)
                              ../nios2_p4_bsp//libhal_bsp.a(alt_main.o) (_do_ctors)
../nios2_p4_bsp//libhal_bsp.a(alt_do_dtors.o)
                              ../nios2_p4_bsp//libhal_bsp.a(alt_main.o) (_do_dtors)
../nios2_p4_bsp//libhal_bsp.a(alt_errno.o)
                              ../nios2_p4_bsp//libhal_bsp.a(alt_close.o) (alt_errno)
../nios2_p4_bsp//libhal_bsp.a(alt_icache_flush_all.o)
                              ../nios2_p4_bsp//libhal_bsp.a(alt_load.o) (alt_icache_flush_all)
../nios2_p4_bsp//libhal_bsp.a(alt_release_fd.o)
                              ../nios2_p4_bsp//libhal_bsp.a(alt_close.o) (alt_release_fd)
../nios2_p4_bsp//libhal_bsp.a(altera_nios2_gen2_irq.o)
                              ../nios2_p4_bsp//libhal_bsp.a(alt_sys_init.o) (altera_nios2_gen2_irq_init)
/home/danielcrovo/intelFPGA_lite/21.1/nios2eds/bin/gnu/H-x86_64-pc-linux-gnu/bin/../lib/gcc/nios2-elf/11.2.1/../../../../../H-x86_64-pc-linux-gnu/nios2-elf/lib/mno-hw-mul/libc.a(lib_a-atexit.o)
                              ../nios2_p4_bsp//libhal_bsp.a(alt_main.o) (atexit)
/home/danielcrovo/intelFPGA_lite/21.1/nios2eds/bin/gnu/H-x86_64-pc-linux-gnu/bin/../lib/gcc/nios2-elf/11.2.1/../../../../../H-x86_64-pc-linux-gnu/nios2-elf/lib/mno-hw-mul/libc.a(lib_a-exit.o)
                              ../nios2_p4_bsp//libhal_bsp.a(alt_main.o) (exit)
/home/danielcrovo/intelFPGA_lite/21.1/nios2eds/bin/gnu/H-x86_64-pc-linux-gnu/bin/../lib/gcc/nios2-elf/11.2.1/../../../../../H-x86_64-pc-linux-gnu/nios2-elf/lib/mno-hw-mul/libc.a(lib_a-impure.o)
                              /home/danielcrovo/intelFPGA_lite/21.1/nios2eds/bin/gnu/H-x86_64-pc-linux-gnu/bin/../lib/gcc/nios2-elf/11.2.1/../../../../../H-x86_64-pc-linux-gnu/nios2-elf/lib/mno-hw-mul/libc.a(lib_a-exit.o) (_global_impure_ptr)
/home/danielcrovo/intelFPGA_lite/21.1/nios2eds/bin/gnu/H-x86_64-pc-linux-gnu/bin/../lib/gcc/nios2-elf/11.2.1/../../../../../H-x86_64-pc-linux-gnu/nios2-elf/lib/mno-hw-mul/libc.a(lib_a-int_errno.o)
                              ../nios2_p4_bsp//libhal_bsp.a(alt_close.o) (errno)
/home/danielcrovo/intelFPGA_lite/21.1/nios2eds/bin/gnu/H-x86_64-pc-linux-gnu/bin/../lib/gcc/nios2-elf/11.2.1/../../../../../H-x86_64-pc-linux-gnu/nios2-elf/lib/mno-hw-mul/libc.a(lib_a-__atexit.o)
                              /home/danielcrovo/intelFPGA_lite/21.1/nios2eds/bin/gnu/H-x86_64-pc-linux-gnu/bin/../lib/gcc/nios2-elf/11.2.1/../../../../../H-x86_64-pc-linux-gnu/nios2-elf/lib/mno-hw-mul/libc.a(lib_a-atexit.o) (__register_exitproc)
/home/danielcrovo/intelFPGA_lite/21.1/nios2eds/bin/gnu/H-x86_64-pc-linux-gnu/bin/../lib/gcc/nios2-elf/11.2.1/../../../../../H-x86_64-pc-linux-gnu/nios2-elf/lib/mno-hw-mul/libc.a(lib_a-__call_atexit.o)
                              /home/danielcrovo/intelFPGA_lite/21.1/nios2eds/bin/gnu/H-x86_64-pc-linux-gnu/bin/../lib/gcc/nios2-elf/11.2.1/../../../../../H-x86_64-pc-linux-gnu/nios2-elf/lib/mno-hw-mul/libc.a(lib_a-exit.o) (__call_exitprocs)
../nios2_p4_bsp//libhal_bsp.a(alt_exit.o)
                              /home/danielcrovo/intelFPGA_lite/21.1/nios2eds/bin/gnu/H-x86_64-pc-linux-gnu/bin/../lib/gcc/nios2-elf/11.2.1/../../../../../H-x86_64-pc-linux-gnu/nios2-elf/lib/mno-hw-mul/libc.a(lib_a-exit.o) (_exit)

Memory Configuration

Name             Origin             Length             Attributes
reset            0x0000000000010000 0x0000000000000020
onchip_mem       0x0000000000010020 0x0000000000009fe0
*default*        0x0000000000000000 0xffffffffffffffff

Linker script and memory map

LOAD ../nios2_p4_bsp//obj/HAL/src/crt0.o
LOAD obj/default/hello_world.o
LOAD /home/danielcrovo/intelFPGA_lite/21.1/nios2eds/bin/gnu/H-x86_64-pc-linux-gnu/bin/../lib/gcc/nios2-elf/11.2.1/../../../../../H-x86_64-pc-linux-gnu/nios2-elf/lib/mno-hw-mul/libstdc++.a
LOAD /home/danielcrovo/intelFPGA_lite/21.1/nios2eds/bin/gnu/H-x86_64-pc-linux-gnu/bin/../lib/gcc/nios2-elf/11.2.1/../../../../../H-x86_64-pc-linux-gnu/nios2-elf/lib/mno-hw-mul/libm.a
LOAD /home/danielcrovo/intelFPGA_lite/21.1/nios2eds/bin/gnu/H-x86_64-pc-linux-gnu/bin/../lib/gcc/nios2-elf/11.2.1/mno-hw-mul/libgcc.a
START GROUP
LOAD /home/danielcrovo/intelFPGA_lite/21.1/nios2eds/bin/gnu/H-x86_64-pc-linux-gnu/bin/../lib/gcc/nios2-elf/11.2.1/../../../../../H-x86_64-pc-linux-gnu/nios2-elf/lib/mno-hw-mul/libc.a
LOAD /home/danielcrovo/intelFPGA_lite/21.1/nios2eds/bin/gnu/H-x86_64-pc-linux-gnu/bin/../lib/gcc/nios2-elf/11.2.1/mno-hw-mul/libgcc.a
LOAD ../nios2_p4_bsp//libhal_bsp.a
LOAD /home/danielcrovo/intelFPGA_lite/21.1/nios2eds/bin/gnu/H-x86_64-pc-linux-gnu/bin/../lib/gcc/nios2-elf/11.2.1/../../../../../H-x86_64-pc-linux-gnu/nios2-elf/lib/mno-hw-mul/libm.a
END GROUP
LOAD /home/danielcrovo/intelFPGA_lite/21.1/nios2eds/bin/gnu/H-x86_64-pc-linux-gnu/bin/../lib/gcc/nios2-elf/11.2.1/mno-hw-mul/libgcc.a
                0x0000000000010000                __alt_mem_onchip_mem = 0x10000

.entry          0x0000000000010000       0x20
 *(.entry)
 .entry         0x0000000000010000       0x20 ../nios2_p4_bsp//obj/HAL/src/crt0.o
                0x0000000000010000                __reset

.exceptions     0x0000000000010020        0x0
                0x0000000000010020                PROVIDE (__ram_exceptions_start = ABSOLUTE (.))
                0x0000000000010020                . = ALIGN (0x20)
 *(.irq)
 *(.exceptions.entry.label)
 *(.exceptions.entry.user)
 *(.exceptions.entry.ecc_fatal)
 *(.exceptions.entry)
 *(.exceptions.irqtest.user)
 *(.exceptions.irqtest)
 *(.exceptions.irqhandler.user)
 *(.exceptions.irqhandler)
 *(.exceptions.irqreturn.user)
 *(.exceptions.irqreturn)
 *(.exceptions.notirq.label)
 *(.exceptions.notirq.user)
 *(.exceptions.notirq)
 *(.exceptions.soft.user)
 *(.exceptions.soft)
 *(.exceptions.unknown.user)
 *(.exceptions.unknown)
 *(.exceptions.exit.label)
 *(.exceptions.exit.user)
 *(.exceptions.exit)
 *(.exceptions)
                0x0000000000010020                PROVIDE (__ram_exceptions_end = ABSOLUTE (.))
                0x0000000000010020                PROVIDE (__flash_exceptions_start = LOADADDR (.exceptions))

.text           0x0000000000010020      0x804
                [!provide]                        PROVIDE (stext = ABSOLUTE (.))
 *(.interp)
 *(.hash)
 *(.dynsym)
 *(.dynstr)
 *(.gnu.version)
 *(.gnu.version_d)
 *(.gnu.version_r)
 *(.rel.init)
 *(.rela.init)
 *(.rel.text .rel.text.* .rel.gnu.linkonce.t.*)
 *(.rela.text .rela.text.* .rela.gnu.linkonce.t.*)
 *(.rel.fini)
 *(.rela.fini)
 *(.rel.rodata .rel.rodata.* .rel.gnu.linkonce.r.*)
 *(.rela.rodata .rela.rodata.* .rela.gnu.linkonce.r.*)
 *(.rel.data .rel.data.* .rel.gnu.linkonce.d.*)
 *(.rela.data .rela.data.* .rela.gnu.linkonce.d.*)
 *(.rel.tdata .rel.tdata.* .rel.gnu.linkonce.td.*)
 *(.rela.tdata .rela.tdata.* .rela.gnu.linkonce.td.*)
 *(.rel.tbss .rel.tbss.* .rel.gnu.linkonce.tb.*)
 *(.rela.tbss .rela.tbss.* .rela.gnu.linkonce.tb.*)
 *(.rel.ctors)
 *(.rela.ctors)
 *(.rel.dtors)
 *(.rela.dtors)
 *(.rel.got)
 *(.rela.got)
 *(.rel.sdata .rel.sdata.* .rel.gnu.linkonce.s.*)
 *(.rela.sdata .rela.sdata.* .rela.gnu.linkonce.s.*)
 *(.rel.sbss .rel.sbss.* .rel.gnu.linkonce.sb.*)
 *(.rela.sbss .rela.sbss.* .rela.gnu.linkonce.sb.*)
 *(.rel.sdata2 .rel.sdata2.* .rel.gnu.linkonce.s2.*)
 *(.rela.sdata2 .rela.sdata2.* .rela.gnu.linkonce.s2.*)
 *(.rel.sbss2 .rel.sbss2.* .rel.gnu.linkonce.sb2.*)
 *(.rela.sbss2 .rela.sbss2.* .rela.gnu.linkonce.sb2.*)
 *(.rel.bss .rel.bss.* .rel.gnu.linkonce.b.*)
 *(.rela.bss .rela.bss.* .rela.gnu.linkonce.b.*)
 *(.rel.plt)
 *(.rela.plt)
 *(.rel.dyn)
 *(.init)
 *(.plt)
 *(.text .stub .text.* .gnu.linkonce.t.*)
 .text          0x0000000000010020       0x3c ../nios2_p4_bsp//obj/HAL/src/crt0.o
                0x0000000000010020                _start
 .text          0x000000000001005c      0x10c obj/default/hello_world.o
                0x000000000001005c                off_hex
                0x00000000000100c4                on_hex
                0x000000000001012c                main
 .text          0x0000000000010168       0xec ../nios2_p4_bsp//libhal_bsp.a(alt_load.o)
                0x00000000000101d0                alt_load
 .text          0x0000000000010254       0x60 ../nios2_p4_bsp//libhal_bsp.a(alt_main.o)
                0x0000000000010254                alt_main
 .text          0x00000000000102b4       0x60 ../nios2_p4_bsp//libhal_bsp.a(alt_sys_init.o)
                0x00000000000102b4                alt_irq_init
                0x00000000000102f0                alt_sys_init
 .text          0x0000000000010314      0x118 ../nios2_p4_bsp//libhal_bsp.a(alt_close.o)
                0x0000000000010350                close
 .text          0x000000000001042c       0x20 ../nios2_p4_bsp//libhal_bsp.a(alt_dcache_flush_all.o)
                0x000000000001042c                alt_dcache_flush_all
 .text          0x000000000001044c       0x2c ../nios2_p4_bsp//libhal_bsp.a(alt_dev.o)
 .text          0x0000000000010478       0x64 ../nios2_p4_bsp//libhal_bsp.a(alt_do_ctors.o)
                0x0000000000010478                _do_ctors
 .text          0x00000000000104dc       0x64 ../nios2_p4_bsp//libhal_bsp.a(alt_do_dtors.o)
                0x00000000000104dc                _do_dtors
 .text          0x0000000000010540        0x0 ../nios2_p4_bsp//libhal_bsp.a(alt_errno.o)
 .text          0x0000000000010540       0x20 ../nios2_p4_bsp//libhal_bsp.a(alt_icache_flush_all.o)
                0x0000000000010540                alt_icache_flush_all
 .text          0x0000000000010560       0x70 ../nios2_p4_bsp//libhal_bsp.a(alt_release_fd.o)
                0x0000000000010560                alt_release_fd
 .text          0x00000000000105d0       0x24 ../nios2_p4_bsp//libhal_bsp.a(altera_nios2_gen2_irq.o)
                0x00000000000105d0                altera_nios2_gen2_irq_init
 .text          0x00000000000105f4        0x0 /home/danielcrovo/intelFPGA_lite/21.1/nios2eds/bin/gnu/H-x86_64-pc-linux-gnu/bin/../lib/gcc/nios2-elf/11.2.1/../../../../../H-x86_64-pc-linux-gnu/nios2-elf/lib/mno-hw-mul/libc.a(lib_a-atexit.o)
 .text.atexit   0x00000000000105f4       0x14 /home/danielcrovo/intelFPGA_lite/21.1/nios2eds/bin/gnu/H-x86_64-pc-linux-gnu/bin/../lib/gcc/nios2-elf/11.2.1/../../../../../H-x86_64-pc-linux-gnu/nios2-elf/lib/mno-hw-mul/libc.a(lib_a-atexit.o)
                0x00000000000105f4                atexit
 .text          0x0000000000010608        0x0 /home/danielcrovo/intelFPGA_lite/21.1/nios2eds/bin/gnu/H-x86_64-pc-linux-gnu/bin/../lib/gcc/nios2-elf/11.2.1/../../../../../H-x86_64-pc-linux-gnu/nios2-elf/lib/mno-hw-mul/libc.a(lib_a-exit.o)
 .text.exit     0x0000000000010608       0x34 /home/danielcrovo/intelFPGA_lite/21.1/nios2eds/bin/gnu/H-x86_64-pc-linux-gnu/bin/../lib/gcc/nios2-elf/11.2.1/../../../../../H-x86_64-pc-linux-gnu/nios2-elf/lib/mno-hw-mul/libc.a(lib_a-exit.o)
                0x0000000000010608                exit
 .text          0x000000000001063c        0x0 /home/danielcrovo/intelFPGA_lite/21.1/nios2eds/bin/gnu/H-x86_64-pc-linux-gnu/bin/../lib/gcc/nios2-elf/11.2.1/../../../../../H-x86_64-pc-linux-gnu/nios2-elf/lib/mno-hw-mul/libc.a(lib_a-impure.o)
 .text          0x000000000001063c        0x0 /home/danielcrovo/intelFPGA_lite/21.1/nios2eds/bin/gnu/H-x86_64-pc-linux-gnu/bin/../lib/gcc/nios2-elf/11.2.1/../../../../../H-x86_64-pc-linux-gnu/nios2-elf/lib/mno-hw-mul/libc.a(lib_a-int_errno.o)
 .text          0x000000000001063c        0x0 /home/danielcrovo/intelFPGA_lite/21.1/nios2eds/bin/gnu/H-x86_64-pc-linux-gnu/bin/../lib/gcc/nios2-elf/11.2.1/../../../../../H-x86_64-pc-linux-gnu/nios2-elf/lib/mno-hw-mul/libc.a(lib_a-__atexit.o)
 .text.__register_exitproc
                0x000000000001063c       0x90 /home/danielcrovo/intelFPGA_lite/21.1/nios2eds/bin/gnu/H-x86_64-pc-linux-gnu/bin/../lib/gcc/nios2-elf/11.2.1/../../../../../H-x86_64-pc-linux-gnu/nios2-elf/lib/mno-hw-mul/libc.a(lib_a-__atexit.o)
                0x000000000001063c                __register_exitproc
 .text          0x00000000000106cc        0x0 /home/danielcrovo/intelFPGA_lite/21.1/nios2eds/bin/gnu/H-x86_64-pc-linux-gnu/bin/../lib/gcc/nios2-elf/11.2.1/../../../../../H-x86_64-pc-linux-gnu/nios2-elf/lib/mno-hw-mul/libc.a(lib_a-__call_atexit.o)
 .text.__call_exitprocs
                0x00000000000106cc      0x120 /home/danielcrovo/intelFPGA_lite/21.1/nios2eds/bin/gnu/H-x86_64-pc-linux-gnu/bin/../lib/gcc/nios2-elf/11.2.1/../../../../../H-x86_64-pc-linux-gnu/nios2-elf/lib/mno-hw-mul/libc.a(lib_a-__call_atexit.o)
                0x00000000000106cc                __call_exitprocs
 .text          0x00000000000107ec       0x38 ../nios2_p4_bsp//libhal_bsp.a(alt_exit.o)
                0x00000000000107ec                _exit
 *(.gnu.warning.*)
 *(.fini)
                [!provide]                        PROVIDE (__etext = ABSOLUTE (.))
                [!provide]                        PROVIDE (_etext = ABSOLUTE (.))
                [!provide]                        PROVIDE (etext = ABSOLUTE (.))
 *(.eh_frame_hdr)
                0x0000000000010824                . = ALIGN (0x4)
                [!provide]                        PROVIDE (__preinit_array_start = ABSOLUTE (.))
 *(.preinit_array)
                [!provide]                        PROVIDE (__preinit_array_end = ABSOLUTE (.))
                [!provide]                        PROVIDE (__init_array_start = ABSOLUTE (.))
 *(.init_array)
                [!provide]                        PROVIDE (__init_array_end = ABSOLUTE (.))
                [!provide]                        PROVIDE (__fini_array_start = ABSOLUTE (.))
 *(.fini_array)
                [!provide]                        PROVIDE (__fini_array_end = ABSOLUTE (.))
 *(.eh_frame)
 *(.gcc_except_table .gcc_except_table.*)
 *(.dynamic)
                0x0000000000010824                PROVIDE (__CTOR_LIST__ = ABSOLUTE (.))
 *(.ctors)
 *(SORT_BY_NAME(.ctors.*))
                0x0000000000010824                PROVIDE (__CTOR_END__ = ABSOLUTE (.))
                0x0000000000010824                PROVIDE (__DTOR_LIST__ = ABSOLUTE (.))
 *(.dtors)
 *(SORT_BY_NAME(.dtors.*))
                0x0000000000010824                PROVIDE (__DTOR_END__ = ABSOLUTE (.))
 *(.jcr)
                0x0000000000010824                . = ALIGN (0x4)

.rodata         0x0000000000010824       0x34
                0x0000000000010824                PROVIDE (__ram_rodata_start = ABSOLUTE (.))
                0x0000000000010824                . = ALIGN (0x4)
 *(.rodata .rodata.* .gnu.linkonce.r.*)
 .rodata        0x0000000000010824       0x27 obj/default/hello_world.o
                0x0000000000010824                NUMBERS
                0x0000000000010830                LETTERS
 *fill*         0x000000000001084b        0x1 
 .rodata        0x000000000001084c        0xa ../nios2_p4_bsp//libhal_bsp.a(alt_dev.o)
 *(.rodata1)
                0x0000000000010858                . = ALIGN (0x4)
 *fill*         0x0000000000010856        0x2 
                0x0000000000010858                PROVIDE (__ram_rodata_end = ABSOLUTE (.))
                0x0000000000010824                PROVIDE (__flash_rodata_start = LOADADDR (.rodata))

.rwdata         0x0000000000010858      0x5ec load address 0x0000000000010e44
                0x0000000000010858                PROVIDE (__ram_rwdata_start = ABSOLUTE (.))
                0x0000000000010858                . = ALIGN (0x4)
 *(.got.plt)
 *(.got)
 *(.data1)
 *(.data .data.* .gnu.linkonce.d.*)
 .data          0x0000000000010858        0x0 ../nios2_p4_bsp//obj/HAL/src/crt0.o
 .data          0x0000000000010858        0x0 obj/default/hello_world.o
 .data          0x0000000000010858        0x0 ../nios2_p4_bsp//libhal_bsp.a(alt_load.o)
 .data          0x0000000000010858        0x0 ../nios2_p4_bsp//libhal_bsp.a(alt_main.o)
 .data          0x0000000000010858        0x0 ../nios2_p4_bsp//libhal_bsp.a(alt_sys_init.o)
 .data          0x0000000000010858        0x0 ../nios2_p4_bsp//libhal_bsp.a(alt_close.o)
 .data          0x0000000000010858        0x0 ../nios2_p4_bsp//libhal_bsp.a(alt_dcache_flush_all.o)
 .data          0x0000000000010858      0x1a8 ../nios2_p4_bsp//libhal_bsp.a(alt_dev.o)
                0x0000000000010858                alt_dev_null
                0x0000000000010880                alt_fd_list
 .data          0x0000000000010a00        0x0 ../nios2_p4_bsp//libhal_bsp.a(alt_do_ctors.o)
 .data          0x0000000000010a00        0x0 ../nios2_p4_bsp//libhal_bsp.a(alt_do_dtors.o)
 .data          0x0000000000010a00        0x0 ../nios2_p4_bsp//libhal_bsp.a(alt_errno.o)
 .data          0x0000000000010a00        0x0 ../nios2_p4_bsp//libhal_bsp.a(alt_icache_flush_all.o)
 .data          0x0000000000010a00        0x0 ../nios2_p4_bsp//libhal_bsp.a(alt_release_fd.o)
 .data          0x0000000000010a00        0x0 ../nios2_p4_bsp//libhal_bsp.a(altera_nios2_gen2_irq.o)
 .data          0x0000000000010a00        0x0 /home/danielcrovo/intelFPGA_lite/21.1/nios2eds/bin/gnu/H-x86_64-pc-linux-gnu/bin/../lib/gcc/nios2-elf/11.2.1/../../../../../H-x86_64-pc-linux-gnu/nios2-elf/lib/mno-hw-mul/libc.a(lib_a-atexit.o)
 .data          0x0000000000010a00        0x0 /home/danielcrovo/intelFPGA_lite/21.1/nios2eds/bin/gnu/H-x86_64-pc-linux-gnu/bin/../lib/gcc/nios2-elf/11.2.1/../../../../../H-x86_64-pc-linux-gnu/nios2-elf/lib/mno-hw-mul/libc.a(lib_a-exit.o)
 .data          0x0000000000010a00        0x0 /home/danielcrovo/intelFPGA_lite/21.1/nios2eds/bin/gnu/H-x86_64-pc-linux-gnu/bin/../lib/gcc/nios2-elf/11.2.1/../../../../../H-x86_64-pc-linux-gnu/nios2-elf/lib/mno-hw-mul/libc.a(lib_a-impure.o)
 .data.impure_data
                0x0000000000010a00      0x424 /home/danielcrovo/intelFPGA_lite/21.1/nios2eds/bin/gnu/H-x86_64-pc-linux-gnu/bin/../lib/gcc/nios2-elf/11.2.1/../../../../../H-x86_64-pc-linux-gnu/nios2-elf/lib/mno-hw-mul/libc.a(lib_a-impure.o)
 .data          0x0000000000010e24        0x0 /home/danielcrovo/intelFPGA_lite/21.1/nios2eds/bin/gnu/H-x86_64-pc-linux-gnu/bin/../lib/gcc/nios2-elf/11.2.1/../../../../../H-x86_64-pc-linux-gnu/nios2-elf/lib/mno-hw-mul/libc.a(lib_a-int_errno.o)
 .data          0x0000000000010e24        0x0 /home/danielcrovo/intelFPGA_lite/21.1/nios2eds/bin/gnu/H-x86_64-pc-linux-gnu/bin/../lib/gcc/nios2-elf/11.2.1/../../../../../H-x86_64-pc-linux-gnu/nios2-elf/lib/mno-hw-mul/libc.a(lib_a-__atexit.o)
 .data          0x0000000000010e24        0x0 /home/danielcrovo/intelFPGA_lite/21.1/nios2eds/bin/gnu/H-x86_64-pc-linux-gnu/bin/../lib/gcc/nios2-elf/11.2.1/../../../../../H-x86_64-pc-linux-gnu/nios2-elf/lib/mno-hw-mul/libc.a(lib_a-__call_atexit.o)
 .data          0x0000000000010e24        0x0 ../nios2_p4_bsp//libhal_bsp.a(alt_exit.o)
                0x0000000000018e24                _gp = ABSOLUTE ((. + 0x8000))
                [!provide]                        PROVIDE (gp = _gp)
 *(.rwdata .rwdata.*)
 *(.sdata .sdata.* .gnu.linkonce.s.*)
 .sdata         0x0000000000010e24       0x14 ../nios2_p4_bsp//libhal_bsp.a(alt_dev.o)
                0x0000000000010e24                alt_fs_list
                0x0000000000010e2c                alt_dev_list
                0x0000000000010e34                alt_max_fd
 .sdata         0x0000000000010e38        0x4 ../nios2_p4_bsp//libhal_bsp.a(alt_errno.o)
                0x0000000000010e38                alt_errno
 .sdata._global_impure_ptr
                0x0000000000010e3c        0x4 /home/danielcrovo/intelFPGA_lite/21.1/nios2eds/bin/gnu/H-x86_64-pc-linux-gnu/bin/../lib/gcc/nios2-elf/11.2.1/../../../../../H-x86_64-pc-linux-gnu/nios2-elf/lib/mno-hw-mul/libc.a(lib_a-impure.o)
                0x0000000000010e3c                _global_impure_ptr
 .sdata._impure_ptr
                0x0000000000010e40        0x4 /home/danielcrovo/intelFPGA_lite/21.1/nios2eds/bin/gnu/H-x86_64-pc-linux-gnu/bin/../lib/gcc/nios2-elf/11.2.1/../../../../../H-x86_64-pc-linux-gnu/nios2-elf/lib/mno-hw-mul/libc.a(lib_a-impure.o)
                0x0000000000010e40                _impure_ptr
 *(.sdata2 .sdata2.* .gnu.linkonce.s2.*)
                0x0000000000010e44                . = ALIGN (0x4)
                0x0000000000010e44                _edata = ABSOLUTE (.)
                [!provide]                        PROVIDE (edata = ABSOLUTE (.))
                0x0000000000010e44                PROVIDE (__ram_rwdata_end = ABSOLUTE (.))
                0x0000000000010e44                PROVIDE (__flash_rwdata_start = LOADADDR (.rwdata))

.bss            0x0000000000011430       0x10
                0x0000000000011430                __bss_start = ABSOLUTE (.)
                [!provide]                        PROVIDE (__sbss_start = ABSOLUTE (.))
                [!provide]                        PROVIDE (___sbss_start = ABSOLUTE (.))
 *(.dynsbss)
 *(.sbss .sbss.* .gnu.linkonce.sb.*)
 .sbss          0x0000000000011430        0xc ../nios2_p4_bsp//libhal_bsp.a(alt_main.o)
                0x0000000000011430                alt_argc
                0x0000000000011434                alt_argv
                0x0000000000011438                alt_envp
 .sbss.errno    0x000000000001143c        0x4 /home/danielcrovo/intelFPGA_lite/21.1/nios2eds/bin/gnu/H-x86_64-pc-linux-gnu/bin/../lib/gcc/nios2-elf/11.2.1/../../../../../H-x86_64-pc-linux-gnu/nios2-elf/lib/mno-hw-mul/libc.a(lib_a-int_errno.o)
                0x000000000001143c                errno
 *(.sbss2 .sbss2.* .gnu.linkonce.sb2.*)
 *(.scommon)
                [!provide]                        PROVIDE (__sbss_end = ABSOLUTE (.))
                [!provide]                        PROVIDE (___sbss_end = ABSOLUTE (.))
 *(.dynbss)
 *(.bss .bss.* .gnu.linkonce.b.*)
 .bss           0x0000000000011440        0x0 ../nios2_p4_bsp//obj/HAL/src/crt0.o
 .bss           0x0000000000011440        0x0 obj/default/hello_world.o
 .bss           0x0000000000011440        0x0 ../nios2_p4_bsp//libhal_bsp.a(alt_load.o)
 .bss           0x0000000000011440        0x0 ../nios2_p4_bsp//libhal_bsp.a(alt_main.o)
 .bss           0x0000000000011440        0x0 ../nios2_p4_bsp//libhal_bsp.a(alt_sys_init.o)
 .bss           0x0000000000011440        0x0 ../nios2_p4_bsp//libhal_bsp.a(alt_close.o)
 .bss           0x0000000000011440        0x0 ../nios2_p4_bsp//libhal_bsp.a(alt_dcache_flush_all.o)
 .bss           0x0000000000011440        0x0 ../nios2_p4_bsp//libhal_bsp.a(alt_dev.o)
 .bss           0x0000000000011440        0x0 ../nios2_p4_bsp//libhal_bsp.a(alt_do_ctors.o)
 .bss           0x0000000000011440        0x0 ../nios2_p4_bsp//libhal_bsp.a(alt_do_dtors.o)
 .bss           0x0000000000011440        0x0 ../nios2_p4_bsp//libhal_bsp.a(alt_errno.o)
 .bss           0x0000000000011440        0x0 ../nios2_p4_bsp//libhal_bsp.a(alt_icache_flush_all.o)
 .bss           0x0000000000011440        0x0 ../nios2_p4_bsp//libhal_bsp.a(alt_release_fd.o)
 .bss           0x0000000000011440        0x0 ../nios2_p4_bsp//libhal_bsp.a(altera_nios2_gen2_irq.o)
 .bss           0x0000000000011440        0x0 /home/danielcrovo/intelFPGA_lite/21.1/nios2eds/bin/gnu/H-x86_64-pc-linux-gnu/bin/../lib/gcc/nios2-elf/11.2.1/../../../../../H-x86_64-pc-linux-gnu/nios2-elf/lib/mno-hw-mul/libc.a(lib_a-atexit.o)
 .bss           0x0000000000011440        0x0 /home/danielcrovo/intelFPGA_lite/21.1/nios2eds/bin/gnu/H-x86_64-pc-linux-gnu/bin/../lib/gcc/nios2-elf/11.2.1/../../../../../H-x86_64-pc-linux-gnu/nios2-elf/lib/mno-hw-mul/libc.a(lib_a-exit.o)
 .bss           0x0000000000011440        0x0 /home/danielcrovo/intelFPGA_lite/21.1/nios2eds/bin/gnu/H-x86_64-pc-linux-gnu/bin/../lib/gcc/nios2-elf/11.2.1/../../../../../H-x86_64-pc-linux-gnu/nios2-elf/lib/mno-hw-mul/libc.a(lib_a-impure.o)
 .bss           0x0000000000011440        0x0 /home/danielcrovo/intelFPGA_lite/21.1/nios2eds/bin/gnu/H-x86_64-pc-linux-gnu/bin/../lib/gcc/nios2-elf/11.2.1/../../../../../H-x86_64-pc-linux-gnu/nios2-elf/lib/mno-hw-mul/libc.a(lib_a-int_errno.o)
 .bss           0x0000000000011440        0x0 /home/danielcrovo/intelFPGA_lite/21.1/nios2eds/bin/gnu/H-x86_64-pc-linux-gnu/bin/../lib/gcc/nios2-elf/11.2.1/../../../../../H-x86_64-pc-linux-gnu/nios2-elf/lib/mno-hw-mul/libc.a(lib_a-__atexit.o)
 .bss           0x0000000000011440        0x0 /home/danielcrovo/intelFPGA_lite/21.1/nios2eds/bin/gnu/H-x86_64-pc-linux-gnu/bin/../lib/gcc/nios2-elf/11.2.1/../../../../../H-x86_64-pc-linux-gnu/nios2-elf/lib/mno-hw-mul/libc.a(lib_a-__call_atexit.o)
 .bss           0x0000000000011440        0x0 ../nios2_p4_bsp//libhal_bsp.a(alt_exit.o)
 *(COMMON)
                0x0000000000011440                . = ALIGN (0x4)
                0x0000000000011440                __bss_end = ABSOLUTE (.)

.onchip_mem     0x0000000000011440        0x0
                [!provide]                        PROVIDE (_alt_partition_onchip_mem_start = ABSOLUTE (.))
 *(.onchip_mem .onchip_mem. onchip_mem.*)
                0x0000000000011440                . = ALIGN (0x4)
                [!provide]                        PROVIDE (_alt_partition_onchip_mem_end = ABSOLUTE (.))
                0x0000000000011440                _end = ABSOLUTE (.)
                0x0000000000011440                end = ABSOLUTE (.)
                0x0000000000011440                __alt_stack_base = ABSOLUTE (.)
                [!provide]                        PROVIDE (_alt_partition_onchip_mem_load_addr = LOADADDR (.onchip_mem))

.stab
 *(.stab)

.stabstr
 *(.stabstr)

.stab.excl
 *(.stab.excl)

.stab.exclstr
 *(.stab.exclstr)

.stab.index
 *(.stab.index)

.stab.indexstr
 *(.stab.indexstr)

.comment        0x0000000000000000       0x2d
 *(.comment)
 .comment       0x0000000000000000       0x2d obj/default/hello_world.o
                                         0x2e (size before relaxing)
 .comment       0x000000000000002d       0x2e ../nios2_p4_bsp//libhal_bsp.a(alt_load.o)
 .comment       0x000000000000002d       0x2e ../nios2_p4_bsp//libhal_bsp.a(alt_main.o)
 .comment       0x000000000000002d       0x2e ../nios2_p4_bsp//libhal_bsp.a(alt_sys_init.o)
 .comment       0x000000000000002d       0x2e ../nios2_p4_bsp//libhal_bsp.a(alt_close.o)
 .comment       0x000000000000002d       0x2e ../nios2_p4_bsp//libhal_bsp.a(alt_dcache_flush_all.o)
 .comment       0x000000000000002d       0x2e ../nios2_p4_bsp//libhal_bsp.a(alt_dev.o)
 .comment       0x000000000000002d       0x2e ../nios2_p4_bsp//libhal_bsp.a(alt_do_ctors.o)
 .comment       0x000000000000002d       0x2e ../nios2_p4_bsp//libhal_bsp.a(alt_do_dtors.o)
 .comment       0x000000000000002d       0x2e ../nios2_p4_bsp//libhal_bsp.a(alt_errno.o)
 .comment       0x000000000000002d       0x2e ../nios2_p4_bsp//libhal_bsp.a(alt_icache_flush_all.o)
 .comment       0x000000000000002d       0x2e ../nios2_p4_bsp//libhal_bsp.a(alt_release_fd.o)
 .comment       0x000000000000002d       0x2e ../nios2_p4_bsp//libhal_bsp.a(altera_nios2_gen2_irq.o)
 .comment       0x000000000000002d       0x2e /home/danielcrovo/intelFPGA_lite/21.1/nios2eds/bin/gnu/H-x86_64-pc-linux-gnu/bin/../lib/gcc/nios2-elf/11.2.1/../../../../../H-x86_64-pc-linux-gnu/nios2-elf/lib/mno-hw-mul/libc.a(lib_a-atexit.o)
 .comment       0x000000000000002d       0x2e /home/danielcrovo/intelFPGA_lite/21.1/nios2eds/bin/gnu/H-x86_64-pc-linux-gnu/bin/../lib/gcc/nios2-elf/11.2.1/../../../../../H-x86_64-pc-linux-gnu/nios2-elf/lib/mno-hw-mul/libc.a(lib_a-exit.o)
 .comment       0x000000000000002d       0x2e /home/danielcrovo/intelFPGA_lite/21.1/nios2eds/bin/gnu/H-x86_64-pc-linux-gnu/bin/../lib/gcc/nios2-elf/11.2.1/../../../../../H-x86_64-pc-linux-gnu/nios2-elf/lib/mno-hw-mul/libc.a(lib_a-impure.o)
 .comment       0x000000000000002d       0x2e /home/danielcrovo/intelFPGA_lite/21.1/nios2eds/bin/gnu/H-x86_64-pc-linux-gnu/bin/../lib/gcc/nios2-elf/11.2.1/../../../../../H-x86_64-pc-linux-gnu/nios2-elf/lib/mno-hw-mul/libc.a(lib_a-int_errno.o)
 .comment       0x000000000000002d       0x2e /home/danielcrovo/intelFPGA_lite/21.1/nios2eds/bin/gnu/H-x86_64-pc-linux-gnu/bin/../lib/gcc/nios2-elf/11.2.1/../../../../../H-x86_64-pc-linux-gnu/nios2-elf/lib/mno-hw-mul/libc.a(lib_a-__atexit.o)
 .comment       0x000000000000002d       0x2e /home/danielcrovo/intelFPGA_lite/21.1/nios2eds/bin/gnu/H-x86_64-pc-linux-gnu/bin/../lib/gcc/nios2-elf/11.2.1/../../../../../H-x86_64-pc-linux-gnu/nios2-elf/lib/mno-hw-mul/libc.a(lib_a-__call_atexit.o)
 .comment       0x000000000000002d       0x2e ../nios2_p4_bsp//libhal_bsp.a(alt_exit.o)

.debug
 *(.debug)

.line
 *(.line)

.debug_srcinfo
 *(.debug_srcinfo)

.debug_sfnames
 *(.debug_sfnames)

.debug_aranges  0x0000000000000000      0x290
 *(.debug_aranges)
 .debug_aranges
                0x0000000000000000       0x28 ../nios2_p4_bsp//obj/HAL/src/crt0.o
 .debug_aranges
                0x0000000000000028       0x20 obj/default/hello_world.o
 .debug_aranges
                0x0000000000000048       0x20 ../nios2_p4_bsp//libhal_bsp.a(alt_load.o)
 .debug_aranges
                0x0000000000000068       0x20 ../nios2_p4_bsp//libhal_bsp.a(alt_main.o)
 .debug_aranges
                0x0000000000000088       0x20 ../nios2_p4_bsp//libhal_bsp.a(alt_sys_init.o)
 .debug_aranges
                0x00000000000000a8       0x20 ../nios2_p4_bsp//libhal_bsp.a(alt_close.o)
 .debug_aranges
                0x00000000000000c8       0x20 ../nios2_p4_bsp//libhal_bsp.a(alt_dcache_flush_all.o)
 .debug_aranges
                0x00000000000000e8       0x20 ../nios2_p4_bsp//libhal_bsp.a(alt_dev.o)
 .debug_aranges
                0x0000000000000108       0x20 ../nios2_p4_bsp//libhal_bsp.a(alt_do_ctors.o)
 .debug_aranges
                0x0000000000000128       0x20 ../nios2_p4_bsp//libhal_bsp.a(alt_do_dtors.o)
 .debug_aranges
                0x0000000000000148       0x18 ../nios2_p4_bsp//libhal_bsp.a(alt_errno.o)
 .debug_aranges
                0x0000000000000160       0x20 ../nios2_p4_bsp//libhal_bsp.a(alt_icache_flush_all.o)
 .debug_aranges
                0x0000000000000180       0x20 ../nios2_p4_bsp//libhal_bsp.a(alt_release_fd.o)
 .debug_aranges
                0x00000000000001a0       0x20 ../nios2_p4_bsp//libhal_bsp.a(altera_nios2_gen2_irq.o)
 .debug_aranges
                0x00000000000001c0       0x20 /home/danielcrovo/intelFPGA_lite/21.1/nios2eds/bin/gnu/H-x86_64-pc-linux-gnu/bin/../lib/gcc/nios2-elf/11.2.1/../../../../../H-x86_64-pc-linux-gnu/nios2-elf/lib/mno-hw-mul/libc.a(lib_a-atexit.o)
 .debug_aranges
                0x00000000000001e0       0x20 /home/danielcrovo/intelFPGA_lite/21.1/nios2eds/bin/gnu/H-x86_64-pc-linux-gnu/bin/../lib/gcc/nios2-elf/11.2.1/../../../../../H-x86_64-pc-linux-gnu/nios2-elf/lib/mno-hw-mul/libc.a(lib_a-exit.o)
 .debug_aranges
                0x0000000000000200       0x18 /home/danielcrovo/intelFPGA_lite/21.1/nios2eds/bin/gnu/H-x86_64-pc-linux-gnu/bin/../lib/gcc/nios2-elf/11.2.1/../../../../../H-x86_64-pc-linux-gnu/nios2-elf/lib/mno-hw-mul/libc.a(lib_a-impure.o)
 .debug_aranges
                0x0000000000000218       0x18 /home/danielcrovo/intelFPGA_lite/21.1/nios2eds/bin/gnu/H-x86_64-pc-linux-gnu/bin/../lib/gcc/nios2-elf/11.2.1/../../../../../H-x86_64-pc-linux-gnu/nios2-elf/lib/mno-hw-mul/libc.a(lib_a-int_errno.o)
 .debug_aranges
                0x0000000000000230       0x20 /home/danielcrovo/intelFPGA_lite/21.1/nios2eds/bin/gnu/H-x86_64-pc-linux-gnu/bin/../lib/gcc/nios2-elf/11.2.1/../../../../../H-x86_64-pc-linux-gnu/nios2-elf/lib/mno-hw-mul/libc.a(lib_a-__atexit.o)
 .debug_aranges
                0x0000000000000250       0x20 /home/danielcrovo/intelFPGA_lite/21.1/nios2eds/bin/gnu/H-x86_64-pc-linux-gnu/bin/../lib/gcc/nios2-elf/11.2.1/../../../../../H-x86_64-pc-linux-gnu/nios2-elf/lib/mno-hw-mul/libc.a(lib_a-__call_atexit.o)
 .debug_aranges
                0x0000000000000270       0x20 ../nios2_p4_bsp//libhal_bsp.a(alt_exit.o)

.debug_pubnames
 *(.debug_pubnames)

.debug_info     0x0000000000000000     0x3a6a
 *(.debug_info .gnu.linkonce.wi.*)
 .debug_info    0x0000000000000000       0x22 ../nios2_p4_bsp//obj/HAL/src/crt0.o
 .debug_info    0x0000000000000022      0x10c obj/default/hello_world.o
 .debug_info    0x000000000000012e      0x144 ../nios2_p4_bsp//libhal_bsp.a(alt_load.o)
 .debug_info    0x0000000000000272      0x179 ../nios2_p4_bsp//libhal_bsp.a(alt_main.o)
 .debug_info    0x00000000000003eb       0xdb ../nios2_p4_bsp//libhal_bsp.a(alt_sys_init.o)
 .debug_info    0x00000000000004c6      0x32f ../nios2_p4_bsp//libhal_bsp.a(alt_close.o)
 .debug_info    0x00000000000007f5       0x8d ../nios2_p4_bsp//libhal_bsp.a(alt_dcache_flush_all.o)
 .debug_info    0x0000000000000882      0x567 ../nios2_p4_bsp//libhal_bsp.a(alt_dev.o)
 .debug_info    0x0000000000000de9       0x83 ../nios2_p4_bsp//libhal_bsp.a(alt_do_ctors.o)
 .debug_info    0x0000000000000e6c       0x83 ../nios2_p4_bsp//libhal_bsp.a(alt_do_dtors.o)
 .debug_info    0x0000000000000eef       0xa8 ../nios2_p4_bsp//libhal_bsp.a(alt_errno.o)
 .debug_info    0x0000000000000f97       0x8d ../nios2_p4_bsp//libhal_bsp.a(alt_icache_flush_all.o)
 .debug_info    0x0000000000001024      0x2ac ../nios2_p4_bsp//libhal_bsp.a(alt_release_fd.o)
 .debug_info    0x00000000000012d0       0x8d ../nios2_p4_bsp//libhal_bsp.a(altera_nios2_gen2_irq.o)
 .debug_info    0x000000000000135d      0x118 /home/danielcrovo/intelFPGA_lite/21.1/nios2eds/bin/gnu/H-x86_64-pc-linux-gnu/bin/../lib/gcc/nios2-elf/11.2.1/../../../../../H-x86_64-pc-linux-gnu/nios2-elf/lib/mno-hw-mul/libc.a(lib_a-atexit.o)
 .debug_info    0x0000000000001475      0x90e /home/danielcrovo/intelFPGA_lite/21.1/nios2eds/bin/gnu/H-x86_64-pc-linux-gnu/bin/../lib/gcc/nios2-elf/11.2.1/../../../../../H-x86_64-pc-linux-gnu/nios2-elf/lib/mno-hw-mul/libc.a(lib_a-exit.o)
 .debug_info    0x0000000000001d83      0x8c0 /home/danielcrovo/intelFPGA_lite/21.1/nios2eds/bin/gnu/H-x86_64-pc-linux-gnu/bin/../lib/gcc/nios2-elf/11.2.1/../../../../../H-x86_64-pc-linux-gnu/nios2-elf/lib/mno-hw-mul/libc.a(lib_a-impure.o)
 .debug_info    0x0000000000002643       0x85 /home/danielcrovo/intelFPGA_lite/21.1/nios2eds/bin/gnu/H-x86_64-pc-linux-gnu/bin/../lib/gcc/nios2-elf/11.2.1/../../../../../H-x86_64-pc-linux-gnu/nios2-elf/lib/mno-hw-mul/libc.a(lib_a-int_errno.o)
 .debug_info    0x00000000000026c8      0x93f /home/danielcrovo/intelFPGA_lite/21.1/nios2eds/bin/gnu/H-x86_64-pc-linux-gnu/bin/../lib/gcc/nios2-elf/11.2.1/../../../../../H-x86_64-pc-linux-gnu/nios2-elf/lib/mno-hw-mul/libc.a(lib_a-__atexit.o)
 .debug_info    0x0000000000003007      0x981 /home/danielcrovo/intelFPGA_lite/21.1/nios2eds/bin/gnu/H-x86_64-pc-linux-gnu/bin/../lib/gcc/nios2-elf/11.2.1/../../../../../H-x86_64-pc-linux-gnu/nios2-elf/lib/mno-hw-mul/libc.a(lib_a-__call_atexit.o)
 .debug_info    0x0000000000003988       0xe2 ../nios2_p4_bsp//libhal_bsp.a(alt_exit.o)

.debug_abbrev   0x0000000000000000     0x1322
 *(.debug_abbrev)
 .debug_abbrev  0x0000000000000000       0x12 ../nios2_p4_bsp//obj/HAL/src/crt0.o
 .debug_abbrev  0x0000000000000012       0x99 obj/default/hello_world.o
 .debug_abbrev  0x00000000000000ab       0xc2 ../nios2_p4_bsp//libhal_bsp.a(alt_load.o)
 .debug_abbrev  0x000000000000016d       0xf3 ../nios2_p4_bsp//libhal_bsp.a(alt_main.o)
 .debug_abbrev  0x0000000000000260       0xb2 ../nios2_p4_bsp//libhal_bsp.a(alt_sys_init.o)
 .debug_abbrev  0x0000000000000312      0x147 ../nios2_p4_bsp//libhal_bsp.a(alt_close.o)
 .debug_abbrev  0x0000000000000459       0x43 ../nios2_p4_bsp//libhal_bsp.a(alt_dcache_flush_all.o)
 .debug_abbrev  0x000000000000049c      0x11b ../nios2_p4_bsp//libhal_bsp.a(alt_dev.o)
 .debug_abbrev  0x00000000000005b7       0x83 ../nios2_p4_bsp//libhal_bsp.a(alt_do_ctors.o)
 .debug_abbrev  0x000000000000063a       0x83 ../nios2_p4_bsp//libhal_bsp.a(alt_do_dtors.o)
 .debug_abbrev  0x00000000000006bd       0x70 ../nios2_p4_bsp//libhal_bsp.a(alt_errno.o)
 .debug_abbrev  0x000000000000072d       0x43 ../nios2_p4_bsp//libhal_bsp.a(alt_icache_flush_all.o)
 .debug_abbrev  0x0000000000000770       0xea ../nios2_p4_bsp//libhal_bsp.a(alt_release_fd.o)
 .debug_abbrev  0x000000000000085a       0x43 ../nios2_p4_bsp//libhal_bsp.a(altera_nios2_gen2_irq.o)
 .debug_abbrev  0x000000000000089d       0xc1 /home/danielcrovo/intelFPGA_lite/21.1/nios2eds/bin/gnu/H-x86_64-pc-linux-gnu/bin/../lib/gcc/nios2-elf/11.2.1/../../../../../H-x86_64-pc-linux-gnu/nios2-elf/lib/mno-hw-mul/libc.a(lib_a-atexit.o)
 .debug_abbrev  0x000000000000095e      0x23e /home/danielcrovo/intelFPGA_lite/21.1/nios2eds/bin/gnu/H-x86_64-pc-linux-gnu/bin/../lib/gcc/nios2-elf/11.2.1/../../../../../H-x86_64-pc-linux-gnu/nios2-elf/lib/mno-hw-mul/libc.a(lib_a-exit.o)
 .debug_abbrev  0x0000000000000b9c      0x1db /home/danielcrovo/intelFPGA_lite/21.1/nios2eds/bin/gnu/H-x86_64-pc-linux-gnu/bin/../lib/gcc/nios2-elf/11.2.1/../../../../../H-x86_64-pc-linux-gnu/nios2-elf/lib/mno-hw-mul/libc.a(lib_a-impure.o)
 .debug_abbrev  0x0000000000000d77       0x39 /home/danielcrovo/intelFPGA_lite/21.1/nios2eds/bin/gnu/H-x86_64-pc-linux-gnu/bin/../lib/gcc/nios2-elf/11.2.1/../../../../../H-x86_64-pc-linux-gnu/nios2-elf/lib/mno-hw-mul/libc.a(lib_a-int_errno.o)
 .debug_abbrev  0x0000000000000db0      0x261 /home/danielcrovo/intelFPGA_lite/21.1/nios2eds/bin/gnu/H-x86_64-pc-linux-gnu/bin/../lib/gcc/nios2-elf/11.2.1/../../../../../H-x86_64-pc-linux-gnu/nios2-elf/lib/mno-hw-mul/libc.a(lib_a-__atexit.o)
 .debug_abbrev  0x0000000000001011      0x266 /home/danielcrovo/intelFPGA_lite/21.1/nios2eds/bin/gnu/H-x86_64-pc-linux-gnu/bin/../lib/gcc/nios2-elf/11.2.1/../../../../../H-x86_64-pc-linux-gnu/nios2-elf/lib/mno-hw-mul/libc.a(lib_a-__call_atexit.o)
 .debug_abbrev  0x0000000000001277       0xab ../nios2_p4_bsp//libhal_bsp.a(alt_exit.o)

.debug_line     0x0000000000000000      0xb33
 *(.debug_line)
 .debug_line    0x0000000000000000       0x66 ../nios2_p4_bsp//obj/HAL/src/crt0.o
 .debug_line    0x0000000000000066       0x79 obj/default/hello_world.o
 .debug_line    0x00000000000000df       0x8f ../nios2_p4_bsp//libhal_bsp.a(alt_load.o)
 .debug_line    0x000000000000016e       0x8c ../nios2_p4_bsp//libhal_bsp.a(alt_main.o)
 .debug_line    0x00000000000001fa       0x75 ../nios2_p4_bsp//libhal_bsp.a(alt_sys_init.o)
 .debug_line    0x000000000000026f      0x117 ../nios2_p4_bsp//libhal_bsp.a(alt_close.o)
 .debug_line    0x0000000000000386       0x4e ../nios2_p4_bsp//libhal_bsp.a(alt_dcache_flush_all.o)
 .debug_line    0x00000000000003d4       0x99 ../nios2_p4_bsp//libhal_bsp.a(alt_dev.o)
 .debug_line    0x000000000000046d       0x69 ../nios2_p4_bsp//libhal_bsp.a(alt_do_ctors.o)
 .debug_line    0x00000000000004d6       0x69 ../nios2_p4_bsp//libhal_bsp.a(alt_do_dtors.o)
 .debug_line    0x000000000000053f       0x4c ../nios2_p4_bsp//libhal_bsp.a(alt_errno.o)
 .debug_line    0x000000000000058b       0x4c ../nios2_p4_bsp//libhal_bsp.a(alt_icache_flush_all.o)
 .debug_line    0x00000000000005d7       0x77 ../nios2_p4_bsp//libhal_bsp.a(alt_release_fd.o)
 .debug_line    0x000000000000064e       0x51 ../nios2_p4_bsp//libhal_bsp.a(altera_nios2_gen2_irq.o)
 .debug_line    0x000000000000069f       0x65 /home/danielcrovo/intelFPGA_lite/21.1/nios2eds/bin/gnu/H-x86_64-pc-linux-gnu/bin/../lib/gcc/nios2-elf/11.2.1/../../../../../H-x86_64-pc-linux-gnu/nios2-elf/lib/mno-hw-mul/libc.a(lib_a-atexit.o)
 .debug_line    0x0000000000000704       0xa6 /home/danielcrovo/intelFPGA_lite/21.1/nios2eds/bin/gnu/H-x86_64-pc-linux-gnu/bin/../lib/gcc/nios2-elf/11.2.1/../../../../../H-x86_64-pc-linux-gnu/nios2-elf/lib/mno-hw-mul/libc.a(lib_a-exit.o)
 .debug_line    0x00000000000007aa       0x56 /home/danielcrovo/intelFPGA_lite/21.1/nios2eds/bin/gnu/H-x86_64-pc-linux-gnu/bin/../lib/gcc/nios2-elf/11.2.1/../../../../../H-x86_64-pc-linux-gnu/nios2-elf/lib/mno-hw-mul/libc.a(lib_a-impure.o)
 .debug_line    0x0000000000000800       0x3a /home/danielcrovo/intelFPGA_lite/21.1/nios2eds/bin/gnu/H-x86_64-pc-linux-gnu/bin/../lib/gcc/nios2-elf/11.2.1/../../../../../H-x86_64-pc-linux-gnu/nios2-elf/lib/mno-hw-mul/libc.a(lib_a-int_errno.o)
 .debug_line    0x000000000000083a      0x100 /home/danielcrovo/intelFPGA_lite/21.1/nios2eds/bin/gnu/H-x86_64-pc-linux-gnu/bin/../lib/gcc/nios2-elf/11.2.1/../../../../../H-x86_64-pc-linux-gnu/nios2-elf/lib/mno-hw-mul/libc.a(lib_a-__atexit.o)
 .debug_line    0x000000000000093a      0x17f /home/danielcrovo/intelFPGA_lite/21.1/nios2eds/bin/gnu/H-x86_64-pc-linux-gnu/bin/../lib/gcc/nios2-elf/11.2.1/../../../../../H-x86_64-pc-linux-gnu/nios2-elf/lib/mno-hw-mul/libc.a(lib_a-__call_atexit.o)
 .debug_line    0x0000000000000ab9       0x7a ../nios2_p4_bsp//libhal_bsp.a(alt_exit.o)

.debug_frame    0x0000000000000000      0x420
 *(.debug_frame)
 .debug_frame   0x0000000000000000       0x80 obj/default/hello_world.o
 .debug_frame   0x0000000000000080       0x5c ../nios2_p4_bsp//libhal_bsp.a(alt_load.o)
 .debug_frame   0x00000000000000dc       0x2c ../nios2_p4_bsp//libhal_bsp.a(alt_main.o)
 .debug_frame   0x0000000000000108       0x5c ../nios2_p4_bsp//libhal_bsp.a(alt_sys_init.o)
 .debug_frame   0x0000000000000164       0x60 ../nios2_p4_bsp//libhal_bsp.a(alt_close.o)
 .debug_frame   0x00000000000001c4       0x34 ../nios2_p4_bsp//libhal_bsp.a(alt_dcache_flush_all.o)
 .debug_frame   0x00000000000001f8       0x34 ../nios2_p4_bsp//libhal_bsp.a(alt_dev.o)
 .debug_frame   0x000000000000022c       0x38 ../nios2_p4_bsp//libhal_bsp.a(alt_do_ctors.o)
 .debug_frame   0x0000000000000264       0x38 ../nios2_p4_bsp//libhal_bsp.a(alt_do_dtors.o)
 .debug_frame   0x000000000000029c       0x34 ../nios2_p4_bsp//libhal_bsp.a(alt_icache_flush_all.o)
 .debug_frame   0x00000000000002d0       0x34 ../nios2_p4_bsp//libhal_bsp.a(alt_release_fd.o)
 .debug_frame   0x0000000000000304       0x34 ../nios2_p4_bsp//libhal_bsp.a(altera_nios2_gen2_irq.o)
 .debug_frame   0x0000000000000338       0x20 /home/danielcrovo/intelFPGA_lite/21.1/nios2eds/bin/gnu/H-x86_64-pc-linux-gnu/bin/../lib/gcc/nios2-elf/11.2.1/../../../../../H-x86_64-pc-linux-gnu/nios2-elf/lib/mno-hw-mul/libc.a(lib_a-atexit.o)
 .debug_frame   0x0000000000000358       0x28 /home/danielcrovo/intelFPGA_lite/21.1/nios2eds/bin/gnu/H-x86_64-pc-linux-gnu/bin/../lib/gcc/nios2-elf/11.2.1/../../../../../H-x86_64-pc-linux-gnu/nios2-elf/lib/mno-hw-mul/libc.a(lib_a-exit.o)
 .debug_frame   0x0000000000000380       0x20 /home/danielcrovo/intelFPGA_lite/21.1/nios2eds/bin/gnu/H-x86_64-pc-linux-gnu/bin/../lib/gcc/nios2-elf/11.2.1/../../../../../H-x86_64-pc-linux-gnu/nios2-elf/lib/mno-hw-mul/libc.a(lib_a-__atexit.o)
 .debug_frame   0x00000000000003a0       0x54 /home/danielcrovo/intelFPGA_lite/21.1/nios2eds/bin/gnu/H-x86_64-pc-linux-gnu/bin/../lib/gcc/nios2-elf/11.2.1/../../../../../H-x86_64-pc-linux-gnu/nios2-elf/lib/mno-hw-mul/libc.a(lib_a-__call_atexit.o)
 .debug_frame   0x00000000000003f4       0x2c ../nios2_p4_bsp//libhal_bsp.a(alt_exit.o)

.debug_str      0x0000000000000000      0x9ef
 *(.debug_str)
 .debug_str     0x0000000000000000       0x84 ../nios2_p4_bsp//obj/HAL/src/crt0.o
 .debug_str     0x0000000000000084       0xd5 obj/default/hello_world.o
                                        0x113 (size before relaxing)
 .debug_str     0x0000000000000159      0x108 ../nios2_p4_bsp//libhal_bsp.a(alt_load.o)
                                        0x1f0 (size before relaxing)
 .debug_str     0x0000000000000261       0x5f ../nios2_p4_bsp//libhal_bsp.a(alt_main.o)
                                        0x165 (size before relaxing)
 .debug_str     0x00000000000002c0       0x39 ../nios2_p4_bsp//libhal_bsp.a(alt_sys_init.o)
                                        0x140 (size before relaxing)
 .debug_str     0x00000000000002f9       0xaa ../nios2_p4_bsp//libhal_bsp.a(alt_close.o)
                                        0x1c0 (size before relaxing)
 .debug_str     0x00000000000003a3       0xfd ../nios2_p4_bsp//libhal_bsp.a(alt_dcache_flush_all.o)
 .debug_str     0x00000000000003a3      0x14b ../nios2_p4_bsp//libhal_bsp.a(alt_dev.o)
                                        0x319 (size before relaxing)
 .debug_str     0x00000000000004ee       0x27 ../nios2_p4_bsp//libhal_bsp.a(alt_do_ctors.o)
                                         0x89 (size before relaxing)
 .debug_str     0x0000000000000515       0x2b ../nios2_p4_bsp//libhal_bsp.a(alt_do_dtors.o)
                                         0x88 (size before relaxing)
 .debug_str     0x0000000000000540        0x8 ../nios2_p4_bsp//libhal_bsp.a(alt_errno.o)
                                         0xfa (size before relaxing)
 .debug_str     0x0000000000000548       0xfd ../nios2_p4_bsp//libhal_bsp.a(alt_icache_flush_all.o)
 .debug_str     0x0000000000000548      0x17d ../nios2_p4_bsp//libhal_bsp.a(alt_release_fd.o)
 .debug_str     0x0000000000000548      0x103 ../nios2_p4_bsp//libhal_bsp.a(altera_nios2_gen2_irq.o)
 .debug_str     0x0000000000000548       0xad /home/danielcrovo/intelFPGA_lite/21.1/nios2eds/bin/gnu/H-x86_64-pc-linux-gnu/bin/../lib/gcc/nios2-elf/11.2.1/../../../../../H-x86_64-pc-linux-gnu/nios2-elf/lib/mno-hw-mul/libc.a(lib_a-atexit.o)
                                        0x149 (size before relaxing)
 .debug_str     0x00000000000005f5      0x3ab /home/danielcrovo/intelFPGA_lite/21.1/nios2eds/bin/gnu/H-x86_64-pc-linux-gnu/bin/../lib/gcc/nios2-elf/11.2.1/../../../../../H-x86_64-pc-linux-gnu/nios2-elf/lib/mno-hw-mul/libc.a(lib_a-exit.o)
                                        0x4f2 (size before relaxing)
 .debug_str     0x00000000000009a0        0xc /home/danielcrovo/intelFPGA_lite/21.1/nios2eds/bin/gnu/H-x86_64-pc-linux-gnu/bin/../lib/gcc/nios2-elf/11.2.1/../../../../../H-x86_64-pc-linux-gnu/nios2-elf/lib/mno-hw-mul/libc.a(lib_a-impure.o)
                                        0x4e9 (size before relaxing)
 .debug_str     0x00000000000009ac      0x104 /home/danielcrovo/intelFPGA_lite/21.1/nios2eds/bin/gnu/H-x86_64-pc-linux-gnu/bin/../lib/gcc/nios2-elf/11.2.1/../../../../../H-x86_64-pc-linux-gnu/nios2-elf/lib/mno-hw-mul/libc.a(lib_a-int_errno.o)
 .debug_str     0x00000000000009ac        0x5 /home/danielcrovo/intelFPGA_lite/21.1/nios2eds/bin/gnu/H-x86_64-pc-linux-gnu/bin/../lib/gcc/nios2-elf/11.2.1/../../../../../H-x86_64-pc-linux-gnu/nios2-elf/lib/mno-hw-mul/libc.a(lib_a-__atexit.o)
                                        0x51f (size before relaxing)
 .debug_str     0x00000000000009b1       0x27 /home/danielcrovo/intelFPGA_lite/21.1/nios2eds/bin/gnu/H-x86_64-pc-linux-gnu/bin/../lib/gcc/nios2-elf/11.2.1/../../../../../H-x86_64-pc-linux-gnu/nios2-elf/lib/mno-hw-mul/libc.a(lib_a-__call_atexit.o)
                                        0x513 (size before relaxing)
 .debug_str     0x00000000000009d8       0x17 ../nios2_p4_bsp//libhal_bsp.a(alt_exit.o)
                                        0x105 (size before relaxing)

.debug_loc
 *(.debug_loc)

.debug_macinfo
 *(.debug_macinfo)

.debug_weaknames
 *(.debug_weaknames)

.debug_funcnames
 *(.debug_funcnames)

.debug_typenames
 *(.debug_typenames)

.debug_varnames
 *(.debug_varnames)

.debug_alt_sim_info
                0x0000000000000000       0x10
 *(.debug_alt_sim_info)
 .debug_alt_sim_info
                0x0000000000000000       0x10 ../nios2_p4_bsp//obj/HAL/src/crt0.o
                0x000000000001a000                __alt_data_end = 0x1a000
                0x000000000001a000                PROVIDE (__alt_stack_pointer = __alt_data_end)
                [!provide]                        PROVIDE (__alt_stack_limit = __alt_stack_base)
                [!provide]                        PROVIDE (__alt_heap_start = end)
                [!provide]                        PROVIDE (__alt_heap_limit = 0x1a000)
OUTPUT(nios2_p4.elf elf32-littlenios2)
LOAD linker stubs

.debug_ranges   0x0000000000000000       0x20
 .debug_ranges  0x0000000000000000       0x20 ../nios2_p4_bsp//obj/HAL/src/crt0.o

.debug_line_str
                0x0000000000000000      0x8b7
 .debug_line_str
                0x0000000000000000       0x95 obj/default/hello_world.o
                                        0x113 (size before relaxing)
 .debug_line_str
                0x0000000000000095       0xb0 ../nios2_p4_bsp//libhal_bsp.a(alt_load.o)
                                        0x140 (size before relaxing)
 .debug_line_str
                0x0000000000000145      0x11e ../nios2_p4_bsp//libhal_bsp.a(alt_main.o)
                                        0x21e (size before relaxing)
 .debug_line_str
                0x0000000000000263       0x27 ../nios2_p4_bsp//libhal_bsp.a(alt_sys_init.o)
                                        0x133 (size before relaxing)
 .debug_line_str
                0x000000000000028a       0x41 ../nios2_p4_bsp//libhal_bsp.a(alt_close.o)
                                        0x1d4 (size before relaxing)
 .debug_line_str
                0x00000000000002cb       0x1f ../nios2_p4_bsp//libhal_bsp.a(alt_dcache_flush_all.o)
                                        0x129 (size before relaxing)
 .debug_line_str
                0x00000000000002ea       0xa8 ../nios2_p4_bsp//libhal_bsp.a(alt_dev.o)
                                        0x260 (size before relaxing)
 .debug_line_str
                0x0000000000000392       0x17 ../nios2_p4_bsp//libhal_bsp.a(alt_do_ctors.o)
                                        0x111 (size before relaxing)
 .debug_line_str
                0x00000000000003a9       0x17 ../nios2_p4_bsp//libhal_bsp.a(alt_do_dtors.o)
                                        0x111 (size before relaxing)
 .debug_line_str
                0x00000000000003c0       0x14 ../nios2_p4_bsp//libhal_bsp.a(alt_errno.o)
                                        0x18d (size before relaxing)
 .debug_line_str
                0x00000000000003d4       0x1f ../nios2_p4_bsp//libhal_bsp.a(alt_icache_flush_all.o)
                                        0x129 (size before relaxing)
 .debug_line_str
                0x00000000000003f3       0x19 ../nios2_p4_bsp//libhal_bsp.a(alt_release_fd.o)
                                        0x16b (size before relaxing)
 .debug_line_str
                0x000000000000040c       0x20 ../nios2_p4_bsp//libhal_bsp.a(altera_nios2_gen2_irq.o)
                                        0x12c (size before relaxing)
 .debug_line_str
                0x000000000000042c      0x172 /home/danielcrovo/intelFPGA_lite/21.1/nios2eds/bin/gnu/H-x86_64-pc-linux-gnu/bin/../lib/gcc/nios2-elf/11.2.1/../../../../../H-x86_64-pc-linux-gnu/nios2-elf/lib/mno-hw-mul/libc.a(lib_a-atexit.o)
                                        0x254 (size before relaxing)
 .debug_line_str
                0x000000000000059e      0x131 /home/danielcrovo/intelFPGA_lite/21.1/nios2eds/bin/gnu/H-x86_64-pc-linux-gnu/bin/../lib/gcc/nios2-elf/11.2.1/../../../../../H-x86_64-pc-linux-gnu/nios2-elf/lib/mno-hw-mul/libc.a(lib_a-exit.o)
                                        0x354 (size before relaxing)
 .debug_line_str
                0x00000000000006cf      0x103 /home/danielcrovo/intelFPGA_lite/21.1/nios2eds/bin/gnu/H-x86_64-pc-linux-gnu/bin/../lib/gcc/nios2-elf/11.2.1/../../../../../H-x86_64-pc-linux-gnu/nios2-elf/lib/mno-hw-mul/libc.a(lib_a-impure.o)
                                        0x2d7 (size before relaxing)
 .debug_line_str
                0x00000000000007d2       0x41 /home/danielcrovo/intelFPGA_lite/21.1/nios2eds/bin/gnu/H-x86_64-pc-linux-gnu/bin/../lib/gcc/nios2-elf/11.2.1/../../../../../H-x86_64-pc-linux-gnu/nios2-elf/lib/mno-hw-mul/libc.a(lib_a-int_errno.o)
                                        0x1e3 (size before relaxing)
 .debug_line_str
                0x0000000000000813       0x41 /home/danielcrovo/intelFPGA_lite/21.1/nios2eds/bin/gnu/H-x86_64-pc-linux-gnu/bin/../lib/gcc/nios2-elf/11.2.1/../../../../../H-x86_64-pc-linux-gnu/nios2-elf/lib/mno-hw-mul/libc.a(lib_a-__atexit.o)
                                        0x2eb (size before relaxing)
 .debug_line_str
                0x0000000000000854       0x46 /home/danielcrovo/intelFPGA_lite/21.1/nios2eds/bin/gnu/H-x86_64-pc-linux-gnu/bin/../lib/gcc/nios2-elf/11.2.1/../../../../../H-x86_64-pc-linux-gnu/nios2-elf/lib/mno-hw-mul/libc.a(lib_a-__call_atexit.o)
                                        0x2f1 (size before relaxing)
 .debug_line_str
                0x000000000000089a       0x1d ../nios2_p4_bsp//libhal_bsp.a(alt_exit.o)
                                        0x11d (size before relaxing)

.debug_loclists
                0x0000000000000000      0x227
 .debug_loclists
                0x0000000000000000       0x2a /home/danielcrovo/intelFPGA_lite/21.1/nios2eds/bin/gnu/H-x86_64-pc-linux-gnu/bin/../lib/gcc/nios2-elf/11.2.1/../../../../../H-x86_64-pc-linux-gnu/nios2-elf/lib/mno-hw-mul/libc.a(lib_a-atexit.o)
 .debug_loclists
                0x000000000000002a       0x20 /home/danielcrovo/intelFPGA_lite/21.1/nios2eds/bin/gnu/H-x86_64-pc-linux-gnu/bin/../lib/gcc/nios2-elf/11.2.1/../../../../../H-x86_64-pc-linux-gnu/nios2-elf/lib/mno-hw-mul/libc.a(lib_a-exit.o)
 .debug_loclists
                0x000000000000004a       0xa8 /home/danielcrovo/intelFPGA_lite/21.1/nios2eds/bin/gnu/H-x86_64-pc-linux-gnu/bin/../lib/gcc/nios2-elf/11.2.1/../../../../../H-x86_64-pc-linux-gnu/nios2-elf/lib/mno-hw-mul/libc.a(lib_a-__atexit.o)
 .debug_loclists
                0x00000000000000f2      0x135 /home/danielcrovo/intelFPGA_lite/21.1/nios2eds/bin/gnu/H-x86_64-pc-linux-gnu/bin/../lib/gcc/nios2-elf/11.2.1/../../../../../H-x86_64-pc-linux-gnu/nios2-elf/lib/mno-hw-mul/libc.a(lib_a-__call_atexit.o)

.debug_rnglists
                0x0000000000000000       0x64
 .debug_rnglists
                0x0000000000000000       0x13 /home/danielcrovo/intelFPGA_lite/21.1/nios2eds/bin/gnu/H-x86_64-pc-linux-gnu/bin/../lib/gcc/nios2-elf/11.2.1/../../../../../H-x86_64-pc-linux-gnu/nios2-elf/lib/mno-hw-mul/libc.a(lib_a-atexit.o)
 .debug_rnglists
                0x0000000000000013       0x13 /home/danielcrovo/intelFPGA_lite/21.1/nios2eds/bin/gnu/H-x86_64-pc-linux-gnu/bin/../lib/gcc/nios2-elf/11.2.1/../../../../../H-x86_64-pc-linux-gnu/nios2-elf/lib/mno-hw-mul/libc.a(lib_a-exit.o)
 .debug_rnglists
                0x0000000000000026       0x14 /home/danielcrovo/intelFPGA_lite/21.1/nios2eds/bin/gnu/H-x86_64-pc-linux-gnu/bin/../lib/gcc/nios2-elf/11.2.1/../../../../../H-x86_64-pc-linux-gnu/nios2-elf/lib/mno-hw-mul/libc.a(lib_a-__atexit.o)
 .debug_rnglists
                0x000000000000003a       0x2a /home/danielcrovo/intelFPGA_lite/21.1/nios2eds/bin/gnu/H-x86_64-pc-linux-gnu/bin/../lib/gcc/nios2-elf/11.2.1/../../../../../H-x86_64-pc-linux-gnu/nios2-elf/lib/mno-hw-mul/libc.a(lib_a-__call_atexit.o)
